============================= test session starts ==============================
platform linux -- Python 3.13.12, pytest-9.1.1, pluggy-1.6.0 -- /home/elsharkawy/Desktop/AginticCustomerSupport/.venv/bin/python3
cachedir: .pytest_cache
rootdir: /home/elsharkawy/Desktop/AginticCustomerSupport
configfile: pyproject.toml
plugins: anyio-4.14.1, asyncio-1.4.0, cov-7.1.0, langsmith-0.9.4
asyncio: mode=Mode.AUTO, debug=False, asyncio_default_fixture_loop_scope=session, asyncio_default_test_loop_scope=function
collecting ... collected 7 items

tests/test_rls_integration.py::TestRLSSchema::test_phase1_tables_have_enable_and_force_rls PASSED [ 14%]
tests/test_rls_integration.py::TestRLSSchema::test_phase1_policies_exist_with_correct_using_clause FAILED [ 28%]
tests/test_rls_integration.py::TestCrossTenantIsolation::test_tenant_a_cannot_read_tenant_b_conversations FAILED [ 42%]
tests/test_rls_integration.py::TestCrossTenantIsolation::test_tenant_a_cannot_read_tenant_b_messages FAILED [ 57%]
tests/test_rls_integration.py::TestCrossTenantIsolation::test_unbound_session_sees_all_rows FAILED [ 71%]
tests/test_rls_integration.py::TestCrossTenantIsolation::test_switching_tenant_mid_session_is_prevented PASSED [ 85%]
tests/test_rls_integration.py::TestTransactionLifecycle::test_tenant_binding_survives_commit_and_rollback FAILED [100%]

=================================== FAILURES ===================================
______ TestRLSSchema.test_phase1_policies_exist_with_correct_using_clause ______

self = <tests.test_rls_integration.TestRLSSchema object at 0x764db6205450>

    async def test_phase1_policies_exist_with_correct_using_clause(self):
        """Each Phase 1 table must have an isolation policy using set_config."""
        async with async_session_factory() as session:
>           result = await session.execute(text("""
                SELECT c.relname AS table_name,
                       p.polname AS policy_name,
                       pg_get_expr(p.polqual, p.polrelid) AS using_expr
                FROM   pg_policy p
                JOIN   pg_class  c ON c.oid = p.polrelid
                WHERE  c.relname = ANY(:tables)
                ORDER  BY c.relname
            """), {"tables": PHASE1_TABLES})

tests/test_rls_integration.py:102:
_ _ _ _ _ _ _ _ _ _ _ _ _ _ _ _ _ _ _ _ _ _ _ _ _ _ _ _ _ _ _ _ _ _ _ _ _ _ _ _

self = <sqlalchemy.ext.asyncio.session.AsyncSession object at 0x764db6205f90>
statement = <sqlalchemy.sql.elements.TextClause object at 0x764db6206ad0>
params = {'tables': ['conversations', 'messages', 'mcp_servers', 'webhook_configs']}
execution_options = immutabledict({'prebuffer_rows': True})
bind_arguments = None, kw = {}

    async def execute(
        self,
        statement: Executable,
        params: Optional[_CoreAnyExecuteParams] = None,
        *,
        execution_options: OrmExecuteOptionsParameter = util.EMPTY_DICT,
        bind_arguments: Optional[_BindArguments] = None,
        **kw: Any,
    ) -> Result[Any]:
        """Execute a statement and return a buffered
        :class:`_engine.Result` object.

        .. seealso::

            :meth:`_orm.Session.execute` - main documentation for execute

        """

        if execution_options:
            execution_options = util.immutabledict(execution_options).union(
                _EXECUTE_OPTIONS
            )
        else:
            execution_options = _EXECUTE_OPTIONS

>       result = await greenlet_spawn(
            self.sync_session.execute,
            statement,
            params=params,
            execution_options=execution_options,
            bind_arguments=bind_arguments,
            **kw,
        )

.venv/lib/python3.13/site-packages/sqlalchemy/ext/asyncio/session.py:448:
_ _ _ _ _ _ _ _ _ _ _ _ _ _ _ _ _ _ _ _ _ _ _ _ _ _ _ _ _ _ _ _ _ _ _ _ _ _ _ _

fn = <bound method Session.execute of <sqlalchemy.orm.session.Session object at 0x764db6206850>>
_require_await = False
args = (<sqlalchemy.sql.elements.TextClause object at 0x764db6206ad0>,)
kwargs = {'params': {'tables': ['conversations', 'messages', 'mcp_servers', 'webhook_configs']}, 'execution_options': immutabledict({'prebuffer_rows': True}), 'bind_arguments': None}

    async def greenlet_spawn(
        fn: Callable[..., _T],
        *args: Any,
        _require_await: bool = False,
        **kwargs: Any,
    ) -> _T:
        """Runs a sync function ``fn`` in a new greenlet.

        The sync function can then use :func:`await_only` to wait for async
        functions.

        :param fn: The sync callable to call.
        :param \\*args: Positional arguments to pass to the ``fn`` callable.
        :param \\*\\*kwargs: Keyword arguments to pass to the ``fn`` callable.
        """

        result: Any
        context = _AsyncIoGreenlet(fn, getcurrent())
        # runs the function synchronously in gl greenlet. If the execution
        # is interrupted by await_only, context is not dead and result is a
        # coroutine to wait. If the context is dead the function has
        # returned, and its result can be returned.
        switch_occurred = False
        result = context.switch(*args, **kwargs)
        while not context.dead:
            switch_occurred = True
            try:
                # wait for a coroutine from await_only and then return its
                # result back to it.
                value = await result
            except BaseException:
                # this allows an exception to be raised within
                # the moderated greenlet so that it can continue
                # its expected flow.
>               result = context.throw(*sys.exc_info())
                         ^^^^^^^^^^^^^^^^^^^^^^^^^^^^^^

.venv/lib/python3.13/site-packages/sqlalchemy/util/_concurrency_py3k.py:201:
_ _ _ _ _ _ _ _ _ _ _ _ _ _ _ _ _ _ _ _ _ _ _ _ _ _ _ _ _ _ _ _ _ _ _ _ _ _ _ _

self = <sqlalchemy.orm.session.Session object at 0x764db6206850>
statement = <sqlalchemy.sql.elements.TextClause object at 0x764db6206ad0>
params = {'tables': ['conversations', 'messages', 'mcp_servers', 'webhook_configs']}
execution_options = immutabledict({'prebuffer_rows': True})
bind_arguments = None, _parent_execute_state = None, _add_event = None

    def execute(
        self,
        statement: Executable,
        params: Optional[_CoreAnyExecuteParams] = None,
        *,
        execution_options: OrmExecuteOptionsParameter = util.EMPTY_DICT,
        bind_arguments: Optional[_BindArguments] = None,
        _parent_execute_state: Optional[Any] = None,
        _add_event: Optional[Any] = None,
    ) -> Result[Any]:
        r"""Execute a SQL expression construct.

        Returns a :class:`_engine.Result` object representing
        results of the statement execution.

        E.g.::

            from sqlalchemy import select

            result = session.execute(select(User).where(User.id == 5))

        The API contract of :meth:`_orm.Session.execute` is similar to that
        of :meth:`_engine.Connection.execute`, the :term:`2.0 style` version
        of :class:`_engine.Connection`.

        .. versionchanged:: 1.4 the :meth:`_orm.Session.execute` method is
           now the primary point of ORM statement execution when using
           :term:`2.0 style` ORM usage.

        :param statement:
            An executable statement (i.e. an :class:`.Executable` expression
            such as :func:`_expression.select`).

        :param params:
            Optional dictionary, or list of dictionaries, containing
            bound parameter values.   If a single dictionary, single-row
            execution occurs; if a list of dictionaries, an
            "executemany" will be invoked.  The keys in each dictionary
            must correspond to parameter names present in the statement.

        :param execution_options: optional dictionary of execution options,
         which will be associated with the statement execution.  This
         dictionary can provide a subset of the options that are accepted
         by :meth:`_engine.Connection.execution_options`, and may also
         provide additional options understood only in an ORM context.

         .. seealso::

            :ref:`orm_queryguide_execution_options` - ORM-specific execution
            options

        :param bind_arguments: dictionary of additional arguments to determine
         the bind.  May include "mapper", "bind", or other custom arguments.
         Contents of this dictionary are passed to the
         :meth:`.Session.get_bind` method.

        :return: a :class:`_engine.Result` object.


        """
>       return self._execute_internal(
            statement,
            params,
            execution_options=execution_options,
            bind_arguments=bind_arguments,
            _parent_execute_state=_parent_execute_state,
            _add_event=_add_event,
        )

.venv/lib/python3.13/site-packages/sqlalchemy/orm/session.py:2373:
_ _ _ _ _ _ _ _ _ _ _ _ _ _ _ _ _ _ _ _ _ _ _ _ _ _ _ _ _ _ _ _ _ _ _ _ _ _ _ _

self = <sqlalchemy.orm.session.Session object at 0x764db6206850>
statement = <sqlalchemy.sql.elements.TextClause object at 0x764db6206ad0>
params = {'tables': ['conversations', 'messages', 'mcp_servers', 'webhook_configs']}
execution_options = immutabledict({'prebuffer_rows': True})
bind_arguments = {'clause': <sqlalchemy.sql.elements.TextClause object at 0x764db6206ad0>}
_parent_execute_state = None, _add_event = None, _scalar_result = False

    def _execute_internal(
        self,
        statement: Executable,
        params: Optional[_CoreAnyExecuteParams] = None,
        *,
        execution_options: OrmExecuteOptionsParameter = util.EMPTY_DICT,
        bind_arguments: Optional[_BindArguments] = None,
        _parent_execute_state: Optional[Any] = None,
        _add_event: Optional[Any] = None,
        _scalar_result: bool = False,
    ) -> Any:
        statement = coercions.expect(roles.StatementRole, statement)

        if not bind_arguments:
            bind_arguments = {}
        else:
            bind_arguments = dict(bind_arguments)

        if (
            statement._propagate_attrs.get("compile_state_plugin", None)
            == "orm"
        ):
            compile_state_cls = CompileState._get_plugin_class_for_plugin(
                statement, "orm"
            )
            if TYPE_CHECKING:
                assert isinstance(
                    compile_state_cls, context.AbstractORMCompileState
                )
        else:
            compile_state_cls = None
            bind_arguments.setdefault("clause", statement)

        execution_options = util.coerce_to_immutabledict(execution_options)

        if _parent_execute_state:
            events_todo = _parent_execute_state._remaining_events()
        else:
            events_todo = self.dispatch.do_orm_execute
            if _add_event:
                events_todo = list(events_todo) + [_add_event]

        if events_todo:
            # save the original execution options before
            # orm_pre_session_exec processes them, so that we can pass
            # the unprocessed options (plus any explicit updates from event
            # hooks) to the second orm_pre_session_exec call.  This
            # prevents internal state like _sa_orm_load_options and
            # yield_per from the first call leaking into the second call,
            # which would otherwise cause issues like yield_per incorrectly
            # propagating into post-load (selectinload etc.) queries.
            # part of #13301.
            original_execution_options = execution_options

            if compile_state_cls is not None:
                # for event handlers, do the orm_pre_session_exec
                # pass ahead of the event handlers, so that things like
                # .load_options, .update_delete_options etc. are populated.
                # is_pre_event=True allows the hook to hold off on things
                # it doesn't want to do twice, including autoflush as well
                # as "pre fetch" for DML, etc.
                (
                    statement,
                    execution_options,
                ) = compile_state_cls.orm_pre_session_exec(
                    self,
                    statement,
                    params,
                    execution_options,
                    bind_arguments,
                    True,
                )

            orm_exec_state = ORMExecuteState(
                self,
                statement,
                params,
                execution_options,
                bind_arguments,
                compile_state_cls,
                events_todo,
            )
            for idx, fn in enumerate(events_todo):
                orm_exec_state._starting_event_idx = idx
                fn_result: Optional[Result[Any]] = fn(orm_exec_state)
                if fn_result:
                    if _scalar_result:
                        return fn_result.scalar()
                    else:
                        return fn_result

            statement = orm_exec_state.statement

            # use the original execution options plus only the explicit
            # updates from event hooks, not the processed options from
            # the first orm_pre_session_exec call
            execution_options = original_execution_options.union(
                orm_exec_state._update_execution_options
            )

        if compile_state_cls is not None:
            # now run orm_pre_session_exec() "for real".   if there were
            # event hooks, this will re-run the steps that interpret
            # new execution_options into load_options / update_delete_options,
            # which we assume the event hook might have updated.
            # autoflush will also be invoked in this step if enabled.
            (
                statement,
                execution_options,
            ) = compile_state_cls.orm_pre_session_exec(
                self,
                statement,
                params,
                execution_options,
                bind_arguments,
                False,
            )

        bind = self.get_bind(**bind_arguments)

>       conn = self._connection_for_bind(bind)
               ^^^^^^^^^^^^^^^^^^^^^^^^^^^^^^^

.venv/lib/python3.13/site-packages/sqlalchemy/orm/session.py:2261:
_ _ _ _ _ _ _ _ _ _ _ _ _ _ _ _ _ _ _ _ _ _ _ _ _ _ _ _ _ _ _ _ _ _ _ _ _ _ _ _

self = <sqlalchemy.orm.session.Session object at 0x764db6206850>
engine = Engine(postgresql+asyncpg://neondb_owner:***@ep-autumn-tree-athm4sjs-pooler.c-9.us-east-1.aws.neon.tech/neondb?ssl=require)
execution_options = None, kw = {}

    def _connection_for_bind(
        self,
        engine: _SessionBind,
        execution_options: Optional[CoreExecuteOptionsParameter] = None,
        **kw: Any,
    ) -> Connection:
        TransactionalContext._trans_ctx_check(self)

        trans = self._transaction
        if trans is None:
            trans = self._autobegin_t()
>       return trans._connection_for_bind(engine, execution_options)
               ^^^^^^^^^^^^^^^^^^^^^^^^^^^^^^^^^^^^^^^^^^^^^^^^^^^^^

.venv/lib/python3.13/site-packages/sqlalchemy/orm/session.py:2113:
_ _ _ _ _ _ _ _ _ _ _ _ _ _ _ _ _ _ _ _ _ _ _ _ _ _ _ _ _ _ _ _ _ _ _ _ _ _ _ _

self = <sqlalchemy.orm.session.SessionTransaction object at 0x764db5f1ab90>
bind = Engine(postgresql+asyncpg://neondb_owner:***@ep-autumn-tree-athm4sjs-pooler.c-9.us-east-1.aws.neon.tech/neondb?ssl=require)
execution_options = None

>   ???

<string>:2:
_ _ _ _ _ _ _ _ _ _ _ _ _ _ _ _ _ _ _ _ _ _ _ _ _ _ _ _ _ _ _ _ _ _ _ _ _ _ _ _

fn = <function SessionTransaction._connection_for_bind at 0x764db66ca660>
self = <sqlalchemy.orm.session.SessionTransaction object at 0x764db5f1ab90>
arg = (Engine(postgresql+asyncpg://neondb_owner:***@ep-autumn-tree-athm4sjs-pooler.c-9.us-east-1.aws.neon.tech/neondb?ssl=require), None)
kw = {}

    @util.decorator
    def _go(fn: _F, self: Any, *arg: Any, **kw: Any) -> Any:
        current_state = self._state

        if (
            has_prerequisite_states
            and current_state not in prerequisite_state_collection
        ):
            self._raise_for_prerequisite_state(fn.__name__, current_state)

        next_state = self._next_state
        existing_fn = self._current_fn
        expect_state = moves_to if expect_state_change else current_state

        if (
            # destination states are restricted
            next_state is not _StateChangeStates.ANY
            # method seeks to change state
            and expect_state_change
            # destination state incorrect
            and next_state is not expect_state
        ):
            if existing_fn and next_state in (
                _StateChangeStates.NO_CHANGE,
                _StateChangeStates.CHANGE_IN_PROGRESS,
            ):
                raise sa_exc.IllegalStateChangeError(
                    f"Method '{fn.__name__}()' can't be called here; "
                    f"method '{existing_fn.__name__}()' is already "
                    f"in progress and this would cause an unexpected "
                    f"state change to {moves_to!r}",
                    code="isce",
                )
            else:
                raise sa_exc.IllegalStateChangeError(
                    f"Can't run operation '{fn.__name__}()' here; "
                    f"will move to state {moves_to!r} where we are "
                    f"expecting {next_state!r}",
                    code="isce",
                )

        self._current_fn = fn
        self._next_state = _StateChangeStates.CHANGE_IN_PROGRESS
        try:
>           ret_value = fn(self, *arg, **kw)
                        ^^^^^^^^^^^^^^^^^^^^

.venv/lib/python3.13/site-packages/sqlalchemy/orm/state_changes.py:137:
_ _ _ _ _ _ _ _ _ _ _ _ _ _ _ _ _ _ _ _ _ _ _ _ _ _ _ _ _ _ _ _ _ _ _ _ _ _ _ _

self = <sqlalchemy.orm.session.SessionTransaction object at 0x764db5f1ab90>
bind = Engine(postgresql+asyncpg://neondb_owner:***@ep-autumn-tree-athm4sjs-pooler.c-9.us-east-1.aws.neon.tech/neondb?ssl=require)
execution_options = None

    @_StateChange.declare_states(
        (SessionTransactionState.ACTIVE,), _StateChangeStates.NO_CHANGE
    )
    def _connection_for_bind(
        self,
        bind: _SessionBind,
        execution_options: Optional[CoreExecuteOptionsParameter],
    ) -> Connection:
        if bind in self._connections:
            if execution_options:
                util.warn(
                    "Connection is already established for the "
                    "given bind; execution_options ignored"
                )
            return self._connections[bind][0]

        self._state = SessionTransactionState.PROVISIONING_CONNECTION

        local_connect = False
        should_commit = True

        try:
            if self._parent:
                conn = self._parent._connection_for_bind(
                    bind, execution_options
                )
                if not self.nested:
                    return conn
            else:
                if isinstance(bind, engine.Connection):
                    conn = bind
                    if conn.engine in self._connections:
                        raise sa_exc.InvalidRequestError(
                            "Session already has a Connection associated "
                            "for the given Connection's Engine"
                        )
                else:
>                   conn = bind.connect()
                           ^^^^^^^^^^^^^^

.venv/lib/python3.13/site-packages/sqlalchemy/orm/session.py:1191:
_ _ _ _ _ _ _ _ _ _ _ _ _ _ _ _ _ _ _ _ _ _ _ _ _ _ _ _ _ _ _ _ _ _ _ _ _ _ _ _

self = Engine(postgresql+asyncpg://neondb_owner:***@ep-autumn-tree-athm4sjs-pooler.c-9.us-east-1.aws.neon.tech/neondb?ssl=require)

    def connect(self) -> Connection:
        """Return a new :class:`_engine.Connection` object.

        The :class:`_engine.Connection` acts as a Python context manager, so
        the typical use of this method looks like::

            with engine.connect() as connection:
                connection.execute(text("insert into table values ('foo')"))
                connection.commit()

        Where above, after the block is completed, the connection is "closed"
        and its underlying DBAPI resources are returned to the connection pool.
        This also has the effect of rolling back any transaction that
        was explicitly begun or was begun via autobegin, and will
        emit the :meth:`_events.ConnectionEvents.rollback` event if one was
        started and is still in progress.

        .. seealso::

            :meth:`_engine.Engine.begin`

        """

>       return self._connection_cls(self)
               ^^^^^^^^^^^^^^^^^^^^^^^^^^

.venv/lib/python3.13/site-packages/sqlalchemy/engine/base.py:3295:
_ _ _ _ _ _ _ _ _ _ _ _ _ _ _ _ _ _ _ _ _ _ _ _ _ _ _ _ _ _ _ _ _ _ _ _ _ _ _ _

self = <sqlalchemy.engine.base.Connection object at 0x764db6206d50>
engine = Engine(postgresql+asyncpg://neondb_owner:***@ep-autumn-tree-athm4sjs-pooler.c-9.us-east-1.aws.neon.tech/neondb?ssl=require)
connection = None, _has_events = None, _allow_revalidate = True
_allow_autobegin = True

    def __init__(
        self,
        engine: Engine,
        connection: Optional[PoolProxiedConnection] = None,
        _has_events: Optional[bool] = None,
        _allow_revalidate: bool = True,
        _allow_autobegin: bool = True,
    ):
        """Construct a new Connection."""
        self.engine = engine
        self.dialect = dialect = engine.dialect

        if connection is None:
            try:
>               self._dbapi_connection = engine.raw_connection()
                                         ^^^^^^^^^^^^^^^^^^^^^^^

.venv/lib/python3.13/site-packages/sqlalchemy/engine/base.py:144:
_ _ _ _ _ _ _ _ _ _ _ _ _ _ _ _ _ _ _ _ _ _ _ _ _ _ _ _ _ _ _ _ _ _ _ _ _ _ _ _

self = Engine(postgresql+asyncpg://neondb_owner:***@ep-autumn-tree-athm4sjs-pooler.c-9.us-east-1.aws.neon.tech/neondb?ssl=require)

    def raw_connection(self) -> PoolProxiedConnection:
        """Return a "raw" DBAPI connection from the connection pool.

        The returned object is a proxied version of the DBAPI
        connection object used by the underlying driver in use.
        The object will have all the same behavior as the real DBAPI
        connection, except that its ``close()`` method will result in the
        connection being returned to the pool, rather than being closed
        for real.

        This method provides direct DBAPI connection access for
        special situations when the API provided by
        :class:`_engine.Connection`
        is not needed.   When a :class:`_engine.Connection` object is already
        present, the DBAPI connection is available using
        the :attr:`_engine.Connection.connection` accessor.

        .. seealso::

            :ref:`dbapi_connections`

        """
>       return self.pool.connect()
               ^^^^^^^^^^^^^^^^^^^

.venv/lib/python3.13/site-packages/sqlalchemy/engine/base.py:3319:
_ _ _ _ _ _ _ _ _ _ _ _ _ _ _ _ _ _ _ _ _ _ _ _ _ _ _ _ _ _ _ _ _ _ _ _ _ _ _ _

self = <sqlalchemy.pool.impl.AsyncAdaptedQueuePool object at 0x764db6214050>

    def connect(self) -> PoolProxiedConnection:
        """Return a DBAPI connection from the pool.

        The connection is instrumented such that when its
        ``close()`` method is called, the connection will be returned to
        the pool.

        """
>       return _ConnectionFairy._checkout(self)
               ^^^^^^^^^^^^^^^^^^^^^^^^^^^^^^^^

.venv/lib/python3.13/site-packages/sqlalchemy/pool/base.py:448:
_ _ _ _ _ _ _ _ _ _ _ _ _ _ _ _ _ _ _ _ _ _ _ _ _ _ _ _ _ _ _ _ _ _ _ _ _ _ _ _

cls = <class 'sqlalchemy.pool.base._ConnectionFairy'>
pool = <sqlalchemy.pool.impl.AsyncAdaptedQueuePool object at 0x764db6214050>
threadconns = None

    @classmethod
    def _checkout(
        cls,
        pool: Pool,
        threadconns: Optional[threading.local] = None,
        fairy: Optional[_ConnectionFairy] = None,
    ) -> _ConnectionFairy:
        if not fairy:
            fairy = _ConnectionRecord.checkout(pool)

            if threadconns is not None:
                threadconns.current = weakref.ref(fairy)

        assert (
            fairy._connection_record is not None
        ), "can't 'checkout' a detached connection fairy"
        assert (
            fairy.dbapi_connection is not None
        ), "can't 'checkout' an invalidated connection fairy"

        fairy._counter += 1
        if (
            not pool.dispatch.checkout and not pool._pre_ping
        ) or fairy._counter != 1:
            return fairy

        # Pool listeners can trigger a reconnection on checkout, as well
        # as the pre-pinger.
        # there are three attempts made here, but note that if the database
        # is not accessible from a connection standpoint, those won't proceed
        # here.

        attempts = 2

        while attempts > 0:
            connection_is_fresh = fairy._connection_record.fresh
            fairy._connection_record.fresh = False
            try:
                if pool._pre_ping:
                    if not connection_is_fresh:
                        if fairy._echo:
                            pool.logger.debug(
                                "Pool pre-ping on connection %s",
                                fairy.dbapi_connection,
                            )
                        result = pool._dialect._do_ping_w_event(
                            fairy.dbapi_connection
                        )
                        if not result:
                            if fairy._echo:
                                pool.logger.debug(
                                    "Pool pre-ping on connection %s failed, "
                                    "will invalidate pool",
                                    fairy.dbapi_connection,
                                )
                            raise exc.InvalidatePoolError()
                    elif fairy._echo:
                        pool.logger.debug(
                            "Connection %s is fresh, skipping pre-ping",
                            fairy.dbapi_connection,
                        )

                pool.dispatch.checkout(
                    fairy.dbapi_connection, fairy._connection_record, fairy
                )
                return fairy
            except exc.DisconnectionError as e:
                if e.invalidate_pool:
                    pool.logger.info(
                        "Disconnection detected on checkout, "
                        "invalidating all pooled connections prior to "
                        "current timestamp (reason: %r)",
                        e,
                    )
                    fairy._connection_record.invalidate(e)
                    pool._invalidate(fairy, e, _checkin=False)
                else:
                    pool.logger.info(
                        "Disconnection detected on checkout, "
                        "invalidating individual connection %s (reason: %r)",
                        fairy.dbapi_connection,
                        e,
                    )
                    fairy._connection_record.invalidate(e)
                try:
                    fairy.dbapi_connection = (
                        fairy._connection_record.get_connection()
                    )
                except BaseException as err:
                    with util.safe_reraise():
                        fairy._connection_record._checkin_failed(
                            err,
                            _fairy_was_created=True,
                        )

                        # prevent _ConnectionFairy from being carried
                        # in the stack trace.  Do this after the
                        # connection record has been checked in, so that
                        # if the del triggers a finalize fairy, it won't
                        # try to checkin a second time.
                        del fairy

                    # never called, this is for code linters
                    raise

                attempts -= 1
            except BaseException as be_outer:
>               with util.safe_reraise():
                     ^^^^^^^^^^^^^^^^^^^

.venv/lib/python3.13/site-packages/sqlalchemy/pool/base.py:1371:
_ _ _ _ _ _ _ _ _ _ _ _ _ _ _ _ _ _ _ _ _ _ _ _ _ _ _ _ _ _ _ _ _ _ _ _ _ _ _ _

self = <sqlalchemy.util.langhelpers.safe_reraise object at 0x764db622de10>
type_ = None, value = None, traceback = None

    def __exit__(
        self,
        type_: Optional[Type[BaseException]],
        value: Optional[BaseException],
        traceback: Optional[types.TracebackType],
    ) -> NoReturn:
        assert self._exc_info is not None
        # see #2703 for notes
        if type_ is None:
            exc_type, exc_value, exc_tb = self._exc_info
            assert exc_value is not None
            self._exc_info = None  # remove potential circular references
>           raise exc_value.with_traceback(exc_tb)

.venv/lib/python3.13/site-packages/sqlalchemy/util/langhelpers.py:122:
_ _ _ _ _ _ _ _ _ _ _ _ _ _ _ _ _ _ _ _ _ _ _ _ _ _ _ _ _ _ _ _ _ _ _ _ _ _ _ _

cls = <class 'sqlalchemy.pool.base._ConnectionFairy'>
pool = <sqlalchemy.pool.impl.AsyncAdaptedQueuePool object at 0x764db6214050>
threadconns = None

    @classmethod
    def _checkout(
        cls,
        pool: Pool,
        threadconns: Optional[threading.local] = None,
        fairy: Optional[_ConnectionFairy] = None,
    ) -> _ConnectionFairy:
        if not fairy:
            fairy = _ConnectionRecord.checkout(pool)

            if threadconns is not None:
                threadconns.current = weakref.ref(fairy)

        assert (
            fairy._connection_record is not None
        ), "can't 'checkout' a detached connection fairy"
        assert (
            fairy.dbapi_connection is not None
        ), "can't 'checkout' an invalidated connection fairy"

        fairy._counter += 1
        if (
            not pool.dispatch.checkout and not pool._pre_ping
        ) or fairy._counter != 1:
            return fairy

        # Pool listeners can trigger a reconnection on checkout, as well
        # as the pre-pinger.
        # there are three attempts made here, but note that if the database
        # is not accessible from a connection standpoint, those won't proceed
        # here.

        attempts = 2

        while attempts > 0:
            connection_is_fresh = fairy._connection_record.fresh
            fairy._connection_record.fresh = False
            try:
                if pool._pre_ping:
                    if not connection_is_fresh:
                        if fairy._echo:
                            pool.logger.debug(
                                "Pool pre-ping on connection %s",
                                fairy.dbapi_connection,
                            )
>                       result = pool._dialect._do_ping_w_event(
                            fairy.dbapi_connection
                        )

.venv/lib/python3.13/site-packages/sqlalchemy/pool/base.py:1309:
_ _ _ _ _ _ _ _ _ _ _ _ _ _ _ _ _ _ _ _ _ _ _ _ _ _ _ _ _ _ _ _ _ _ _ _ _ _ _ _

self = <sqlalchemy.dialects.postgresql.asyncpg.PGDialect_asyncpg object at 0x764db6253b60>
dbapi_connection = <AdaptedConnection <asyncpg.connection.Connection object at 0x764db5f209b0>>

    def _do_ping_w_event(self, dbapi_connection: DBAPIConnection) -> bool:
        try:
>           return self.do_ping(dbapi_connection)
                   ^^^^^^^^^^^^^^^^^^^^^^^^^^^^^^

.venv/lib/python3.13/site-packages/sqlalchemy/engine/default.py:729:
_ _ _ _ _ _ _ _ _ _ _ _ _ _ _ _ _ _ _ _ _ _ _ _ _ _ _ _ _ _ _ _ _ _ _ _ _ _ _ _

self = <sqlalchemy.dialects.postgresql.asyncpg.PGDialect_asyncpg object at 0x764db6253b60>
dbapi_connection = <AdaptedConnection <asyncpg.connection.Connection object at 0x764db5f209b0>>

    def do_ping(self, dbapi_connection):
>       dbapi_connection.ping()

.venv/lib/python3.13/site-packages/sqlalchemy/dialects/postgresql/asyncpg.py:1164:
_ _ _ _ _ _ _ _ _ _ _ _ _ _ _ _ _ _ _ _ _ _ _ _ _ _ _ _ _ _ _ _ _ _ _ _ _ _ _ _

self = <AdaptedConnection <asyncpg.connection.Connection object at 0x764db5f209b0>>

    def ping(self):
        try:
            _ = self.await_(self._async_ping())
        except Exception as error:
>           self._handle_exception(error)

.venv/lib/python3.13/site-packages/sqlalchemy/dialects/postgresql/asyncpg.py:818:
_ _ _ _ _ _ _ _ _ _ _ _ _ _ _ _ _ _ _ _ _ _ _ _ _ _ _ _ _ _ _ _ _ _ _ _ _ _ _ _

self = <AdaptedConnection <asyncpg.connection.Connection object at 0x764db5f209b0>>
error = RuntimeError("Task <Task pending name='Task-6' coro=<TestRLSSchema.test_phase1_policies_exist_with_correct_using_claus...ase_events.py:181]> got Future <Future pending cb=[BaseProtocol._on_waiter_completed()]> attached to a different loop")

    def _handle_exception(self, error):
        if self._connection.is_closed():
            self._transaction = None
            self._started = False

        if not isinstance(error, AsyncAdapt_asyncpg_dbapi.Error):
            exception_mapping = self.dbapi._asyncpg_error_translate

            for super_ in type(error).__mro__:
                if super_ in exception_mapping:
                    translated_error = exception_mapping[super_](
                        "%s: %s" % (type(error), error)
                    )
                    translated_error.pgcode = translated_error.sqlstate = (
                        getattr(error, "sqlstate", None)
                    )
                    raise translated_error from error
            else:
>               raise error

.venv/lib/python3.13/site-packages/sqlalchemy/dialects/postgresql/asyncpg.py:799:
_ _ _ _ _ _ _ _ _ _ _ _ _ _ _ _ _ _ _ _ _ _ _ _ _ _ _ _ _ _ _ _ _ _ _ _ _ _ _ _

self = <AdaptedConnection <asyncpg.connection.Connection object at 0x764db5f209b0>>

    def ping(self):
        try:
>           _ = self.await_(self._async_ping())
                ^^^^^^^^^^^^^^^^^^^^^^^^^^^^^^^

.venv/lib/python3.13/site-packages/sqlalchemy/dialects/postgresql/asyncpg.py:816:
_ _ _ _ _ _ _ _ _ _ _ _ _ _ _ _ _ _ _ _ _ _ _ _ _ _ _ _ _ _ _ _ _ _ _ _ _ _ _ _

awaitable = <coroutine object AsyncAdapt_asyncpg_connection._async_ping at 0x764db5f0ec00>

    def await_only(awaitable: Awaitable[_T]) -> _T:
        """Awaits an async function in a sync method.

        The sync method must be inside a :func:`greenlet_spawn` context.
        :func:`await_only` calls cannot be nested.

        :param awaitable: The coroutine to call.

        """
        # this is called in the context greenlet while running fn
        current = getcurrent()
        if not getattr(current, "__sqlalchemy_greenlet_provider__", False):
            _safe_cancel_awaitable(awaitable)

            raise exc.MissingGreenlet(
                "greenlet_spawn has not been called; can't call await_only() "
                "here. Was IO attempted in an unexpected place?"
            )

        # returns the control to the driver greenlet passing it
        # a coroutine to run. Once the awaitable is done, the driver greenlet
        # switches back to this greenlet with the result of awaitable that is
        # then returned to the caller (or raised as error)
>       return current.parent.switch(awaitable)  # type: ignore[no-any-return,attr-defined] # noqa: E501
               ^^^^^^^^^^^^^^^^^^^^^^^^^^^^^^^^

.venv/lib/python3.13/site-packages/sqlalchemy/util/_concurrency_py3k.py:132:
_ _ _ _ _ _ _ _ _ _ _ _ _ _ _ _ _ _ _ _ _ _ _ _ _ _ _ _ _ _ _ _ _ _ _ _ _ _ _ _

fn = <bound method Session.execute of <sqlalchemy.orm.session.Session object at 0x764db6206850>>
_require_await = False
args = (<sqlalchemy.sql.elements.TextClause object at 0x764db6206ad0>,)
kwargs = {'params': {'tables': ['conversations', 'messages', 'mcp_servers', 'webhook_configs']}, 'execution_options': immutabledict({'prebuffer_rows': True}), 'bind_arguments': None}

    async def greenlet_spawn(
        fn: Callable[..., _T],
        *args: Any,
        _require_await: bool = False,
        **kwargs: Any,
    ) -> _T:
        """Runs a sync function ``fn`` in a new greenlet.

        The sync function can then use :func:`await_only` to wait for async
        functions.

        :param fn: The sync callable to call.
        :param \\*args: Positional arguments to pass to the ``fn`` callable.
        :param \\*\\*kwargs: Keyword arguments to pass to the ``fn`` callable.
        """

        result: Any
        context = _AsyncIoGreenlet(fn, getcurrent())
        # runs the function synchronously in gl greenlet. If the execution
        # is interrupted by await_only, context is not dead and result is a
        # coroutine to wait. If the context is dead the function has
        # returned, and its result can be returned.
        switch_occurred = False
        result = context.switch(*args, **kwargs)
        while not context.dead:
            switch_occurred = True
            try:
                # wait for a coroutine from await_only and then return its
                # result back to it.
>               value = await result
                        ^^^^^^^^^^^^

.venv/lib/python3.13/site-packages/sqlalchemy/util/_concurrency_py3k.py:196:
_ _ _ _ _ _ _ _ _ _ _ _ _ _ _ _ _ _ _ _ _ _ _ _ _ _ _ _ _ _ _ _ _ _ _ _ _ _ _ _

self = <AdaptedConnection <asyncpg.connection.Connection object at 0x764db5f209b0>>

    async def _async_ping(self):
        if self._transaction is None and self.isolation_level != "autocommit":
            # create a transaction explicitly to support pgbouncer
            # transaction mode.   See #10226
            tr = self._connection.transaction()
>           await tr.start()

.venv/lib/python3.13/site-packages/sqlalchemy/dialects/postgresql/asyncpg.py:825:
_ _ _ _ _ _ _ _ _ _ _ _ _ _ _ _ _ _ _ _ _ _ _ _ _ _ _ _ _ _ _ _ _ _ _ _ _ _ _ _

self = <asyncpg.Transaction state:failed 0x764db620d000>

    @connresource.guarded
    async def start(self):
        """Enter the transaction or savepoint block."""
        self.__check_state_base('start')
        if self._state is TransactionState.STARTED:
            raise apg_errors.InterfaceError(
                'cannot start; the transaction is already started')

        con = self._connection

        if con._top_xact is None:
            if con._protocol.is_in_transaction():
                raise apg_errors.InterfaceError(
                    'cannot use Connection.transaction() in '
                    'a manually started transaction')
            con._top_xact = self
        else:
            # Nested transaction block
            if self._isolation:
                top_xact_isolation = con._top_xact._isolation
                if top_xact_isolation is None:
                    top_xact_isolation = ISOLATION_LEVELS_BY_VALUE[
                        await self._connection.fetchval(
                            'SHOW transaction_isolation;')]
                if self._isolation != top_xact_isolation:
                    raise apg_errors.InterfaceError(
                        'nested transaction has a different isolation level: '
                        'current {!r} != outer {!r}'.format(
                            self._isolation, top_xact_isolation))
            self._nested = True

        if self._nested:
            self._id = con._get_unique_id('savepoint')
            query = 'SAVEPOINT {};'.format(self._id)
        else:
            query = 'BEGIN'
            if self._isolation == 'read_committed':
                query += ' ISOLATION LEVEL READ COMMITTED'
            elif self._isolation == 'read_uncommitted':
                query += ' ISOLATION LEVEL READ UNCOMMITTED'
            elif self._isolation == 'repeatable_read':
                query += ' ISOLATION LEVEL REPEATABLE READ'
            elif self._isolation == 'serializable':
                query += ' ISOLATION LEVEL SERIALIZABLE'
            if self._readonly:
                query += ' READ ONLY'
            if self._deferrable:
                query += ' DEFERRABLE'
            query += ';'

        try:
>           await self._connection.execute(query)

.venv/lib/python3.13/site-packages/asyncpg/transaction.py:146:
_ _ _ _ _ _ _ _ _ _ _ _ _ _ _ _ _ _ _ _ _ _ _ _ _ _ _ _ _ _ _ _ _ _ _ _ _ _ _ _

self = <asyncpg.connection.Connection object at 0x764db5f209b0>
query = 'BEGIN;', timeout = None, args = ()

    async def execute(
        self,
        query: str,
        *args,
        timeout: typing.Optional[float]=None,
    ) -> str:
        """Execute an SQL command (or commands).

        This method can execute many SQL commands at once, when no arguments
        are provided.

        Example:

        .. code-block:: pycon

            >>> await con.execute('''
            ...     CREATE TABLE mytab (a int);
            ...     INSERT INTO mytab (a) VALUES (100), (200), (300);
            ... ''')
            INSERT 0 3

            >>> await con.execute('''
            ...     INSERT INTO mytab (a) VALUES ($1), ($2)
            ... ''', 10, 20)
            INSERT 0 2

        :param args: Query arguments.
        :param float timeout: Optional timeout value in seconds.
        :return str: Status of the last SQL command.

        .. versionchanged:: 0.5.4
           Made it possible to pass query arguments.
        """
        self._check_open()

        if not args:
            if self._query_loggers:
                with self._time_and_log(query, args, timeout):
                    result = await self._protocol.query(query, timeout)
            else:
>               result = await self._protocol.query(query, timeout)
                         ^^^^^^^^^^^^^^^^^^^^^^^^^^^^^^^^^^^^^^^^^^

.venv/lib/python3.13/site-packages/asyncpg/connection.py:354:
_ _ _ _ _ _ _ _ _ _ _ _ _ _ _ _ _ _ _ _ _ _ _ _ _ _ _ _ _ _ _ _ _ _ _ _ _ _ _ _

>   return await waiter
E   RuntimeError: Task <Task pending name='Task-6' coro=<TestRLSSchema.test_phase1_policies_exist_with_correct_using_clause() running at /home/elsharkawy/Desktop/AginticCustomerSupport/tests/test_rls_integration.py:102> cb=[_run_until_complete_cb() at /home/elsharkawy/miniconda3/lib/python3.13/asyncio/base_events.py:181]> got Future <Future pending cb=[BaseProtocol._on_waiter_completed()]> attached to a different loop

asyncpg/protocol/protocol.pyx:369: RuntimeError
------------------------------ Captured log call -------------------------------
ERROR    sqlalchemy.pool.impl.AsyncAdaptedQueuePool:base.py:377 Exception terminating connection <AdaptedConnection <asyncpg.connection.Connection object at 0x764db5f209b0>>
Traceback (most recent call last):
  File "/home/elsharkawy/Desktop/AginticCustomerSupport/.venv/lib/python3.13/site-packages/sqlalchemy/pool/base.py", line 373, in _close_connection
    self._dialect.do_terminate(connection)
    ~~~~~~~~~~~~~~~~~~~~~~~~~~^^^^^^^^^^^^
  File "/home/elsharkawy/Desktop/AginticCustomerSupport/.venv/lib/python3.13/site-packages/sqlalchemy/dialects/postgresql/asyncpg.py", line 1131, in do_terminate
    dbapi_connection.terminate()
    ~~~~~~~~~~~~~~~~~~~~~~~~~~^^
  File "/home/elsharkawy/Desktop/AginticCustomerSupport/.venv/lib/python3.13/site-packages/sqlalchemy/connectors/asyncio.py", line 402, in terminate
    self.await_(asyncio.shield(self._terminate_graceful_close()))  # type: ignore[attr-defined] # noqa: E501
    ~~~~~~~~~~~^^^^^^^^^^^^^^^^^^^^^^^^^^^^^^^^^^^^^^^^^^^^^^^^^^
  File "/home/elsharkawy/Desktop/AginticCustomerSupport/.venv/lib/python3.13/site-packages/sqlalchemy/util/_concurrency_py3k.py", line 132, in await_only
    return current.parent.switch(awaitable)  # type: ignore[no-any-return,attr-defined] # noqa: E501
           ~~~~~~~~~~~~~~~~~~~~~^^^^^^^^^^^
  File "/home/elsharkawy/Desktop/AginticCustomerSupport/.venv/lib/python3.13/site-packages/sqlalchemy/util/_concurrency_py3k.py", line 196, in greenlet_spawn
    value = await result
            ^^^^^^^^^^^^
  File "/home/elsharkawy/Desktop/AginticCustomerSupport/.venv/lib/python3.13/site-packages/sqlalchemy/dialects/postgresql/asyncpg.py", line 912, in _terminate_graceful_close
    await self._connection.close(timeout=2)
  File "/home/elsharkawy/Desktop/AginticCustomerSupport/.venv/lib/python3.13/site-packages/asyncpg/connection.py", line 1513, in close
    await self._protocol.close(timeout)
  File "asyncpg/protocol/protocol.pyx", line 617, in close
  File "asyncpg/protocol/protocol.pyx", line 650, in asyncpg.protocol.protocol.BaseProtocol._request_cancel
    con._cancel_current_command(self.cancel_sent_waiter)
  File "/home/elsharkawy/Desktop/AginticCustomerSupport/.venv/lib/python3.13/site-packages/asyncpg/connection.py", line 1682, in _cancel_current_command
    self._cancellations.add(self._loop.create_task(self._cancel(waiter)))
                            ~~~~~~~~~~~~~~~~~~~~~~^^^^^^^^^^^^^^^^^^^^^^
  File "/home/elsharkawy/miniconda3/lib/python3.13/asyncio/base_events.py", line 466, in create_task
    self._check_closed()
    ~~~~~~~~~~~~~~~~~~^^
  File "/home/elsharkawy/miniconda3/lib/python3.13/asyncio/base_events.py", line 556, in _check_closed
    raise RuntimeError('Event loop is closed')
RuntimeError: Event loop is closed
__ TestCrossTenantIsolation.test_tenant_a_cannot_read_tenant_b_conversations ___

self = <tests.test_rls_integration.TestCrossTenantIsolation object at 0x764db6205590>
db_with_seed = {'conv_a': 'dbe70d95-8a4d-4a89-8cca-cc4e0c2ff7f6', 'conv_b': 'dec24d53-b071-41cf-9d04-2dcea4d5dcd8'}

    async def test_tenant_a_cannot_read_tenant_b_conversations(self, db_with_seed):
        """Session bound to Tenant A must see zero rows owned by Tenant B."""
        async with async_session_factory() as session:
            bind_session_to_tenant(session, TENANT_A)

            # Tenant A's own conversation — must be visible
>           own = await session.execute(
                text("SELECT id FROM conversations WHERE tenant_id = :tid"),
                {"tid": TENANT_A},
            )

tests/test_rls_integration.py:133:
_ _ _ _ _ _ _ _ _ _ _ _ _ _ _ _ _ _ _ _ _ _ _ _ _ _ _ _ _ _ _ _ _ _ _ _ _ _ _ _

self = <sqlalchemy.ext.asyncio.session.AsyncSession object at 0x764db62bfce0>
statement = <sqlalchemy.sql.elements.TextClause object at 0x764db4c4fc50>
params = {'tid': 'dc6cd82b-cb52-418e-83e8-441483ad335f'}
execution_options = immutabledict({'prebuffer_rows': True})
bind_arguments = None, kw = {}

    async def execute(
        self,
        statement: Executable,
        params: Optional[_CoreAnyExecuteParams] = None,
        *,
        execution_options: OrmExecuteOptionsParameter = util.EMPTY_DICT,
        bind_arguments: Optional[_BindArguments] = None,
        **kw: Any,
    ) -> Result[Any]:
        """Execute a statement and return a buffered
        :class:`_engine.Result` object.

        .. seealso::

            :meth:`_orm.Session.execute` - main documentation for execute

        """

        if execution_options:
            execution_options = util.immutabledict(execution_options).union(
                _EXECUTE_OPTIONS
            )
        else:
            execution_options = _EXECUTE_OPTIONS

>       result = await greenlet_spawn(
            self.sync_session.execute,
            statement,
            params=params,
            execution_options=execution_options,
            bind_arguments=bind_arguments,
            **kw,
        )

.venv/lib/python3.13/site-packages/sqlalchemy/ext/asyncio/session.py:448:
_ _ _ _ _ _ _ _ _ _ _ _ _ _ _ _ _ _ _ _ _ _ _ _ _ _ _ _ _ _ _ _ _ _ _ _ _ _ _ _

fn = <bound method Session.execute of <sqlalchemy.orm.session.Session object at 0x764db4cc8d60>>
_require_await = False
args = (<sqlalchemy.sql.elements.TextClause object at 0x764db4c4fc50>,)
kwargs = {'params': {'tid': 'dc6cd82b-cb52-418e-83e8-441483ad335f'}, 'execution_options': immutabledict({'prebuffer_rows': True}), 'bind_arguments': None}

    async def greenlet_spawn(
        fn: Callable[..., _T],
        *args: Any,
        _require_await: bool = False,
        **kwargs: Any,
    ) -> _T:
        """Runs a sync function ``fn`` in a new greenlet.

        The sync function can then use :func:`await_only` to wait for async
        functions.

        :param fn: The sync callable to call.
        :param \\*args: Positional arguments to pass to the ``fn`` callable.
        :param \\*\\*kwargs: Keyword arguments to pass to the ``fn`` callable.
        """

        result: Any
        context = _AsyncIoGreenlet(fn, getcurrent())
        # runs the function synchronously in gl greenlet. If the execution
        # is interrupted by await_only, context is not dead and result is a
        # coroutine to wait. If the context is dead the function has
        # returned, and its result can be returned.
        switch_occurred = False
        result = context.switch(*args, **kwargs)
        while not context.dead:
            switch_occurred = True
            try:
                # wait for a coroutine from await_only and then return its
                # result back to it.
                value = await result
            except BaseException:
                # this allows an exception to be raised within
                # the moderated greenlet so that it can continue
                # its expected flow.
>               result = context.throw(*sys.exc_info())
                         ^^^^^^^^^^^^^^^^^^^^^^^^^^^^^^

.venv/lib/python3.13/site-packages/sqlalchemy/util/_concurrency_py3k.py:201:
_ _ _ _ _ _ _ _ _ _ _ _ _ _ _ _ _ _ _ _ _ _ _ _ _ _ _ _ _ _ _ _ _ _ _ _ _ _ _ _

self = <sqlalchemy.orm.session.Session object at 0x764db4cc8d60>
statement = <sqlalchemy.sql.elements.TextClause object at 0x764db4c4fc50>
params = {'tid': 'dc6cd82b-cb52-418e-83e8-441483ad335f'}
execution_options = immutabledict({'prebuffer_rows': True})
bind_arguments = None, _parent_execute_state = None, _add_event = None

    def execute(
        self,
        statement: Executable,
        params: Optional[_CoreAnyExecuteParams] = None,
        *,
        execution_options: OrmExecuteOptionsParameter = util.EMPTY_DICT,
        bind_arguments: Optional[_BindArguments] = None,
        _parent_execute_state: Optional[Any] = None,
        _add_event: Optional[Any] = None,
    ) -> Result[Any]:
        r"""Execute a SQL expression construct.

        Returns a :class:`_engine.Result` object representing
        results of the statement execution.

        E.g.::

            from sqlalchemy import select

            result = session.execute(select(User).where(User.id == 5))

        The API contract of :meth:`_orm.Session.execute` is similar to that
        of :meth:`_engine.Connection.execute`, the :term:`2.0 style` version
        of :class:`_engine.Connection`.

        .. versionchanged:: 1.4 the :meth:`_orm.Session.execute` method is
           now the primary point of ORM statement execution when using
           :term:`2.0 style` ORM usage.

        :param statement:
            An executable statement (i.e. an :class:`.Executable` expression
            such as :func:`_expression.select`).

        :param params:
            Optional dictionary, or list of dictionaries, containing
            bound parameter values.   If a single dictionary, single-row
            execution occurs; if a list of dictionaries, an
            "executemany" will be invoked.  The keys in each dictionary
            must correspond to parameter names present in the statement.

        :param execution_options: optional dictionary of execution options,
         which will be associated with the statement execution.  This
         dictionary can provide a subset of the options that are accepted
         by :meth:`_engine.Connection.execution_options`, and may also
         provide additional options understood only in an ORM context.

         .. seealso::

            :ref:`orm_queryguide_execution_options` - ORM-specific execution
            options

        :param bind_arguments: dictionary of additional arguments to determine
         the bind.  May include "mapper", "bind", or other custom arguments.
         Contents of this dictionary are passed to the
         :meth:`.Session.get_bind` method.

        :return: a :class:`_engine.Result` object.


        """
>       return self._execute_internal(
            statement,
            params,
            execution_options=execution_options,
            bind_arguments=bind_arguments,
            _parent_execute_state=_parent_execute_state,
            _add_event=_add_event,
        )

.venv/lib/python3.13/site-packages/sqlalchemy/orm/session.py:2373:
_ _ _ _ _ _ _ _ _ _ _ _ _ _ _ _ _ _ _ _ _ _ _ _ _ _ _ _ _ _ _ _ _ _ _ _ _ _ _ _

self = <sqlalchemy.orm.session.Session object at 0x764db4cc8d60>
statement = <sqlalchemy.sql.elements.TextClause object at 0x764db4c4fc50>
params = {'tid': 'dc6cd82b-cb52-418e-83e8-441483ad335f'}
execution_options = immutabledict({'prebuffer_rows': True})
bind_arguments = {'clause': <sqlalchemy.sql.elements.TextClause object at 0x764db4c4fc50>}
_parent_execute_state = None, _add_event = None, _scalar_result = False

    def _execute_internal(
        self,
        statement: Executable,
        params: Optional[_CoreAnyExecuteParams] = None,
        *,
        execution_options: OrmExecuteOptionsParameter = util.EMPTY_DICT,
        bind_arguments: Optional[_BindArguments] = None,
        _parent_execute_state: Optional[Any] = None,
        _add_event: Optional[Any] = None,
        _scalar_result: bool = False,
    ) -> Any:
        statement = coercions.expect(roles.StatementRole, statement)

        if not bind_arguments:
            bind_arguments = {}
        else:
            bind_arguments = dict(bind_arguments)

        if (
            statement._propagate_attrs.get("compile_state_plugin", None)
            == "orm"
        ):
            compile_state_cls = CompileState._get_plugin_class_for_plugin(
                statement, "orm"
            )
            if TYPE_CHECKING:
                assert isinstance(
                    compile_state_cls, context.AbstractORMCompileState
                )
        else:
            compile_state_cls = None
            bind_arguments.setdefault("clause", statement)

        execution_options = util.coerce_to_immutabledict(execution_options)

        if _parent_execute_state:
            events_todo = _parent_execute_state._remaining_events()
        else:
            events_todo = self.dispatch.do_orm_execute
            if _add_event:
                events_todo = list(events_todo) + [_add_event]

        if events_todo:
            # save the original execution options before
            # orm_pre_session_exec processes them, so that we can pass
            # the unprocessed options (plus any explicit updates from event
            # hooks) to the second orm_pre_session_exec call.  This
            # prevents internal state like _sa_orm_load_options and
            # yield_per from the first call leaking into the second call,
            # which would otherwise cause issues like yield_per incorrectly
            # propagating into post-load (selectinload etc.) queries.
            # part of #13301.
            original_execution_options = execution_options

            if compile_state_cls is not None:
                # for event handlers, do the orm_pre_session_exec
                # pass ahead of the event handlers, so that things like
                # .load_options, .update_delete_options etc. are populated.
                # is_pre_event=True allows the hook to hold off on things
                # it doesn't want to do twice, including autoflush as well
                # as "pre fetch" for DML, etc.
                (
                    statement,
                    execution_options,
                ) = compile_state_cls.orm_pre_session_exec(
                    self,
                    statement,
                    params,
                    execution_options,
                    bind_arguments,
                    True,
                )

            orm_exec_state = ORMExecuteState(
                self,
                statement,
                params,
                execution_options,
                bind_arguments,
                compile_state_cls,
                events_todo,
            )
            for idx, fn in enumerate(events_todo):
                orm_exec_state._starting_event_idx = idx
                fn_result: Optional[Result[Any]] = fn(orm_exec_state)
                if fn_result:
                    if _scalar_result:
                        return fn_result.scalar()
                    else:
                        return fn_result

            statement = orm_exec_state.statement

            # use the original execution options plus only the explicit
            # updates from event hooks, not the processed options from
            # the first orm_pre_session_exec call
            execution_options = original_execution_options.union(
                orm_exec_state._update_execution_options
            )

        if compile_state_cls is not None:
            # now run orm_pre_session_exec() "for real".   if there were
            # event hooks, this will re-run the steps that interpret
            # new execution_options into load_options / update_delete_options,
            # which we assume the event hook might have updated.
            # autoflush will also be invoked in this step if enabled.
            (
                statement,
                execution_options,
            ) = compile_state_cls.orm_pre_session_exec(
                self,
                statement,
                params,
                execution_options,
                bind_arguments,
                False,
            )

        bind = self.get_bind(**bind_arguments)

>       conn = self._connection_for_bind(bind)
               ^^^^^^^^^^^^^^^^^^^^^^^^^^^^^^^

.venv/lib/python3.13/site-packages/sqlalchemy/orm/session.py:2261:
_ _ _ _ _ _ _ _ _ _ _ _ _ _ _ _ _ _ _ _ _ _ _ _ _ _ _ _ _ _ _ _ _ _ _ _ _ _ _ _

self = <sqlalchemy.orm.session.Session object at 0x764db4cc8d60>
engine = Engine(postgresql+asyncpg://neondb_owner:***@ep-autumn-tree-athm4sjs-pooler.c-9.us-east-1.aws.neon.tech/neondb?ssl=require)
execution_options = None, kw = {}

    def _connection_for_bind(
        self,
        engine: _SessionBind,
        execution_options: Optional[CoreExecuteOptionsParameter] = None,
        **kw: Any,
    ) -> Connection:
        TransactionalContext._trans_ctx_check(self)

        trans = self._transaction
        if trans is None:
            trans = self._autobegin_t()
>       return trans._connection_for_bind(engine, execution_options)
               ^^^^^^^^^^^^^^^^^^^^^^^^^^^^^^^^^^^^^^^^^^^^^^^^^^^^^

.venv/lib/python3.13/site-packages/sqlalchemy/orm/session.py:2113:
_ _ _ _ _ _ _ _ _ _ _ _ _ _ _ _ _ _ _ _ _ _ _ _ _ _ _ _ _ _ _ _ _ _ _ _ _ _ _ _

self = <sqlalchemy.orm.session.SessionTransaction object at 0x764db4427cd0>
bind = Engine(postgresql+asyncpg://neondb_owner:***@ep-autumn-tree-athm4sjs-pooler.c-9.us-east-1.aws.neon.tech/neondb?ssl=require)
execution_options = None

>   ???

<string>:2:
_ _ _ _ _ _ _ _ _ _ _ _ _ _ _ _ _ _ _ _ _ _ _ _ _ _ _ _ _ _ _ _ _ _ _ _ _ _ _ _

fn = <function SessionTransaction._connection_for_bind at 0x764db66ca660>
self = <sqlalchemy.orm.session.SessionTransaction object at 0x764db4427cd0>
arg = (Engine(postgresql+asyncpg://neondb_owner:***@ep-autumn-tree-athm4sjs-pooler.c-9.us-east-1.aws.neon.tech/neondb?ssl=require), None)
kw = {}

    @util.decorator
    def _go(fn: _F, self: Any, *arg: Any, **kw: Any) -> Any:
        current_state = self._state

        if (
            has_prerequisite_states
            and current_state not in prerequisite_state_collection
        ):
            self._raise_for_prerequisite_state(fn.__name__, current_state)

        next_state = self._next_state
        existing_fn = self._current_fn
        expect_state = moves_to if expect_state_change else current_state

        if (
            # destination states are restricted
            next_state is not _StateChangeStates.ANY
            # method seeks to change state
            and expect_state_change
            # destination state incorrect
            and next_state is not expect_state
        ):
            if existing_fn and next_state in (
                _StateChangeStates.NO_CHANGE,
                _StateChangeStates.CHANGE_IN_PROGRESS,
            ):
                raise sa_exc.IllegalStateChangeError(
                    f"Method '{fn.__name__}()' can't be called here; "
                    f"method '{existing_fn.__name__}()' is already "
                    f"in progress and this would cause an unexpected "
                    f"state change to {moves_to!r}",
                    code="isce",
                )
            else:
                raise sa_exc.IllegalStateChangeError(
                    f"Can't run operation '{fn.__name__}()' here; "
                    f"will move to state {moves_to!r} where we are "
                    f"expecting {next_state!r}",
                    code="isce",
                )

        self._current_fn = fn
        self._next_state = _StateChangeStates.CHANGE_IN_PROGRESS
        try:
>           ret_value = fn(self, *arg, **kw)
                        ^^^^^^^^^^^^^^^^^^^^

.venv/lib/python3.13/site-packages/sqlalchemy/orm/state_changes.py:137:
_ _ _ _ _ _ _ _ _ _ _ _ _ _ _ _ _ _ _ _ _ _ _ _ _ _ _ _ _ _ _ _ _ _ _ _ _ _ _ _

self = <sqlalchemy.orm.session.SessionTransaction object at 0x764db4427cd0>
bind = Engine(postgresql+asyncpg://neondb_owner:***@ep-autumn-tree-athm4sjs-pooler.c-9.us-east-1.aws.neon.tech/neondb?ssl=require)
execution_options = None

    @_StateChange.declare_states(
        (SessionTransactionState.ACTIVE,), _StateChangeStates.NO_CHANGE
    )
    def _connection_for_bind(
        self,
        bind: _SessionBind,
        execution_options: Optional[CoreExecuteOptionsParameter],
    ) -> Connection:
        if bind in self._connections:
            if execution_options:
                util.warn(
                    "Connection is already established for the "
                    "given bind; execution_options ignored"
                )
            return self._connections[bind][0]

        self._state = SessionTransactionState.PROVISIONING_CONNECTION

        local_connect = False
        should_commit = True

        try:
            if self._parent:
                conn = self._parent._connection_for_bind(
                    bind, execution_options
                )
                if not self.nested:
                    return conn
            else:
                if isinstance(bind, engine.Connection):
                    conn = bind
                    if conn.engine in self._connections:
                        raise sa_exc.InvalidRequestError(
                            "Session already has a Connection associated "
                            "for the given Connection's Engine"
                        )
                else:
>                   conn = bind.connect()
                           ^^^^^^^^^^^^^^

.venv/lib/python3.13/site-packages/sqlalchemy/orm/session.py:1191:
_ _ _ _ _ _ _ _ _ _ _ _ _ _ _ _ _ _ _ _ _ _ _ _ _ _ _ _ _ _ _ _ _ _ _ _ _ _ _ _

self = Engine(postgresql+asyncpg://neondb_owner:***@ep-autumn-tree-athm4sjs-pooler.c-9.us-east-1.aws.neon.tech/neondb?ssl=require)

    def connect(self) -> Connection:
        """Return a new :class:`_engine.Connection` object.

        The :class:`_engine.Connection` acts as a Python context manager, so
        the typical use of this method looks like::

            with engine.connect() as connection:
                connection.execute(text("insert into table values ('foo')"))
                connection.commit()

        Where above, after the block is completed, the connection is "closed"
        and its underlying DBAPI resources are returned to the connection pool.
        This also has the effect of rolling back any transaction that
        was explicitly begun or was begun via autobegin, and will
        emit the :meth:`_events.ConnectionEvents.rollback` event if one was
        started and is still in progress.

        .. seealso::

            :meth:`_engine.Engine.begin`

        """

>       return self._connection_cls(self)
               ^^^^^^^^^^^^^^^^^^^^^^^^^^

.venv/lib/python3.13/site-packages/sqlalchemy/engine/base.py:3295:
_ _ _ _ _ _ _ _ _ _ _ _ _ _ _ _ _ _ _ _ _ _ _ _ _ _ _ _ _ _ _ _ _ _ _ _ _ _ _ _

self = <sqlalchemy.engine.base.Connection object at 0x764db5f17bd0>
engine = Engine(postgresql+asyncpg://neondb_owner:***@ep-autumn-tree-athm4sjs-pooler.c-9.us-east-1.aws.neon.tech/neondb?ssl=require)
connection = None, _has_events = None, _allow_revalidate = True
_allow_autobegin = True

    def __init__(
        self,
        engine: Engine,
        connection: Optional[PoolProxiedConnection] = None,
        _has_events: Optional[bool] = None,
        _allow_revalidate: bool = True,
        _allow_autobegin: bool = True,
    ):
        """Construct a new Connection."""
        self.engine = engine
        self.dialect = dialect = engine.dialect

        if connection is None:
            try:
>               self._dbapi_connection = engine.raw_connection()
                                         ^^^^^^^^^^^^^^^^^^^^^^^

.venv/lib/python3.13/site-packages/sqlalchemy/engine/base.py:144:
_ _ _ _ _ _ _ _ _ _ _ _ _ _ _ _ _ _ _ _ _ _ _ _ _ _ _ _ _ _ _ _ _ _ _ _ _ _ _ _

self = Engine(postgresql+asyncpg://neondb_owner:***@ep-autumn-tree-athm4sjs-pooler.c-9.us-east-1.aws.neon.tech/neondb?ssl=require)

    def raw_connection(self) -> PoolProxiedConnection:
        """Return a "raw" DBAPI connection from the connection pool.

        The returned object is a proxied version of the DBAPI
        connection object used by the underlying driver in use.
        The object will have all the same behavior as the real DBAPI
        connection, except that its ``close()`` method will result in the
        connection being returned to the pool, rather than being closed
        for real.

        This method provides direct DBAPI connection access for
        special situations when the API provided by
        :class:`_engine.Connection`
        is not needed.   When a :class:`_engine.Connection` object is already
        present, the DBAPI connection is available using
        the :attr:`_engine.Connection.connection` accessor.

        .. seealso::

            :ref:`dbapi_connections`

        """
>       return self.pool.connect()
               ^^^^^^^^^^^^^^^^^^^

.venv/lib/python3.13/site-packages/sqlalchemy/engine/base.py:3319:
_ _ _ _ _ _ _ _ _ _ _ _ _ _ _ _ _ _ _ _ _ _ _ _ _ _ _ _ _ _ _ _ _ _ _ _ _ _ _ _

self = <sqlalchemy.pool.impl.AsyncAdaptedQueuePool object at 0x764db6214050>

    def connect(self) -> PoolProxiedConnection:
        """Return a DBAPI connection from the pool.

        The connection is instrumented such that when its
        ``close()`` method is called, the connection will be returned to
        the pool.

        """
>       return _ConnectionFairy._checkout(self)
               ^^^^^^^^^^^^^^^^^^^^^^^^^^^^^^^^

.venv/lib/python3.13/site-packages/sqlalchemy/pool/base.py:448:
_ _ _ _ _ _ _ _ _ _ _ _ _ _ _ _ _ _ _ _ _ _ _ _ _ _ _ _ _ _ _ _ _ _ _ _ _ _ _ _

cls = <class 'sqlalchemy.pool.base._ConnectionFairy'>
pool = <sqlalchemy.pool.impl.AsyncAdaptedQueuePool object at 0x764db6214050>
threadconns = None

    @classmethod
    def _checkout(
        cls,
        pool: Pool,
        threadconns: Optional[threading.local] = None,
        fairy: Optional[_ConnectionFairy] = None,
    ) -> _ConnectionFairy:
        if not fairy:
            fairy = _ConnectionRecord.checkout(pool)

            if threadconns is not None:
                threadconns.current = weakref.ref(fairy)

        assert (
            fairy._connection_record is not None
        ), "can't 'checkout' a detached connection fairy"
        assert (
            fairy.dbapi_connection is not None
        ), "can't 'checkout' an invalidated connection fairy"

        fairy._counter += 1
        if (
            not pool.dispatch.checkout and not pool._pre_ping
        ) or fairy._counter != 1:
            return fairy

        # Pool listeners can trigger a reconnection on checkout, as well
        # as the pre-pinger.
        # there are three attempts made here, but note that if the database
        # is not accessible from a connection standpoint, those won't proceed
        # here.

        attempts = 2

        while attempts > 0:
            connection_is_fresh = fairy._connection_record.fresh
            fairy._connection_record.fresh = False
            try:
                if pool._pre_ping:
                    if not connection_is_fresh:
                        if fairy._echo:
                            pool.logger.debug(
                                "Pool pre-ping on connection %s",
                                fairy.dbapi_connection,
                            )
                        result = pool._dialect._do_ping_w_event(
                            fairy.dbapi_connection
                        )
                        if not result:
                            if fairy._echo:
                                pool.logger.debug(
                                    "Pool pre-ping on connection %s failed, "
                                    "will invalidate pool",
                                    fairy.dbapi_connection,
                                )
                            raise exc.InvalidatePoolError()
                    elif fairy._echo:
                        pool.logger.debug(
                            "Connection %s is fresh, skipping pre-ping",
                            fairy.dbapi_connection,
                        )

                pool.dispatch.checkout(
                    fairy.dbapi_connection, fairy._connection_record, fairy
                )
                return fairy
            except exc.DisconnectionError as e:
                if e.invalidate_pool:
                    pool.logger.info(
                        "Disconnection detected on checkout, "
                        "invalidating all pooled connections prior to "
                        "current timestamp (reason: %r)",
                        e,
                    )
                    fairy._connection_record.invalidate(e)
                    pool._invalidate(fairy, e, _checkin=False)
                else:
                    pool.logger.info(
                        "Disconnection detected on checkout, "
                        "invalidating individual connection %s (reason: %r)",
                        fairy.dbapi_connection,
                        e,
                    )
                    fairy._connection_record.invalidate(e)
                try:
                    fairy.dbapi_connection = (
                        fairy._connection_record.get_connection()
                    )
                except BaseException as err:
                    with util.safe_reraise():
                        fairy._connection_record._checkin_failed(
                            err,
                            _fairy_was_created=True,
                        )

                        # prevent _ConnectionFairy from being carried
                        # in the stack trace.  Do this after the
                        # connection record has been checked in, so that
                        # if the del triggers a finalize fairy, it won't
                        # try to checkin a second time.
                        del fairy

                    # never called, this is for code linters
                    raise

                attempts -= 1
            except BaseException as be_outer:
>               with util.safe_reraise():
                     ^^^^^^^^^^^^^^^^^^^

.venv/lib/python3.13/site-packages/sqlalchemy/pool/base.py:1371:
_ _ _ _ _ _ _ _ _ _ _ _ _ _ _ _ _ _ _ _ _ _ _ _ _ _ _ _ _ _ _ _ _ _ _ _ _ _ _ _

self = <sqlalchemy.util.langhelpers.safe_reraise object at 0x764db61ebd00>
type_ = None, value = None, traceback = None

    def __exit__(
        self,
        type_: Optional[Type[BaseException]],
        value: Optional[BaseException],
        traceback: Optional[types.TracebackType],
    ) -> NoReturn:
        assert self._exc_info is not None
        # see #2703 for notes
        if type_ is None:
            exc_type, exc_value, exc_tb = self._exc_info
            assert exc_value is not None
            self._exc_info = None  # remove potential circular references
>           raise exc_value.with_traceback(exc_tb)

.venv/lib/python3.13/site-packages/sqlalchemy/util/langhelpers.py:122:
_ _ _ _ _ _ _ _ _ _ _ _ _ _ _ _ _ _ _ _ _ _ _ _ _ _ _ _ _ _ _ _ _ _ _ _ _ _ _ _

cls = <class 'sqlalchemy.pool.base._ConnectionFairy'>
pool = <sqlalchemy.pool.impl.AsyncAdaptedQueuePool object at 0x764db6214050>
threadconns = None

    @classmethod
    def _checkout(
        cls,
        pool: Pool,
        threadconns: Optional[threading.local] = None,
        fairy: Optional[_ConnectionFairy] = None,
    ) -> _ConnectionFairy:
        if not fairy:
            fairy = _ConnectionRecord.checkout(pool)

            if threadconns is not None:
                threadconns.current = weakref.ref(fairy)

        assert (
            fairy._connection_record is not None
        ), "can't 'checkout' a detached connection fairy"
        assert (
            fairy.dbapi_connection is not None
        ), "can't 'checkout' an invalidated connection fairy"

        fairy._counter += 1
        if (
            not pool.dispatch.checkout and not pool._pre_ping
        ) or fairy._counter != 1:
            return fairy

        # Pool listeners can trigger a reconnection on checkout, as well
        # as the pre-pinger.
        # there are three attempts made here, but note that if the database
        # is not accessible from a connection standpoint, those won't proceed
        # here.

        attempts = 2

        while attempts > 0:
            connection_is_fresh = fairy._connection_record.fresh
            fairy._connection_record.fresh = False
            try:
                if pool._pre_ping:
                    if not connection_is_fresh:
                        if fairy._echo:
                            pool.logger.debug(
                                "Pool pre-ping on connection %s",
                                fairy.dbapi_connection,
                            )
>                       result = pool._dialect._do_ping_w_event(
                            fairy.dbapi_connection
                        )

.venv/lib/python3.13/site-packages/sqlalchemy/pool/base.py:1309:
_ _ _ _ _ _ _ _ _ _ _ _ _ _ _ _ _ _ _ _ _ _ _ _ _ _ _ _ _ _ _ _ _ _ _ _ _ _ _ _

self = <sqlalchemy.dialects.postgresql.asyncpg.PGDialect_asyncpg object at 0x764db6253b60>
dbapi_connection = <AdaptedConnection <asyncpg.connection.Connection object at 0x764db4c276b0>>

    def _do_ping_w_event(self, dbapi_connection: DBAPIConnection) -> bool:
        try:
>           return self.do_ping(dbapi_connection)
                   ^^^^^^^^^^^^^^^^^^^^^^^^^^^^^^

.venv/lib/python3.13/site-packages/sqlalchemy/engine/default.py:729:
_ _ _ _ _ _ _ _ _ _ _ _ _ _ _ _ _ _ _ _ _ _ _ _ _ _ _ _ _ _ _ _ _ _ _ _ _ _ _ _

self = <sqlalchemy.dialects.postgresql.asyncpg.PGDialect_asyncpg object at 0x764db6253b60>
dbapi_connection = <AdaptedConnection <asyncpg.connection.Connection object at 0x764db4c276b0>>

    def do_ping(self, dbapi_connection):
>       dbapi_connection.ping()

.venv/lib/python3.13/site-packages/sqlalchemy/dialects/postgresql/asyncpg.py:1164:
_ _ _ _ _ _ _ _ _ _ _ _ _ _ _ _ _ _ _ _ _ _ _ _ _ _ _ _ _ _ _ _ _ _ _ _ _ _ _ _

self = <AdaptedConnection <asyncpg.connection.Connection object at 0x764db4c276b0>>

    def ping(self):
        try:
            _ = self.await_(self._async_ping())
        except Exception as error:
>           self._handle_exception(error)

.venv/lib/python3.13/site-packages/sqlalchemy/dialects/postgresql/asyncpg.py:818:
_ _ _ _ _ _ _ _ _ _ _ _ _ _ _ _ _ _ _ _ _ _ _ _ _ _ _ _ _ _ _ _ _ _ _ _ _ _ _ _

self = <AdaptedConnection <asyncpg.connection.Connection object at 0x764db4c276b0>>
error = RuntimeError("Task <Task pending name='Task-14' coro=<TestCrossTenantIsolation.test_tenant_a_cannot_read_tenant_b_conv...ase_events.py:181]> got Future <Future pending cb=[BaseProtocol._on_waiter_completed()]> attached to a different loop")

    def _handle_exception(self, error):
        if self._connection.is_closed():
            self._transaction = None
            self._started = False

        if not isinstance(error, AsyncAdapt_asyncpg_dbapi.Error):
            exception_mapping = self.dbapi._asyncpg_error_translate

            for super_ in type(error).__mro__:
                if super_ in exception_mapping:
                    translated_error = exception_mapping[super_](
                        "%s: %s" % (type(error), error)
                    )
                    translated_error.pgcode = translated_error.sqlstate = (
                        getattr(error, "sqlstate", None)
                    )
                    raise translated_error from error
            else:
>               raise error

.venv/lib/python3.13/site-packages/sqlalchemy/dialects/postgresql/asyncpg.py:799:
_ _ _ _ _ _ _ _ _ _ _ _ _ _ _ _ _ _ _ _ _ _ _ _ _ _ _ _ _ _ _ _ _ _ _ _ _ _ _ _

self = <AdaptedConnection <asyncpg.connection.Connection object at 0x764db4c276b0>>

    def ping(self):
        try:
>           _ = self.await_(self._async_ping())
                ^^^^^^^^^^^^^^^^^^^^^^^^^^^^^^^

.venv/lib/python3.13/site-packages/sqlalchemy/dialects/postgresql/asyncpg.py:816:
_ _ _ _ _ _ _ _ _ _ _ _ _ _ _ _ _ _ _ _ _ _ _ _ _ _ _ _ _ _ _ _ _ _ _ _ _ _ _ _

awaitable = <coroutine object AsyncAdapt_asyncpg_connection._async_ping at 0x764db4c64f20>

    def await_only(awaitable: Awaitable[_T]) -> _T:
        """Awaits an async function in a sync method.

        The sync method must be inside a :func:`greenlet_spawn` context.
        :func:`await_only` calls cannot be nested.

        :param awaitable: The coroutine to call.

        """
        # this is called in the context greenlet while running fn
        current = getcurrent()
        if not getattr(current, "__sqlalchemy_greenlet_provider__", False):
            _safe_cancel_awaitable(awaitable)

            raise exc.MissingGreenlet(
                "greenlet_spawn has not been called; can't call await_only() "
                "here. Was IO attempted in an unexpected place?"
            )

        # returns the control to the driver greenlet passing it
        # a coroutine to run. Once the awaitable is done, the driver greenlet
        # switches back to this greenlet with the result of awaitable that is
        # then returned to the caller (or raised as error)
>       return current.parent.switch(awaitable)  # type: ignore[no-any-return,attr-defined] # noqa: E501
               ^^^^^^^^^^^^^^^^^^^^^^^^^^^^^^^^

.venv/lib/python3.13/site-packages/sqlalchemy/util/_concurrency_py3k.py:132:
_ _ _ _ _ _ _ _ _ _ _ _ _ _ _ _ _ _ _ _ _ _ _ _ _ _ _ _ _ _ _ _ _ _ _ _ _ _ _ _

fn = <bound method Session.execute of <sqlalchemy.orm.session.Session object at 0x764db4cc8d60>>
_require_await = False
args = (<sqlalchemy.sql.elements.TextClause object at 0x764db4c4fc50>,)
kwargs = {'params': {'tid': 'dc6cd82b-cb52-418e-83e8-441483ad335f'}, 'execution_options': immutabledict({'prebuffer_rows': True}), 'bind_arguments': None}

    async def greenlet_spawn(
        fn: Callable[..., _T],
        *args: Any,
        _require_await: bool = False,
        **kwargs: Any,
    ) -> _T:
        """Runs a sync function ``fn`` in a new greenlet.

        The sync function can then use :func:`await_only` to wait for async
        functions.

        :param fn: The sync callable to call.
        :param \\*args: Positional arguments to pass to the ``fn`` callable.
        :param \\*\\*kwargs: Keyword arguments to pass to the ``fn`` callable.
        """

        result: Any
        context = _AsyncIoGreenlet(fn, getcurrent())
        # runs the function synchronously in gl greenlet. If the execution
        # is interrupted by await_only, context is not dead and result is a
        # coroutine to wait. If the context is dead the function has
        # returned, and its result can be returned.
        switch_occurred = False
        result = context.switch(*args, **kwargs)
        while not context.dead:
            switch_occurred = True
            try:
                # wait for a coroutine from await_only and then return its
                # result back to it.
>               value = await result
                        ^^^^^^^^^^^^

.venv/lib/python3.13/site-packages/sqlalchemy/util/_concurrency_py3k.py:196:
_ _ _ _ _ _ _ _ _ _ _ _ _ _ _ _ _ _ _ _ _ _ _ _ _ _ _ _ _ _ _ _ _ _ _ _ _ _ _ _

self = <AdaptedConnection <asyncpg.connection.Connection object at 0x764db4c276b0>>

    async def _async_ping(self):
        if self._transaction is None and self.isolation_level != "autocommit":
            # create a transaction explicitly to support pgbouncer
            # transaction mode.   See #10226
            tr = self._connection.transaction()
>           await tr.start()

.venv/lib/python3.13/site-packages/sqlalchemy/dialects/postgresql/asyncpg.py:825:
_ _ _ _ _ _ _ _ _ _ _ _ _ _ _ _ _ _ _ _ _ _ _ _ _ _ _ _ _ _ _ _ _ _ _ _ _ _ _ _

self = <asyncpg.Transaction state:failed 0x764db42d1b60>

    @connresource.guarded
    async def start(self):
        """Enter the transaction or savepoint block."""
        self.__check_state_base('start')
        if self._state is TransactionState.STARTED:
            raise apg_errors.InterfaceError(
                'cannot start; the transaction is already started')

        con = self._connection

        if con._top_xact is None:
            if con._protocol.is_in_transaction():
                raise apg_errors.InterfaceError(
                    'cannot use Connection.transaction() in '
                    'a manually started transaction')
            con._top_xact = self
        else:
            # Nested transaction block
            if self._isolation:
                top_xact_isolation = con._top_xact._isolation
                if top_xact_isolation is None:
                    top_xact_isolation = ISOLATION_LEVELS_BY_VALUE[
                        await self._connection.fetchval(
                            'SHOW transaction_isolation;')]
                if self._isolation != top_xact_isolation:
                    raise apg_errors.InterfaceError(
                        'nested transaction has a different isolation level: '
                        'current {!r} != outer {!r}'.format(
                            self._isolation, top_xact_isolation))
            self._nested = True

        if self._nested:
            self._id = con._get_unique_id('savepoint')
            query = 'SAVEPOINT {};'.format(self._id)
        else:
            query = 'BEGIN'
            if self._isolation == 'read_committed':
                query += ' ISOLATION LEVEL READ COMMITTED'
            elif self._isolation == 'read_uncommitted':
                query += ' ISOLATION LEVEL READ UNCOMMITTED'
            elif self._isolation == 'repeatable_read':
                query += ' ISOLATION LEVEL REPEATABLE READ'
            elif self._isolation == 'serializable':
                query += ' ISOLATION LEVEL SERIALIZABLE'
            if self._readonly:
                query += ' READ ONLY'
            if self._deferrable:
                query += ' DEFERRABLE'
            query += ';'

        try:
>           await self._connection.execute(query)

.venv/lib/python3.13/site-packages/asyncpg/transaction.py:146:
_ _ _ _ _ _ _ _ _ _ _ _ _ _ _ _ _ _ _ _ _ _ _ _ _ _ _ _ _ _ _ _ _ _ _ _ _ _ _ _

self = <asyncpg.connection.Connection object at 0x764db4c276b0>
query = 'BEGIN;', timeout = None, args = ()

    async def execute(
        self,
        query: str,
        *args,
        timeout: typing.Optional[float]=None,
    ) -> str:
        """Execute an SQL command (or commands).

        This method can execute many SQL commands at once, when no arguments
        are provided.

        Example:

        .. code-block:: pycon

            >>> await con.execute('''
            ...     CREATE TABLE mytab (a int);
            ...     INSERT INTO mytab (a) VALUES (100), (200), (300);
            ... ''')
            INSERT 0 3

            >>> await con.execute('''
            ...     INSERT INTO mytab (a) VALUES ($1), ($2)
            ... ''', 10, 20)
            INSERT 0 2

        :param args: Query arguments.
        :param float timeout: Optional timeout value in seconds.
        :return str: Status of the last SQL command.

        .. versionchanged:: 0.5.4
           Made it possible to pass query arguments.
        """
        self._check_open()

        if not args:
            if self._query_loggers:
                with self._time_and_log(query, args, timeout):
                    result = await self._protocol.query(query, timeout)
            else:
>               result = await self._protocol.query(query, timeout)
                         ^^^^^^^^^^^^^^^^^^^^^^^^^^^^^^^^^^^^^^^^^^

.venv/lib/python3.13/site-packages/asyncpg/connection.py:354:
_ _ _ _ _ _ _ _ _ _ _ _ _ _ _ _ _ _ _ _ _ _ _ _ _ _ _ _ _ _ _ _ _ _ _ _ _ _ _ _

>   return await waiter
E   RuntimeError: Task <Task pending name='Task-14' coro=<TestCrossTenantIsolation.test_tenant_a_cannot_read_tenant_b_conversations() running at /home/elsharkawy/Desktop/AginticCustomerSupport/tests/test_rls_integration.py:133> cb=[_run_until_complete_cb() at /home/elsharkawy/miniconda3/lib/python3.13/asyncio/base_events.py:181]> got Future <Future pending cb=[BaseProtocol._on_waiter_completed()]> attached to a different loop

asyncpg/protocol/protocol.pyx:369: RuntimeError
------------------------------ Captured log call -------------------------------
ERROR    sqlalchemy.pool.impl.AsyncAdaptedQueuePool:base.py:377 Exception terminating connection <AdaptedConnection <asyncpg.connection.Connection object at 0x764db4c276b0>>
Traceback (most recent call last):
  File "/home/elsharkawy/Desktop/AginticCustomerSupport/.venv/lib/python3.13/site-packages/sqlalchemy/pool/base.py", line 373, in _close_connection
    self._dialect.do_terminate(connection)
    ~~~~~~~~~~~~~~~~~~~~~~~~~~^^^^^^^^^^^^
  File "/home/elsharkawy/Desktop/AginticCustomerSupport/.venv/lib/python3.13/site-packages/sqlalchemy/dialects/postgresql/asyncpg.py", line 1131, in do_terminate
    dbapi_connection.terminate()
    ~~~~~~~~~~~~~~~~~~~~~~~~~~^^
  File "/home/elsharkawy/Desktop/AginticCustomerSupport/.venv/lib/python3.13/site-packages/sqlalchemy/connectors/asyncio.py", line 402, in terminate
    self.await_(asyncio.shield(self._terminate_graceful_close()))  # type: ignore[attr-defined] # noqa: E501
    ~~~~~~~~~~~^^^^^^^^^^^^^^^^^^^^^^^^^^^^^^^^^^^^^^^^^^^^^^^^^^
  File "/home/elsharkawy/Desktop/AginticCustomerSupport/.venv/lib/python3.13/site-packages/sqlalchemy/util/_concurrency_py3k.py", line 132, in await_only
    return current.parent.switch(awaitable)  # type: ignore[no-any-return,attr-defined] # noqa: E501
           ~~~~~~~~~~~~~~~~~~~~~^^^^^^^^^^^
  File "/home/elsharkawy/Desktop/AginticCustomerSupport/.venv/lib/python3.13/site-packages/sqlalchemy/util/_concurrency_py3k.py", line 196, in greenlet_spawn
    value = await result
            ^^^^^^^^^^^^
  File "/home/elsharkawy/Desktop/AginticCustomerSupport/.venv/lib/python3.13/site-packages/sqlalchemy/dialects/postgresql/asyncpg.py", line 912, in _terminate_graceful_close
    await self._connection.close(timeout=2)
  File "/home/elsharkawy/Desktop/AginticCustomerSupport/.venv/lib/python3.13/site-packages/asyncpg/connection.py", line 1513, in close
    await self._protocol.close(timeout)
  File "asyncpg/protocol/protocol.pyx", line 618, in close
    await self.cancel_sent_waiter
RuntimeError: Task <Task pending name='Task-15' coro=<AsyncAdapt_asyncpg_connection._terminate_graceful_close() running at /home/elsharkawy/Desktop/AginticCustomerSupport/.venv/lib/python3.13/site-packages/sqlalchemy/dialects/postgresql/asyncpg.py:912> cb=[shield.<locals>._inner_done_callback() at /home/elsharkawy/miniconda3/lib/python3.13/asyncio/tasks.py:958]> got Future <Future pending> attached to a different loop
---------------------------- Captured log teardown -----------------------------
ERROR    asyncio:base_events.py:1879 Future exception was never retrieved
future: <Future finished exception=InternalClientError('got result for unknown protocol state 3')>
Traceback (most recent call last):
  File "asyncpg/protocol/protocol.pyx", line 892, in asyncpg.protocol.protocol.BaseProtocol._dispatch_result
    raise apg_exc.InternalClientError(
asyncpg.exceptions._base.InternalClientError: got result for unknown protocol state 3
_____ TestCrossTenantIsolation.test_tenant_a_cannot_read_tenant_b_messages _____

self = <tests.test_rls_integration.TestCrossTenantIsolation object at 0x764db6205310>
db_with_seed = {'conv_a': 'fd94c73f-8a3d-49b8-9c3e-1def3b8e9a93', 'conv_b': 'c36595aa-fda7-4123-ac15-693437987573'}

    async def test_tenant_a_cannot_read_tenant_b_messages(self, db_with_seed):
        """Session bound to Tenant A must see zero messages owned by Tenant B."""
        async with async_session_factory() as session:
            bind_session_to_tenant(session, TENANT_A)

>           result = await session.execute(
                text("SELECT id FROM messages WHERE tenant_id = :tid"),
                {"tid": TENANT_B},
            )

tests/test_rls_integration.py:153:
_ _ _ _ _ _ _ _ _ _ _ _ _ _ _ _ _ _ _ _ _ _ _ _ _ _ _ _ _ _ _ _ _ _ _ _ _ _ _ _

self = <sqlalchemy.ext.asyncio.session.AsyncSession object at 0x764db4c909e0>
statement = <sqlalchemy.sql.elements.TextClause object at 0x764db4c90e20>
params = {'tid': 'dbae0583-2904-4a29-a2fb-22813fcf1972'}
execution_options = immutabledict({'prebuffer_rows': True})
bind_arguments = None, kw = {}

    async def execute(
        self,
        statement: Executable,
        params: Optional[_CoreAnyExecuteParams] = None,
        *,
        execution_options: OrmExecuteOptionsParameter = util.EMPTY_DICT,
        bind_arguments: Optional[_BindArguments] = None,
        **kw: Any,
    ) -> Result[Any]:
        """Execute a statement and return a buffered
        :class:`_engine.Result` object.

        .. seealso::

            :meth:`_orm.Session.execute` - main documentation for execute

        """

        if execution_options:
            execution_options = util.immutabledict(execution_options).union(
                _EXECUTE_OPTIONS
            )
        else:
            execution_options = _EXECUTE_OPTIONS

>       result = await greenlet_spawn(
            self.sync_session.execute,
            statement,
            params=params,
            execution_options=execution_options,
            bind_arguments=bind_arguments,
            **kw,
        )

.venv/lib/python3.13/site-packages/sqlalchemy/ext/asyncio/session.py:448:
_ _ _ _ _ _ _ _ _ _ _ _ _ _ _ _ _ _ _ _ _ _ _ _ _ _ _ _ _ _ _ _ _ _ _ _ _ _ _ _

fn = <bound method Session.execute of <sqlalchemy.orm.session.Session object at 0x764db4c90490>>
_require_await = False
args = (<sqlalchemy.sql.elements.TextClause object at 0x764db4c90e20>,)
kwargs = {'params': {'tid': 'dbae0583-2904-4a29-a2fb-22813fcf1972'}, 'execution_options': immutabledict({'prebuffer_rows': True}), 'bind_arguments': None}

    async def greenlet_spawn(
        fn: Callable[..., _T],
        *args: Any,
        _require_await: bool = False,
        **kwargs: Any,
    ) -> _T:
        """Runs a sync function ``fn`` in a new greenlet.

        The sync function can then use :func:`await_only` to wait for async
        functions.

        :param fn: The sync callable to call.
        :param \\*args: Positional arguments to pass to the ``fn`` callable.
        :param \\*\\*kwargs: Keyword arguments to pass to the ``fn`` callable.
        """

        result: Any
        context = _AsyncIoGreenlet(fn, getcurrent())
        # runs the function synchronously in gl greenlet. If the execution
        # is interrupted by await_only, context is not dead and result is a
        # coroutine to wait. If the context is dead the function has
        # returned, and its result can be returned.
        switch_occurred = False
        result = context.switch(*args, **kwargs)
        while not context.dead:
            switch_occurred = True
            try:
                # wait for a coroutine from await_only and then return its
                # result back to it.
                value = await result
            except BaseException:
                # this allows an exception to be raised within
                # the moderated greenlet so that it can continue
                # its expected flow.
>               result = context.throw(*sys.exc_info())
                         ^^^^^^^^^^^^^^^^^^^^^^^^^^^^^^

.venv/lib/python3.13/site-packages/sqlalchemy/util/_concurrency_py3k.py:201:
_ _ _ _ _ _ _ _ _ _ _ _ _ _ _ _ _ _ _ _ _ _ _ _ _ _ _ _ _ _ _ _ _ _ _ _ _ _ _ _

self = <sqlalchemy.orm.session.Session object at 0x764db4c90490>
statement = <sqlalchemy.sql.elements.TextClause object at 0x764db4c90e20>
params = {'tid': 'dbae0583-2904-4a29-a2fb-22813fcf1972'}
execution_options = immutabledict({'prebuffer_rows': True})
bind_arguments = None, _parent_execute_state = None, _add_event = None

    def execute(
        self,
        statement: Executable,
        params: Optional[_CoreAnyExecuteParams] = None,
        *,
        execution_options: OrmExecuteOptionsParameter = util.EMPTY_DICT,
        bind_arguments: Optional[_BindArguments] = None,
        _parent_execute_state: Optional[Any] = None,
        _add_event: Optional[Any] = None,
    ) -> Result[Any]:
        r"""Execute a SQL expression construct.

        Returns a :class:`_engine.Result` object representing
        results of the statement execution.

        E.g.::

            from sqlalchemy import select

            result = session.execute(select(User).where(User.id == 5))

        The API contract of :meth:`_orm.Session.execute` is similar to that
        of :meth:`_engine.Connection.execute`, the :term:`2.0 style` version
        of :class:`_engine.Connection`.

        .. versionchanged:: 1.4 the :meth:`_orm.Session.execute` method is
           now the primary point of ORM statement execution when using
           :term:`2.0 style` ORM usage.

        :param statement:
            An executable statement (i.e. an :class:`.Executable` expression
            such as :func:`_expression.select`).

        :param params:
            Optional dictionary, or list of dictionaries, containing
            bound parameter values.   If a single dictionary, single-row
            execution occurs; if a list of dictionaries, an
            "executemany" will be invoked.  The keys in each dictionary
            must correspond to parameter names present in the statement.

        :param execution_options: optional dictionary of execution options,
         which will be associated with the statement execution.  This
         dictionary can provide a subset of the options that are accepted
         by :meth:`_engine.Connection.execution_options`, and may also
         provide additional options understood only in an ORM context.

         .. seealso::

            :ref:`orm_queryguide_execution_options` - ORM-specific execution
            options

        :param bind_arguments: dictionary of additional arguments to determine
         the bind.  May include "mapper", "bind", or other custom arguments.
         Contents of this dictionary are passed to the
         :meth:`.Session.get_bind` method.

        :return: a :class:`_engine.Result` object.


        """
>       return self._execute_internal(
            statement,
            params,
            execution_options=execution_options,
            bind_arguments=bind_arguments,
            _parent_execute_state=_parent_execute_state,
            _add_event=_add_event,
        )

.venv/lib/python3.13/site-packages/sqlalchemy/orm/session.py:2373:
_ _ _ _ _ _ _ _ _ _ _ _ _ _ _ _ _ _ _ _ _ _ _ _ _ _ _ _ _ _ _ _ _ _ _ _ _ _ _ _

self = <sqlalchemy.orm.session.Session object at 0x764db4c90490>
statement = <sqlalchemy.sql.elements.TextClause object at 0x764db4c90e20>
params = {'tid': 'dbae0583-2904-4a29-a2fb-22813fcf1972'}
execution_options = immutabledict({'prebuffer_rows': True})
bind_arguments = {'clause': <sqlalchemy.sql.elements.TextClause object at 0x764db4c90e20>}
_parent_execute_state = None, _add_event = None, _scalar_result = False

    def _execute_internal(
        self,
        statement: Executable,
        params: Optional[_CoreAnyExecuteParams] = None,
        *,
        execution_options: OrmExecuteOptionsParameter = util.EMPTY_DICT,
        bind_arguments: Optional[_BindArguments] = None,
        _parent_execute_state: Optional[Any] = None,
        _add_event: Optional[Any] = None,
        _scalar_result: bool = False,
    ) -> Any:
        statement = coercions.expect(roles.StatementRole, statement)

        if not bind_arguments:
            bind_arguments = {}
        else:
            bind_arguments = dict(bind_arguments)

        if (
            statement._propagate_attrs.get("compile_state_plugin", None)
            == "orm"
        ):
            compile_state_cls = CompileState._get_plugin_class_for_plugin(
                statement, "orm"
            )
            if TYPE_CHECKING:
                assert isinstance(
                    compile_state_cls, context.AbstractORMCompileState
                )
        else:
            compile_state_cls = None
            bind_arguments.setdefault("clause", statement)

        execution_options = util.coerce_to_immutabledict(execution_options)

        if _parent_execute_state:
            events_todo = _parent_execute_state._remaining_events()
        else:
            events_todo = self.dispatch.do_orm_execute
            if _add_event:
                events_todo = list(events_todo) + [_add_event]

        if events_todo:
            # save the original execution options before
            # orm_pre_session_exec processes them, so that we can pass
            # the unprocessed options (plus any explicit updates from event
            # hooks) to the second orm_pre_session_exec call.  This
            # prevents internal state like _sa_orm_load_options and
            # yield_per from the first call leaking into the second call,
            # which would otherwise cause issues like yield_per incorrectly
            # propagating into post-load (selectinload etc.) queries.
            # part of #13301.
            original_execution_options = execution_options

            if compile_state_cls is not None:
                # for event handlers, do the orm_pre_session_exec
                # pass ahead of the event handlers, so that things like
                # .load_options, .update_delete_options etc. are populated.
                # is_pre_event=True allows the hook to hold off on things
                # it doesn't want to do twice, including autoflush as well
                # as "pre fetch" for DML, etc.
                (
                    statement,
                    execution_options,
                ) = compile_state_cls.orm_pre_session_exec(
                    self,
                    statement,
                    params,
                    execution_options,
                    bind_arguments,
                    True,
                )

            orm_exec_state = ORMExecuteState(
                self,
                statement,
                params,
                execution_options,
                bind_arguments,
                compile_state_cls,
                events_todo,
            )
            for idx, fn in enumerate(events_todo):
                orm_exec_state._starting_event_idx = idx
                fn_result: Optional[Result[Any]] = fn(orm_exec_state)
                if fn_result:
                    if _scalar_result:
                        return fn_result.scalar()
                    else:
                        return fn_result

            statement = orm_exec_state.statement

            # use the original execution options plus only the explicit
            # updates from event hooks, not the processed options from
            # the first orm_pre_session_exec call
            execution_options = original_execution_options.union(
                orm_exec_state._update_execution_options
            )

        if compile_state_cls is not None:
            # now run orm_pre_session_exec() "for real".   if there were
            # event hooks, this will re-run the steps that interpret
            # new execution_options into load_options / update_delete_options,
            # which we assume the event hook might have updated.
            # autoflush will also be invoked in this step if enabled.
            (
                statement,
                execution_options,
            ) = compile_state_cls.orm_pre_session_exec(
                self,
                statement,
                params,
                execution_options,
                bind_arguments,
                False,
            )

        bind = self.get_bind(**bind_arguments)

>       conn = self._connection_for_bind(bind)
               ^^^^^^^^^^^^^^^^^^^^^^^^^^^^^^^

.venv/lib/python3.13/site-packages/sqlalchemy/orm/session.py:2261:
_ _ _ _ _ _ _ _ _ _ _ _ _ _ _ _ _ _ _ _ _ _ _ _ _ _ _ _ _ _ _ _ _ _ _ _ _ _ _ _

self = <sqlalchemy.orm.session.Session object at 0x764db4c90490>
engine = Engine(postgresql+asyncpg://neondb_owner:***@ep-autumn-tree-athm4sjs-pooler.c-9.us-east-1.aws.neon.tech/neondb?ssl=require)
execution_options = None, kw = {}

    def _connection_for_bind(
        self,
        engine: _SessionBind,
        execution_options: Optional[CoreExecuteOptionsParameter] = None,
        **kw: Any,
    ) -> Connection:
        TransactionalContext._trans_ctx_check(self)

        trans = self._transaction
        if trans is None:
            trans = self._autobegin_t()
>       return trans._connection_for_bind(engine, execution_options)
               ^^^^^^^^^^^^^^^^^^^^^^^^^^^^^^^^^^^^^^^^^^^^^^^^^^^^^

.venv/lib/python3.13/site-packages/sqlalchemy/orm/session.py:2113:
_ _ _ _ _ _ _ _ _ _ _ _ _ _ _ _ _ _ _ _ _ _ _ _ _ _ _ _ _ _ _ _ _ _ _ _ _ _ _ _

self = <sqlalchemy.orm.session.SessionTransaction object at 0x764dafcc8210>
bind = Engine(postgresql+asyncpg://neondb_owner:***@ep-autumn-tree-athm4sjs-pooler.c-9.us-east-1.aws.neon.tech/neondb?ssl=require)
execution_options = None

>   ???

<string>:2:
_ _ _ _ _ _ _ _ _ _ _ _ _ _ _ _ _ _ _ _ _ _ _ _ _ _ _ _ _ _ _ _ _ _ _ _ _ _ _ _

fn = <function SessionTransaction._connection_for_bind at 0x764db66ca660>
self = <sqlalchemy.orm.session.SessionTransaction object at 0x764dafcc8210>
arg = (Engine(postgresql+asyncpg://neondb_owner:***@ep-autumn-tree-athm4sjs-pooler.c-9.us-east-1.aws.neon.tech/neondb?ssl=require), None)
kw = {}

    @util.decorator
    def _go(fn: _F, self: Any, *arg: Any, **kw: Any) -> Any:
        current_state = self._state

        if (
            has_prerequisite_states
            and current_state not in prerequisite_state_collection
        ):
            self._raise_for_prerequisite_state(fn.__name__, current_state)

        next_state = self._next_state
        existing_fn = self._current_fn
        expect_state = moves_to if expect_state_change else current_state

        if (
            # destination states are restricted
            next_state is not _StateChangeStates.ANY
            # method seeks to change state
            and expect_state_change
            # destination state incorrect
            and next_state is not expect_state
        ):
            if existing_fn and next_state in (
                _StateChangeStates.NO_CHANGE,
                _StateChangeStates.CHANGE_IN_PROGRESS,
            ):
                raise sa_exc.IllegalStateChangeError(
                    f"Method '{fn.__name__}()' can't be called here; "
                    f"method '{existing_fn.__name__}()' is already "
                    f"in progress and this would cause an unexpected "
                    f"state change to {moves_to!r}",
                    code="isce",
                )
            else:
                raise sa_exc.IllegalStateChangeError(
                    f"Can't run operation '{fn.__name__}()' here; "
                    f"will move to state {moves_to!r} where we are "
                    f"expecting {next_state!r}",
                    code="isce",
                )

        self._current_fn = fn
        self._next_state = _StateChangeStates.CHANGE_IN_PROGRESS
        try:
>           ret_value = fn(self, *arg, **kw)
                        ^^^^^^^^^^^^^^^^^^^^

.venv/lib/python3.13/site-packages/sqlalchemy/orm/state_changes.py:137:
_ _ _ _ _ _ _ _ _ _ _ _ _ _ _ _ _ _ _ _ _ _ _ _ _ _ _ _ _ _ _ _ _ _ _ _ _ _ _ _

self = <sqlalchemy.orm.session.SessionTransaction object at 0x764dafcc8210>
bind = Engine(postgresql+asyncpg://neondb_owner:***@ep-autumn-tree-athm4sjs-pooler.c-9.us-east-1.aws.neon.tech/neondb?ssl=require)
execution_options = None

    @_StateChange.declare_states(
        (SessionTransactionState.ACTIVE,), _StateChangeStates.NO_CHANGE
    )
    def _connection_for_bind(
        self,
        bind: _SessionBind,
        execution_options: Optional[CoreExecuteOptionsParameter],
    ) -> Connection:
        if bind in self._connections:
            if execution_options:
                util.warn(
                    "Connection is already established for the "
                    "given bind; execution_options ignored"
                )
            return self._connections[bind][0]

        self._state = SessionTransactionState.PROVISIONING_CONNECTION

        local_connect = False
        should_commit = True

        try:
            if self._parent:
                conn = self._parent._connection_for_bind(
                    bind, execution_options
                )
                if not self.nested:
                    return conn
            else:
                if isinstance(bind, engine.Connection):
                    conn = bind
                    if conn.engine in self._connections:
                        raise sa_exc.InvalidRequestError(
                            "Session already has a Connection associated "
                            "for the given Connection's Engine"
                        )
                else:
>                   conn = bind.connect()
                           ^^^^^^^^^^^^^^

.venv/lib/python3.13/site-packages/sqlalchemy/orm/session.py:1191:
_ _ _ _ _ _ _ _ _ _ _ _ _ _ _ _ _ _ _ _ _ _ _ _ _ _ _ _ _ _ _ _ _ _ _ _ _ _ _ _

self = Engine(postgresql+asyncpg://neondb_owner:***@ep-autumn-tree-athm4sjs-pooler.c-9.us-east-1.aws.neon.tech/neondb?ssl=require)

    def connect(self) -> Connection:
        """Return a new :class:`_engine.Connection` object.

        The :class:`_engine.Connection` acts as a Python context manager, so
        the typical use of this method looks like::

            with engine.connect() as connection:
                connection.execute(text("insert into table values ('foo')"))
                connection.commit()

        Where above, after the block is completed, the connection is "closed"
        and its underlying DBAPI resources are returned to the connection pool.
        This also has the effect of rolling back any transaction that
        was explicitly begun or was begun via autobegin, and will
        emit the :meth:`_events.ConnectionEvents.rollback` event if one was
        started and is still in progress.

        .. seealso::

            :meth:`_engine.Engine.begin`

        """

>       return self._connection_cls(self)
               ^^^^^^^^^^^^^^^^^^^^^^^^^^

.venv/lib/python3.13/site-packages/sqlalchemy/engine/base.py:3295:
_ _ _ _ _ _ _ _ _ _ _ _ _ _ _ _ _ _ _ _ _ _ _ _ _ _ _ _ _ _ _ _ _ _ _ _ _ _ _ _

self = <sqlalchemy.engine.base.Connection object at 0x764db4cb0e60>
engine = Engine(postgresql+asyncpg://neondb_owner:***@ep-autumn-tree-athm4sjs-pooler.c-9.us-east-1.aws.neon.tech/neondb?ssl=require)
connection = None, _has_events = None, _allow_revalidate = True
_allow_autobegin = True

    def __init__(
        self,
        engine: Engine,
        connection: Optional[PoolProxiedConnection] = None,
        _has_events: Optional[bool] = None,
        _allow_revalidate: bool = True,
        _allow_autobegin: bool = True,
    ):
        """Construct a new Connection."""
        self.engine = engine
        self.dialect = dialect = engine.dialect

        if connection is None:
            try:
>               self._dbapi_connection = engine.raw_connection()
                                         ^^^^^^^^^^^^^^^^^^^^^^^

.venv/lib/python3.13/site-packages/sqlalchemy/engine/base.py:144:
_ _ _ _ _ _ _ _ _ _ _ _ _ _ _ _ _ _ _ _ _ _ _ _ _ _ _ _ _ _ _ _ _ _ _ _ _ _ _ _

self = Engine(postgresql+asyncpg://neondb_owner:***@ep-autumn-tree-athm4sjs-pooler.c-9.us-east-1.aws.neon.tech/neondb?ssl=require)

    def raw_connection(self) -> PoolProxiedConnection:
        """Return a "raw" DBAPI connection from the connection pool.

        The returned object is a proxied version of the DBAPI
        connection object used by the underlying driver in use.
        The object will have all the same behavior as the real DBAPI
        connection, except that its ``close()`` method will result in the
        connection being returned to the pool, rather than being closed
        for real.

        This method provides direct DBAPI connection access for
        special situations when the API provided by
        :class:`_engine.Connection`
        is not needed.   When a :class:`_engine.Connection` object is already
        present, the DBAPI connection is available using
        the :attr:`_engine.Connection.connection` accessor.

        .. seealso::

            :ref:`dbapi_connections`

        """
>       return self.pool.connect()
               ^^^^^^^^^^^^^^^^^^^

.venv/lib/python3.13/site-packages/sqlalchemy/engine/base.py:3319:
_ _ _ _ _ _ _ _ _ _ _ _ _ _ _ _ _ _ _ _ _ _ _ _ _ _ _ _ _ _ _ _ _ _ _ _ _ _ _ _

self = <sqlalchemy.pool.impl.AsyncAdaptedQueuePool object at 0x764db6214050>

    def connect(self) -> PoolProxiedConnection:
        """Return a DBAPI connection from the pool.

        The connection is instrumented such that when its
        ``close()`` method is called, the connection will be returned to
        the pool.

        """
>       return _ConnectionFairy._checkout(self)
               ^^^^^^^^^^^^^^^^^^^^^^^^^^^^^^^^

.venv/lib/python3.13/site-packages/sqlalchemy/pool/base.py:448:
_ _ _ _ _ _ _ _ _ _ _ _ _ _ _ _ _ _ _ _ _ _ _ _ _ _ _ _ _ _ _ _ _ _ _ _ _ _ _ _

cls = <class 'sqlalchemy.pool.base._ConnectionFairy'>
pool = <sqlalchemy.pool.impl.AsyncAdaptedQueuePool object at 0x764db6214050>
threadconns = None

    @classmethod
    def _checkout(
        cls,
        pool: Pool,
        threadconns: Optional[threading.local] = None,
        fairy: Optional[_ConnectionFairy] = None,
    ) -> _ConnectionFairy:
        if not fairy:
            fairy = _ConnectionRecord.checkout(pool)

            if threadconns is not None:
                threadconns.current = weakref.ref(fairy)

        assert (
            fairy._connection_record is not None
        ), "can't 'checkout' a detached connection fairy"
        assert (
            fairy.dbapi_connection is not None
        ), "can't 'checkout' an invalidated connection fairy"

        fairy._counter += 1
        if (
            not pool.dispatch.checkout and not pool._pre_ping
        ) or fairy._counter != 1:
            return fairy

        # Pool listeners can trigger a reconnection on checkout, as well
        # as the pre-pinger.
        # there are three attempts made here, but note that if the database
        # is not accessible from a connection standpoint, those won't proceed
        # here.

        attempts = 2

        while attempts > 0:
            connection_is_fresh = fairy._connection_record.fresh
            fairy._connection_record.fresh = False
            try:
                if pool._pre_ping:
                    if not connection_is_fresh:
                        if fairy._echo:
                            pool.logger.debug(
                                "Pool pre-ping on connection %s",
                                fairy.dbapi_connection,
                            )
                        result = pool._dialect._do_ping_w_event(
                            fairy.dbapi_connection
                        )
                        if not result:
                            if fairy._echo:
                                pool.logger.debug(
                                    "Pool pre-ping on connection %s failed, "
                                    "will invalidate pool",
                                    fairy.dbapi_connection,
                                )
                            raise exc.InvalidatePoolError()
                    elif fairy._echo:
                        pool.logger.debug(
                            "Connection %s is fresh, skipping pre-ping",
                            fairy.dbapi_connection,
                        )

                pool.dispatch.checkout(
                    fairy.dbapi_connection, fairy._connection_record, fairy
                )
                return fairy
            except exc.DisconnectionError as e:
                if e.invalidate_pool:
                    pool.logger.info(
                        "Disconnection detected on checkout, "
                        "invalidating all pooled connections prior to "
                        "current timestamp (reason: %r)",
                        e,
                    )
                    fairy._connection_record.invalidate(e)
                    pool._invalidate(fairy, e, _checkin=False)
                else:
                    pool.logger.info(
                        "Disconnection detected on checkout, "
                        "invalidating individual connection %s (reason: %r)",
                        fairy.dbapi_connection,
                        e,
                    )
                    fairy._connection_record.invalidate(e)
                try:
                    fairy.dbapi_connection = (
                        fairy._connection_record.get_connection()
                    )
                except BaseException as err:
                    with util.safe_reraise():
                        fairy._connection_record._checkin_failed(
                            err,
                            _fairy_was_created=True,
                        )

                        # prevent _ConnectionFairy from being carried
                        # in the stack trace.  Do this after the
                        # connection record has been checked in, so that
                        # if the del triggers a finalize fairy, it won't
                        # try to checkin a second time.
                        del fairy

                    # never called, this is for code linters
                    raise

                attempts -= 1
            except BaseException as be_outer:
>               with util.safe_reraise():
                     ^^^^^^^^^^^^^^^^^^^

.venv/lib/python3.13/site-packages/sqlalchemy/pool/base.py:1371:
_ _ _ _ _ _ _ _ _ _ _ _ _ _ _ _ _ _ _ _ _ _ _ _ _ _ _ _ _ _ _ _ _ _ _ _ _ _ _ _

self = <sqlalchemy.util.langhelpers.safe_reraise object at 0x764db4cbdde0>
type_ = None, value = None, traceback = None

    def __exit__(
        self,
        type_: Optional[Type[BaseException]],
        value: Optional[BaseException],
        traceback: Optional[types.TracebackType],
    ) -> NoReturn:
        assert self._exc_info is not None
        # see #2703 for notes
        if type_ is None:
            exc_type, exc_value, exc_tb = self._exc_info
            assert exc_value is not None
            self._exc_info = None  # remove potential circular references
>           raise exc_value.with_traceback(exc_tb)

.venv/lib/python3.13/site-packages/sqlalchemy/util/langhelpers.py:122:
_ _ _ _ _ _ _ _ _ _ _ _ _ _ _ _ _ _ _ _ _ _ _ _ _ _ _ _ _ _ _ _ _ _ _ _ _ _ _ _

cls = <class 'sqlalchemy.pool.base._ConnectionFairy'>
pool = <sqlalchemy.pool.impl.AsyncAdaptedQueuePool object at 0x764db6214050>
threadconns = None

    @classmethod
    def _checkout(
        cls,
        pool: Pool,
        threadconns: Optional[threading.local] = None,
        fairy: Optional[_ConnectionFairy] = None,
    ) -> _ConnectionFairy:
        if not fairy:
            fairy = _ConnectionRecord.checkout(pool)

            if threadconns is not None:
                threadconns.current = weakref.ref(fairy)

        assert (
            fairy._connection_record is not None
        ), "can't 'checkout' a detached connection fairy"
        assert (
            fairy.dbapi_connection is not None
        ), "can't 'checkout' an invalidated connection fairy"

        fairy._counter += 1
        if (
            not pool.dispatch.checkout and not pool._pre_ping
        ) or fairy._counter != 1:
            return fairy

        # Pool listeners can trigger a reconnection on checkout, as well
        # as the pre-pinger.
        # there are three attempts made here, but note that if the database
        # is not accessible from a connection standpoint, those won't proceed
        # here.

        attempts = 2

        while attempts > 0:
            connection_is_fresh = fairy._connection_record.fresh
            fairy._connection_record.fresh = False
            try:
                if pool._pre_ping:
                    if not connection_is_fresh:
                        if fairy._echo:
                            pool.logger.debug(
                                "Pool pre-ping on connection %s",
                                fairy.dbapi_connection,
                            )
>                       result = pool._dialect._do_ping_w_event(
                            fairy.dbapi_connection
                        )

.venv/lib/python3.13/site-packages/sqlalchemy/pool/base.py:1309:
_ _ _ _ _ _ _ _ _ _ _ _ _ _ _ _ _ _ _ _ _ _ _ _ _ _ _ _ _ _ _ _ _ _ _ _ _ _ _ _

self = <sqlalchemy.dialects.postgresql.asyncpg.PGDialect_asyncpg object at 0x764db6253b60>
dbapi_connection = <AdaptedConnection <asyncpg.connection.Connection object at 0x764db4cb1400>>

    def _do_ping_w_event(self, dbapi_connection: DBAPIConnection) -> bool:
        try:
>           return self.do_ping(dbapi_connection)
                   ^^^^^^^^^^^^^^^^^^^^^^^^^^^^^^

.venv/lib/python3.13/site-packages/sqlalchemy/engine/default.py:729:
_ _ _ _ _ _ _ _ _ _ _ _ _ _ _ _ _ _ _ _ _ _ _ _ _ _ _ _ _ _ _ _ _ _ _ _ _ _ _ _

self = <sqlalchemy.dialects.postgresql.asyncpg.PGDialect_asyncpg object at 0x764db6253b60>
dbapi_connection = <AdaptedConnection <asyncpg.connection.Connection object at 0x764db4cb1400>>

    def do_ping(self, dbapi_connection):
>       dbapi_connection.ping()

.venv/lib/python3.13/site-packages/sqlalchemy/dialects/postgresql/asyncpg.py:1164:
_ _ _ _ _ _ _ _ _ _ _ _ _ _ _ _ _ _ _ _ _ _ _ _ _ _ _ _ _ _ _ _ _ _ _ _ _ _ _ _

self = <AdaptedConnection <asyncpg.connection.Connection object at 0x764db4cb1400>>

    def ping(self):
        try:
            _ = self.await_(self._async_ping())
        except Exception as error:
>           self._handle_exception(error)

.venv/lib/python3.13/site-packages/sqlalchemy/dialects/postgresql/asyncpg.py:818:
_ _ _ _ _ _ _ _ _ _ _ _ _ _ _ _ _ _ _ _ _ _ _ _ _ _ _ _ _ _ _ _ _ _ _ _ _ _ _ _

self = <AdaptedConnection <asyncpg.connection.Connection object at 0x764db4cb1400>>
error = RuntimeError("Task <Task pending name='Task-25' coro=<TestCrossTenantIsolation.test_tenant_a_cannot_read_tenant_b_mess...ase_events.py:181]> got Future <Future pending cb=[BaseProtocol._on_waiter_completed()]> attached to a different loop")

    def _handle_exception(self, error):
        if self._connection.is_closed():
            self._transaction = None
            self._started = False

        if not isinstance(error, AsyncAdapt_asyncpg_dbapi.Error):
            exception_mapping = self.dbapi._asyncpg_error_translate

            for super_ in type(error).__mro__:
                if super_ in exception_mapping:
                    translated_error = exception_mapping[super_](
                        "%s: %s" % (type(error), error)
                    )
                    translated_error.pgcode = translated_error.sqlstate = (
                        getattr(error, "sqlstate", None)
                    )
                    raise translated_error from error
            else:
>               raise error

.venv/lib/python3.13/site-packages/sqlalchemy/dialects/postgresql/asyncpg.py:799:
_ _ _ _ _ _ _ _ _ _ _ _ _ _ _ _ _ _ _ _ _ _ _ _ _ _ _ _ _ _ _ _ _ _ _ _ _ _ _ _

self = <AdaptedConnection <asyncpg.connection.Connection object at 0x764db4cb1400>>

    def ping(self):
        try:
>           _ = self.await_(self._async_ping())
                ^^^^^^^^^^^^^^^^^^^^^^^^^^^^^^^

.venv/lib/python3.13/site-packages/sqlalchemy/dialects/postgresql/asyncpg.py:816:
_ _ _ _ _ _ _ _ _ _ _ _ _ _ _ _ _ _ _ _ _ _ _ _ _ _ _ _ _ _ _ _ _ _ _ _ _ _ _ _

awaitable = <coroutine object AsyncAdapt_asyncpg_connection._async_ping at 0x764db4c959a0>

    def await_only(awaitable: Awaitable[_T]) -> _T:
        """Awaits an async function in a sync method.

        The sync method must be inside a :func:`greenlet_spawn` context.
        :func:`await_only` calls cannot be nested.

        :param awaitable: The coroutine to call.

        """
        # this is called in the context greenlet while running fn
        current = getcurrent()
        if not getattr(current, "__sqlalchemy_greenlet_provider__", False):
            _safe_cancel_awaitable(awaitable)

            raise exc.MissingGreenlet(
                "greenlet_spawn has not been called; can't call await_only() "
                "here. Was IO attempted in an unexpected place?"
            )

        # returns the control to the driver greenlet passing it
        # a coroutine to run. Once the awaitable is done, the driver greenlet
        # switches back to this greenlet with the result of awaitable that is
        # then returned to the caller (or raised as error)
>       return current.parent.switch(awaitable)  # type: ignore[no-any-return,attr-defined] # noqa: E501
               ^^^^^^^^^^^^^^^^^^^^^^^^^^^^^^^^

.venv/lib/python3.13/site-packages/sqlalchemy/util/_concurrency_py3k.py:132:
_ _ _ _ _ _ _ _ _ _ _ _ _ _ _ _ _ _ _ _ _ _ _ _ _ _ _ _ _ _ _ _ _ _ _ _ _ _ _ _

fn = <bound method Session.execute of <sqlalchemy.orm.session.Session object at 0x764db4c90490>>
_require_await = False
args = (<sqlalchemy.sql.elements.TextClause object at 0x764db4c90e20>,)
kwargs = {'params': {'tid': 'dbae0583-2904-4a29-a2fb-22813fcf1972'}, 'execution_options': immutabledict({'prebuffer_rows': True}), 'bind_arguments': None}

    async def greenlet_spawn(
        fn: Callable[..., _T],
        *args: Any,
        _require_await: bool = False,
        **kwargs: Any,
    ) -> _T:
        """Runs a sync function ``fn`` in a new greenlet.

        The sync function can then use :func:`await_only` to wait for async
        functions.

        :param fn: The sync callable to call.
        :param \\*args: Positional arguments to pass to the ``fn`` callable.
        :param \\*\\*kwargs: Keyword arguments to pass to the ``fn`` callable.
        """

        result: Any
        context = _AsyncIoGreenlet(fn, getcurrent())
        # runs the function synchronously in gl greenlet. If the execution
        # is interrupted by await_only, context is not dead and result is a
        # coroutine to wait. If the context is dead the function has
        # returned, and its result can be returned.
        switch_occurred = False
        result = context.switch(*args, **kwargs)
        while not context.dead:
            switch_occurred = True
            try:
                # wait for a coroutine from await_only and then return its
                # result back to it.
>               value = await result
                        ^^^^^^^^^^^^

.venv/lib/python3.13/site-packages/sqlalchemy/util/_concurrency_py3k.py:196:
_ _ _ _ _ _ _ _ _ _ _ _ _ _ _ _ _ _ _ _ _ _ _ _ _ _ _ _ _ _ _ _ _ _ _ _ _ _ _ _

self = <AdaptedConnection <asyncpg.connection.Connection object at 0x764db4cb1400>>

    async def _async_ping(self):
        if self._transaction is None and self.isolation_level != "autocommit":
            # create a transaction explicitly to support pgbouncer
            # transaction mode.   See #10226
            tr = self._connection.transaction()
>           await tr.start()

.venv/lib/python3.13/site-packages/sqlalchemy/dialects/postgresql/asyncpg.py:825:
_ _ _ _ _ _ _ _ _ _ _ _ _ _ _ _ _ _ _ _ _ _ _ _ _ _ _ _ _ _ _ _ _ _ _ _ _ _ _ _

self = <asyncpg.Transaction state:failed 0x764db4e2df50>

    @connresource.guarded
    async def start(self):
        """Enter the transaction or savepoint block."""
        self.__check_state_base('start')
        if self._state is TransactionState.STARTED:
            raise apg_errors.InterfaceError(
                'cannot start; the transaction is already started')

        con = self._connection

        if con._top_xact is None:
            if con._protocol.is_in_transaction():
                raise apg_errors.InterfaceError(
                    'cannot use Connection.transaction() in '
                    'a manually started transaction')
            con._top_xact = self
        else:
            # Nested transaction block
            if self._isolation:
                top_xact_isolation = con._top_xact._isolation
                if top_xact_isolation is None:
                    top_xact_isolation = ISOLATION_LEVELS_BY_VALUE[
                        await self._connection.fetchval(
                            'SHOW transaction_isolation;')]
                if self._isolation != top_xact_isolation:
                    raise apg_errors.InterfaceError(
                        'nested transaction has a different isolation level: '
                        'current {!r} != outer {!r}'.format(
                            self._isolation, top_xact_isolation))
            self._nested = True

        if self._nested:
            self._id = con._get_unique_id('savepoint')
            query = 'SAVEPOINT {};'.format(self._id)
        else:
            query = 'BEGIN'
            if self._isolation == 'read_committed':
                query += ' ISOLATION LEVEL READ COMMITTED'
            elif self._isolation == 'read_uncommitted':
                query += ' ISOLATION LEVEL READ UNCOMMITTED'
            elif self._isolation == 'repeatable_read':
                query += ' ISOLATION LEVEL REPEATABLE READ'
            elif self._isolation == 'serializable':
                query += ' ISOLATION LEVEL SERIALIZABLE'
            if self._readonly:
                query += ' READ ONLY'
            if self._deferrable:
                query += ' DEFERRABLE'
            query += ';'

        try:
>           await self._connection.execute(query)

.venv/lib/python3.13/site-packages/asyncpg/transaction.py:146:
_ _ _ _ _ _ _ _ _ _ _ _ _ _ _ _ _ _ _ _ _ _ _ _ _ _ _ _ _ _ _ _ _ _ _ _ _ _ _ _

self = <asyncpg.connection.Connection object at 0x764db4cb1400>
query = 'BEGIN;', timeout = None, args = ()

    async def execute(
        self,
        query: str,
        *args,
        timeout: typing.Optional[float]=None,
    ) -> str:
        """Execute an SQL command (or commands).

        This method can execute many SQL commands at once, when no arguments
        are provided.

        Example:

        .. code-block:: pycon

            >>> await con.execute('''
            ...     CREATE TABLE mytab (a int);
            ...     INSERT INTO mytab (a) VALUES (100), (200), (300);
            ... ''')
            INSERT 0 3

            >>> await con.execute('''
            ...     INSERT INTO mytab (a) VALUES ($1), ($2)
            ... ''', 10, 20)
            INSERT 0 2

        :param args: Query arguments.
        :param float timeout: Optional timeout value in seconds.
        :return str: Status of the last SQL command.

        .. versionchanged:: 0.5.4
           Made it possible to pass query arguments.
        """
        self._check_open()

        if not args:
            if self._query_loggers:
                with self._time_and_log(query, args, timeout):
                    result = await self._protocol.query(query, timeout)
            else:
>               result = await self._protocol.query(query, timeout)
                         ^^^^^^^^^^^^^^^^^^^^^^^^^^^^^^^^^^^^^^^^^^

.venv/lib/python3.13/site-packages/asyncpg/connection.py:354:
_ _ _ _ _ _ _ _ _ _ _ _ _ _ _ _ _ _ _ _ _ _ _ _ _ _ _ _ _ _ _ _ _ _ _ _ _ _ _ _

>   return await waiter
E   RuntimeError: Task <Task pending name='Task-25' coro=<TestCrossTenantIsolation.test_tenant_a_cannot_read_tenant_b_messages() running at /home/elsharkawy/Desktop/AginticCustomerSupport/tests/test_rls_integration.py:153> cb=[_run_until_complete_cb() at /home/elsharkawy/miniconda3/lib/python3.13/asyncio/base_events.py:181]> got Future <Future pending cb=[BaseProtocol._on_waiter_completed()]> attached to a different loop

asyncpg/protocol/protocol.pyx:369: RuntimeError
------------------------------ Captured log call -------------------------------
ERROR    sqlalchemy.pool.impl.AsyncAdaptedQueuePool:base.py:377 Exception terminating connection <AdaptedConnection <asyncpg.connection.Connection object at 0x764db4cb1400>>
Traceback (most recent call last):
  File "/home/elsharkawy/Desktop/AginticCustomerSupport/.venv/lib/python3.13/site-packages/sqlalchemy/pool/base.py", line 373, in _close_connection
    self._dialect.do_terminate(connection)
    ~~~~~~~~~~~~~~~~~~~~~~~~~~^^^^^^^^^^^^
  File "/home/elsharkawy/Desktop/AginticCustomerSupport/.venv/lib/python3.13/site-packages/sqlalchemy/dialects/postgresql/asyncpg.py", line 1131, in do_terminate
    dbapi_connection.terminate()
    ~~~~~~~~~~~~~~~~~~~~~~~~~~^^
  File "/home/elsharkawy/Desktop/AginticCustomerSupport/.venv/lib/python3.13/site-packages/sqlalchemy/connectors/asyncio.py", line 402, in terminate
    self.await_(asyncio.shield(self._terminate_graceful_close()))  # type: ignore[attr-defined] # noqa: E501
    ~~~~~~~~~~~^^^^^^^^^^^^^^^^^^^^^^^^^^^^^^^^^^^^^^^^^^^^^^^^^^
  File "/home/elsharkawy/Desktop/AginticCustomerSupport/.venv/lib/python3.13/site-packages/sqlalchemy/util/_concurrency_py3k.py", line 132, in await_only
    return current.parent.switch(awaitable)  # type: ignore[no-any-return,attr-defined] # noqa: E501
           ~~~~~~~~~~~~~~~~~~~~~^^^^^^^^^^^
  File "/home/elsharkawy/Desktop/AginticCustomerSupport/.venv/lib/python3.13/site-packages/sqlalchemy/util/_concurrency_py3k.py", line 196, in greenlet_spawn
    value = await result
            ^^^^^^^^^^^^
  File "/home/elsharkawy/Desktop/AginticCustomerSupport/.venv/lib/python3.13/site-packages/sqlalchemy/dialects/postgresql/asyncpg.py", line 912, in _terminate_graceful_close
    await self._connection.close(timeout=2)
  File "/home/elsharkawy/Desktop/AginticCustomerSupport/.venv/lib/python3.13/site-packages/asyncpg/connection.py", line 1513, in close
    await self._protocol.close(timeout)
  File "asyncpg/protocol/protocol.pyx", line 618, in close
    await self.cancel_sent_waiter
RuntimeError: Task <Task pending name='Task-26' coro=<AsyncAdapt_asyncpg_connection._terminate_graceful_close() running at /home/elsharkawy/Desktop/AginticCustomerSupport/.venv/lib/python3.13/site-packages/sqlalchemy/dialects/postgresql/asyncpg.py:912> cb=[shield.<locals>._inner_done_callback() at /home/elsharkawy/miniconda3/lib/python3.13/asyncio/tasks.py:958]> got Future <Future pending> attached to a different loop
---------------------------- Captured log teardown -----------------------------
ERROR    asyncio:base_events.py:1879 Future exception was never retrieved
future: <Future finished exception=InternalClientError('got result for unknown protocol state 3')>
Traceback (most recent call last):
  File "asyncpg/protocol/protocol.pyx", line 892, in asyncpg.protocol.protocol.BaseProtocol._dispatch_result
    raise apg_exc.InternalClientError(
asyncpg.exceptions._base.InternalClientError: got result for unknown protocol state 3
_________ TestCrossTenantIsolation.test_unbound_session_sees_all_rows __________

self = <tests.test_rls_integration.TestCrossTenantIsolation object at 0x764db6230640>
db_with_seed = {'conv_a': '9a9f2ed1-2328-4cfc-8589-0962d63b4dd7', 'conv_b': '3825b199-f476-4ae7-a49c-d39be3c072f7'}

    async def test_unbound_session_sees_all_rows(self, db_with_seed):
        """
        An unbound session (no app.tenant_id set) with BYPASSRLS should see all rows.
        This validates the seed data is actually present.
        This test is expected to pass only if the app role has BYPASSRLS or
        RLS is not yet active on the session. Documents expected behavior.
        """
        async with async_session_factory() as session:
>           result = await session.execute(
                text("SELECT tenant_id FROM conversations WHERE tenant_id IN (:a, :b)"),
                {"a": TENANT_A, "b": TENANT_B},
            )

tests/test_rls_integration.py:170:
_ _ _ _ _ _ _ _ _ _ _ _ _ _ _ _ _ _ _ _ _ _ _ _ _ _ _ _ _ _ _ _ _ _ _ _ _ _ _ _

self = <sqlalchemy.ext.asyncio.session.AsyncSession object at 0x764db4ca4550>
statement = <sqlalchemy.sql.elements.TextClause object at 0x764db4cb0b90>
params = {'a': 'dc6cd82b-cb52-418e-83e8-441483ad335f', 'b': 'dbae0583-2904-4a29-a2fb-22813fcf1972'}
execution_options = immutabledict({'prebuffer_rows': True})
bind_arguments = None, kw = {}

    async def execute(
        self,
        statement: Executable,
        params: Optional[_CoreAnyExecuteParams] = None,
        *,
        execution_options: OrmExecuteOptionsParameter = util.EMPTY_DICT,
        bind_arguments: Optional[_BindArguments] = None,
        **kw: Any,
    ) -> Result[Any]:
        """Execute a statement and return a buffered
        :class:`_engine.Result` object.

        .. seealso::

            :meth:`_orm.Session.execute` - main documentation for execute

        """

        if execution_options:
            execution_options = util.immutabledict(execution_options).union(
                _EXECUTE_OPTIONS
            )
        else:
            execution_options = _EXECUTE_OPTIONS

>       result = await greenlet_spawn(
            self.sync_session.execute,
            statement,
            params=params,
            execution_options=execution_options,
            bind_arguments=bind_arguments,
            **kw,
        )

.venv/lib/python3.13/site-packages/sqlalchemy/ext/asyncio/session.py:448:
_ _ _ _ _ _ _ _ _ _ _ _ _ _ _ _ _ _ _ _ _ _ _ _ _ _ _ _ _ _ _ _ _ _ _ _ _ _ _ _

fn = <bound method Session.execute of <sqlalchemy.orm.session.Session object at 0x764db4ca5650>>
_require_await = False
args = (<sqlalchemy.sql.elements.TextClause object at 0x764db4cb0b90>,)
kwargs = {'params': {'a': 'dc6cd82b-cb52-418e-83e8-441483ad335f', 'b': 'dbae0583-2904-4a29-a2fb-22813fcf1972'}, 'execution_options': immutabledict({'prebuffer_rows': True}), 'bind_arguments': None}

    async def greenlet_spawn(
        fn: Callable[..., _T],
        *args: Any,
        _require_await: bool = False,
        **kwargs: Any,
    ) -> _T:
        """Runs a sync function ``fn`` in a new greenlet.

        The sync function can then use :func:`await_only` to wait for async
        functions.

        :param fn: The sync callable to call.
        :param \\*args: Positional arguments to pass to the ``fn`` callable.
        :param \\*\\*kwargs: Keyword arguments to pass to the ``fn`` callable.
        """

        result: Any
        context = _AsyncIoGreenlet(fn, getcurrent())
        # runs the function synchronously in gl greenlet. If the execution
        # is interrupted by await_only, context is not dead and result is a
        # coroutine to wait. If the context is dead the function has
        # returned, and its result can be returned.
        switch_occurred = False
        result = context.switch(*args, **kwargs)
        while not context.dead:
            switch_occurred = True
            try:
                # wait for a coroutine from await_only and then return its
                # result back to it.
                value = await result
            except BaseException:
                # this allows an exception to be raised within
                # the moderated greenlet so that it can continue
                # its expected flow.
>               result = context.throw(*sys.exc_info())
                         ^^^^^^^^^^^^^^^^^^^^^^^^^^^^^^

.venv/lib/python3.13/site-packages/sqlalchemy/util/_concurrency_py3k.py:201:
_ _ _ _ _ _ _ _ _ _ _ _ _ _ _ _ _ _ _ _ _ _ _ _ _ _ _ _ _ _ _ _ _ _ _ _ _ _ _ _

self = <sqlalchemy.orm.session.Session object at 0x764db4ca5650>
statement = <sqlalchemy.sql.elements.TextClause object at 0x764db4cb0b90>
params = {'a': 'dc6cd82b-cb52-418e-83e8-441483ad335f', 'b': 'dbae0583-2904-4a29-a2fb-22813fcf1972'}
execution_options = immutabledict({'prebuffer_rows': True})
bind_arguments = None, _parent_execute_state = None, _add_event = None

    def execute(
        self,
        statement: Executable,
        params: Optional[_CoreAnyExecuteParams] = None,
        *,
        execution_options: OrmExecuteOptionsParameter = util.EMPTY_DICT,
        bind_arguments: Optional[_BindArguments] = None,
        _parent_execute_state: Optional[Any] = None,
        _add_event: Optional[Any] = None,
    ) -> Result[Any]:
        r"""Execute a SQL expression construct.

        Returns a :class:`_engine.Result` object representing
        results of the statement execution.

        E.g.::

            from sqlalchemy import select

            result = session.execute(select(User).where(User.id == 5))

        The API contract of :meth:`_orm.Session.execute` is similar to that
        of :meth:`_engine.Connection.execute`, the :term:`2.0 style` version
        of :class:`_engine.Connection`.

        .. versionchanged:: 1.4 the :meth:`_orm.Session.execute` method is
           now the primary point of ORM statement execution when using
           :term:`2.0 style` ORM usage.

        :param statement:
            An executable statement (i.e. an :class:`.Executable` expression
            such as :func:`_expression.select`).

        :param params:
            Optional dictionary, or list of dictionaries, containing
            bound parameter values.   If a single dictionary, single-row
            execution occurs; if a list of dictionaries, an
            "executemany" will be invoked.  The keys in each dictionary
            must correspond to parameter names present in the statement.

        :param execution_options: optional dictionary of execution options,
         which will be associated with the statement execution.  This
         dictionary can provide a subset of the options that are accepted
         by :meth:`_engine.Connection.execution_options`, and may also
         provide additional options understood only in an ORM context.

         .. seealso::

            :ref:`orm_queryguide_execution_options` - ORM-specific execution
            options

        :param bind_arguments: dictionary of additional arguments to determine
         the bind.  May include "mapper", "bind", or other custom arguments.
         Contents of this dictionary are passed to the
         :meth:`.Session.get_bind` method.

        :return: a :class:`_engine.Result` object.


        """
>       return self._execute_internal(
            statement,
            params,
            execution_options=execution_options,
            bind_arguments=bind_arguments,
            _parent_execute_state=_parent_execute_state,
            _add_event=_add_event,
        )

.venv/lib/python3.13/site-packages/sqlalchemy/orm/session.py:2373:
_ _ _ _ _ _ _ _ _ _ _ _ _ _ _ _ _ _ _ _ _ _ _ _ _ _ _ _ _ _ _ _ _ _ _ _ _ _ _ _

self = <sqlalchemy.orm.session.Session object at 0x764db4ca5650>
statement = <sqlalchemy.sql.elements.TextClause object at 0x764db4cb0b90>
params = {'a': 'dc6cd82b-cb52-418e-83e8-441483ad335f', 'b': 'dbae0583-2904-4a29-a2fb-22813fcf1972'}
execution_options = immutabledict({'prebuffer_rows': True})
bind_arguments = {'clause': <sqlalchemy.sql.elements.TextClause object at 0x764db4cb0b90>}
_parent_execute_state = None, _add_event = None, _scalar_result = False

    def _execute_internal(
        self,
        statement: Executable,
        params: Optional[_CoreAnyExecuteParams] = None,
        *,
        execution_options: OrmExecuteOptionsParameter = util.EMPTY_DICT,
        bind_arguments: Optional[_BindArguments] = None,
        _parent_execute_state: Optional[Any] = None,
        _add_event: Optional[Any] = None,
        _scalar_result: bool = False,
    ) -> Any:
        statement = coercions.expect(roles.StatementRole, statement)

        if not bind_arguments:
            bind_arguments = {}
        else:
            bind_arguments = dict(bind_arguments)

        if (
            statement._propagate_attrs.get("compile_state_plugin", None)
            == "orm"
        ):
            compile_state_cls = CompileState._get_plugin_class_for_plugin(
                statement, "orm"
            )
            if TYPE_CHECKING:
                assert isinstance(
                    compile_state_cls, context.AbstractORMCompileState
                )
        else:
            compile_state_cls = None
            bind_arguments.setdefault("clause", statement)

        execution_options = util.coerce_to_immutabledict(execution_options)

        if _parent_execute_state:
            events_todo = _parent_execute_state._remaining_events()
        else:
            events_todo = self.dispatch.do_orm_execute
            if _add_event:
                events_todo = list(events_todo) + [_add_event]

        if events_todo:
            # save the original execution options before
            # orm_pre_session_exec processes them, so that we can pass
            # the unprocessed options (plus any explicit updates from event
            # hooks) to the second orm_pre_session_exec call.  This
            # prevents internal state like _sa_orm_load_options and
            # yield_per from the first call leaking into the second call,
            # which would otherwise cause issues like yield_per incorrectly
            # propagating into post-load (selectinload etc.) queries.
            # part of #13301.
            original_execution_options = execution_options

            if compile_state_cls is not None:
                # for event handlers, do the orm_pre_session_exec
                # pass ahead of the event handlers, so that things like
                # .load_options, .update_delete_options etc. are populated.
                # is_pre_event=True allows the hook to hold off on things
                # it doesn't want to do twice, including autoflush as well
                # as "pre fetch" for DML, etc.
                (
                    statement,
                    execution_options,
                ) = compile_state_cls.orm_pre_session_exec(
                    self,
                    statement,
                    params,
                    execution_options,
                    bind_arguments,
                    True,
                )

            orm_exec_state = ORMExecuteState(
                self,
                statement,
                params,
                execution_options,
                bind_arguments,
                compile_state_cls,
                events_todo,
            )
            for idx, fn in enumerate(events_todo):
                orm_exec_state._starting_event_idx = idx
                fn_result: Optional[Result[Any]] = fn(orm_exec_state)
                if fn_result:
                    if _scalar_result:
                        return fn_result.scalar()
                    else:
                        return fn_result

            statement = orm_exec_state.statement

            # use the original execution options plus only the explicit
            # updates from event hooks, not the processed options from
            # the first orm_pre_session_exec call
            execution_options = original_execution_options.union(
                orm_exec_state._update_execution_options
            )

        if compile_state_cls is not None:
            # now run orm_pre_session_exec() "for real".   if there were
            # event hooks, this will re-run the steps that interpret
            # new execution_options into load_options / update_delete_options,
            # which we assume the event hook might have updated.
            # autoflush will also be invoked in this step if enabled.
            (
                statement,
                execution_options,
            ) = compile_state_cls.orm_pre_session_exec(
                self,
                statement,
                params,
                execution_options,
                bind_arguments,
                False,
            )

        bind = self.get_bind(**bind_arguments)

>       conn = self._connection_for_bind(bind)
               ^^^^^^^^^^^^^^^^^^^^^^^^^^^^^^^

.venv/lib/python3.13/site-packages/sqlalchemy/orm/session.py:2261:
_ _ _ _ _ _ _ _ _ _ _ _ _ _ _ _ _ _ _ _ _ _ _ _ _ _ _ _ _ _ _ _ _ _ _ _ _ _ _ _

self = <sqlalchemy.orm.session.Session object at 0x764db4ca5650>
engine = Engine(postgresql+asyncpg://neondb_owner:***@ep-autumn-tree-athm4sjs-pooler.c-9.us-east-1.aws.neon.tech/neondb?ssl=require)
execution_options = None, kw = {}

    def _connection_for_bind(
        self,
        engine: _SessionBind,
        execution_options: Optional[CoreExecuteOptionsParameter] = None,
        **kw: Any,
    ) -> Connection:
        TransactionalContext._trans_ctx_check(self)

        trans = self._transaction
        if trans is None:
            trans = self._autobegin_t()
>       return trans._connection_for_bind(engine, execution_options)
               ^^^^^^^^^^^^^^^^^^^^^^^^^^^^^^^^^^^^^^^^^^^^^^^^^^^^^

.venv/lib/python3.13/site-packages/sqlalchemy/orm/session.py:2113:
_ _ _ _ _ _ _ _ _ _ _ _ _ _ _ _ _ _ _ _ _ _ _ _ _ _ _ _ _ _ _ _ _ _ _ _ _ _ _ _

self = <sqlalchemy.orm.session.SessionTransaction object at 0x764db434d6d0>
bind = Engine(postgresql+asyncpg://neondb_owner:***@ep-autumn-tree-athm4sjs-pooler.c-9.us-east-1.aws.neon.tech/neondb?ssl=require)
execution_options = None

>   ???

<string>:2:
_ _ _ _ _ _ _ _ _ _ _ _ _ _ _ _ _ _ _ _ _ _ _ _ _ _ _ _ _ _ _ _ _ _ _ _ _ _ _ _

fn = <function SessionTransaction._connection_for_bind at 0x764db66ca660>
self = <sqlalchemy.orm.session.SessionTransaction object at 0x764db434d6d0>
arg = (Engine(postgresql+asyncpg://neondb_owner:***@ep-autumn-tree-athm4sjs-pooler.c-9.us-east-1.aws.neon.tech/neondb?ssl=require), None)
kw = {}

    @util.decorator
    def _go(fn: _F, self: Any, *arg: Any, **kw: Any) -> Any:
        current_state = self._state

        if (
            has_prerequisite_states
            and current_state not in prerequisite_state_collection
        ):
            self._raise_for_prerequisite_state(fn.__name__, current_state)

        next_state = self._next_state
        existing_fn = self._current_fn
        expect_state = moves_to if expect_state_change else current_state

        if (
            # destination states are restricted
            next_state is not _StateChangeStates.ANY
            # method seeks to change state
            and expect_state_change
            # destination state incorrect
            and next_state is not expect_state
        ):
            if existing_fn and next_state in (
                _StateChangeStates.NO_CHANGE,
                _StateChangeStates.CHANGE_IN_PROGRESS,
            ):
                raise sa_exc.IllegalStateChangeError(
                    f"Method '{fn.__name__}()' can't be called here; "
                    f"method '{existing_fn.__name__}()' is already "
                    f"in progress and this would cause an unexpected "
                    f"state change to {moves_to!r}",
                    code="isce",
                )
            else:
                raise sa_exc.IllegalStateChangeError(
                    f"Can't run operation '{fn.__name__}()' here; "
                    f"will move to state {moves_to!r} where we are "
                    f"expecting {next_state!r}",
                    code="isce",
                )

        self._current_fn = fn
        self._next_state = _StateChangeStates.CHANGE_IN_PROGRESS
        try:
>           ret_value = fn(self, *arg, **kw)
                        ^^^^^^^^^^^^^^^^^^^^

.venv/lib/python3.13/site-packages/sqlalchemy/orm/state_changes.py:137:
_ _ _ _ _ _ _ _ _ _ _ _ _ _ _ _ _ _ _ _ _ _ _ _ _ _ _ _ _ _ _ _ _ _ _ _ _ _ _ _

self = <sqlalchemy.orm.session.SessionTransaction object at 0x764db434d6d0>
bind = Engine(postgresql+asyncpg://neondb_owner:***@ep-autumn-tree-athm4sjs-pooler.c-9.us-east-1.aws.neon.tech/neondb?ssl=require)
execution_options = None

    @_StateChange.declare_states(
        (SessionTransactionState.ACTIVE,), _StateChangeStates.NO_CHANGE
    )
    def _connection_for_bind(
        self,
        bind: _SessionBind,
        execution_options: Optional[CoreExecuteOptionsParameter],
    ) -> Connection:
        if bind in self._connections:
            if execution_options:
                util.warn(
                    "Connection is already established for the "
                    "given bind; execution_options ignored"
                )
            return self._connections[bind][0]

        self._state = SessionTransactionState.PROVISIONING_CONNECTION

        local_connect = False
        should_commit = True

        try:
            if self._parent:
                conn = self._parent._connection_for_bind(
                    bind, execution_options
                )
                if not self.nested:
                    return conn
            else:
                if isinstance(bind, engine.Connection):
                    conn = bind
                    if conn.engine in self._connections:
                        raise sa_exc.InvalidRequestError(
                            "Session already has a Connection associated "
                            "for the given Connection's Engine"
                        )
                else:
>                   conn = bind.connect()
                           ^^^^^^^^^^^^^^

.venv/lib/python3.13/site-packages/sqlalchemy/orm/session.py:1191:
_ _ _ _ _ _ _ _ _ _ _ _ _ _ _ _ _ _ _ _ _ _ _ _ _ _ _ _ _ _ _ _ _ _ _ _ _ _ _ _

self = Engine(postgresql+asyncpg://neondb_owner:***@ep-autumn-tree-athm4sjs-pooler.c-9.us-east-1.aws.neon.tech/neondb?ssl=require)

    def connect(self) -> Connection:
        """Return a new :class:`_engine.Connection` object.

        The :class:`_engine.Connection` acts as a Python context manager, so
        the typical use of this method looks like::

            with engine.connect() as connection:
                connection.execute(text("insert into table values ('foo')"))
                connection.commit()

        Where above, after the block is completed, the connection is "closed"
        and its underlying DBAPI resources are returned to the connection pool.
        This also has the effect of rolling back any transaction that
        was explicitly begun or was begun via autobegin, and will
        emit the :meth:`_events.ConnectionEvents.rollback` event if one was
        started and is still in progress.

        .. seealso::

            :meth:`_engine.Engine.begin`

        """

>       return self._connection_cls(self)
               ^^^^^^^^^^^^^^^^^^^^^^^^^^

.venv/lib/python3.13/site-packages/sqlalchemy/engine/base.py:3295:
_ _ _ _ _ _ _ _ _ _ _ _ _ _ _ _ _ _ _ _ _ _ _ _ _ _ _ _ _ _ _ _ _ _ _ _ _ _ _ _

self = <sqlalchemy.engine.base.Connection object at 0x764db4d6cf50>
engine = Engine(postgresql+asyncpg://neondb_owner:***@ep-autumn-tree-athm4sjs-pooler.c-9.us-east-1.aws.neon.tech/neondb?ssl=require)
connection = None, _has_events = None, _allow_revalidate = True
_allow_autobegin = True

    def __init__(
        self,
        engine: Engine,
        connection: Optional[PoolProxiedConnection] = None,
        _has_events: Optional[bool] = None,
        _allow_revalidate: bool = True,
        _allow_autobegin: bool = True,
    ):
        """Construct a new Connection."""
        self.engine = engine
        self.dialect = dialect = engine.dialect

        if connection is None:
            try:
>               self._dbapi_connection = engine.raw_connection()
                                         ^^^^^^^^^^^^^^^^^^^^^^^

.venv/lib/python3.13/site-packages/sqlalchemy/engine/base.py:144:
_ _ _ _ _ _ _ _ _ _ _ _ _ _ _ _ _ _ _ _ _ _ _ _ _ _ _ _ _ _ _ _ _ _ _ _ _ _ _ _

self = Engine(postgresql+asyncpg://neondb_owner:***@ep-autumn-tree-athm4sjs-pooler.c-9.us-east-1.aws.neon.tech/neondb?ssl=require)

    def raw_connection(self) -> PoolProxiedConnection:
        """Return a "raw" DBAPI connection from the connection pool.

        The returned object is a proxied version of the DBAPI
        connection object used by the underlying driver in use.
        The object will have all the same behavior as the real DBAPI
        connection, except that its ``close()`` method will result in the
        connection being returned to the pool, rather than being closed
        for real.

        This method provides direct DBAPI connection access for
        special situations when the API provided by
        :class:`_engine.Connection`
        is not needed.   When a :class:`_engine.Connection` object is already
        present, the DBAPI connection is available using
        the :attr:`_engine.Connection.connection` accessor.

        .. seealso::

            :ref:`dbapi_connections`

        """
>       return self.pool.connect()
               ^^^^^^^^^^^^^^^^^^^

.venv/lib/python3.13/site-packages/sqlalchemy/engine/base.py:3319:
_ _ _ _ _ _ _ _ _ _ _ _ _ _ _ _ _ _ _ _ _ _ _ _ _ _ _ _ _ _ _ _ _ _ _ _ _ _ _ _

self = <sqlalchemy.pool.impl.AsyncAdaptedQueuePool object at 0x764db6214050>

    def connect(self) -> PoolProxiedConnection:
        """Return a DBAPI connection from the pool.

        The connection is instrumented such that when its
        ``close()`` method is called, the connection will be returned to
        the pool.

        """
>       return _ConnectionFairy._checkout(self)
               ^^^^^^^^^^^^^^^^^^^^^^^^^^^^^^^^

.venv/lib/python3.13/site-packages/sqlalchemy/pool/base.py:448:
_ _ _ _ _ _ _ _ _ _ _ _ _ _ _ _ _ _ _ _ _ _ _ _ _ _ _ _ _ _ _ _ _ _ _ _ _ _ _ _

cls = <class 'sqlalchemy.pool.base._ConnectionFairy'>
pool = <sqlalchemy.pool.impl.AsyncAdaptedQueuePool object at 0x764db6214050>
threadconns = None

    @classmethod
    def _checkout(
        cls,
        pool: Pool,
        threadconns: Optional[threading.local] = None,
        fairy: Optional[_ConnectionFairy] = None,
    ) -> _ConnectionFairy:
        if not fairy:
            fairy = _ConnectionRecord.checkout(pool)

            if threadconns is not None:
                threadconns.current = weakref.ref(fairy)

        assert (
            fairy._connection_record is not None
        ), "can't 'checkout' a detached connection fairy"
        assert (
            fairy.dbapi_connection is not None
        ), "can't 'checkout' an invalidated connection fairy"

        fairy._counter += 1
        if (
            not pool.dispatch.checkout and not pool._pre_ping
        ) or fairy._counter != 1:
            return fairy

        # Pool listeners can trigger a reconnection on checkout, as well
        # as the pre-pinger.
        # there are three attempts made here, but note that if the database
        # is not accessible from a connection standpoint, those won't proceed
        # here.

        attempts = 2

        while attempts > 0:
            connection_is_fresh = fairy._connection_record.fresh
            fairy._connection_record.fresh = False
            try:
                if pool._pre_ping:
                    if not connection_is_fresh:
                        if fairy._echo:
                            pool.logger.debug(
                                "Pool pre-ping on connection %s",
                                fairy.dbapi_connection,
                            )
                        result = pool._dialect._do_ping_w_event(
                            fairy.dbapi_connection
                        )
                        if not result:
                            if fairy._echo:
                                pool.logger.debug(
                                    "Pool pre-ping on connection %s failed, "
                                    "will invalidate pool",
                                    fairy.dbapi_connection,
                                )
                            raise exc.InvalidatePoolError()
                    elif fairy._echo:
                        pool.logger.debug(
                            "Connection %s is fresh, skipping pre-ping",
                            fairy.dbapi_connection,
                        )

                pool.dispatch.checkout(
                    fairy.dbapi_connection, fairy._connection_record, fairy
                )
                return fairy
            except exc.DisconnectionError as e:
                if e.invalidate_pool:
                    pool.logger.info(
                        "Disconnection detected on checkout, "
                        "invalidating all pooled connections prior to "
                        "current timestamp (reason: %r)",
                        e,
                    )
                    fairy._connection_record.invalidate(e)
                    pool._invalidate(fairy, e, _checkin=False)
                else:
                    pool.logger.info(
                        "Disconnection detected on checkout, "
                        "invalidating individual connection %s (reason: %r)",
                        fairy.dbapi_connection,
                        e,
                    )
                    fairy._connection_record.invalidate(e)
                try:
                    fairy.dbapi_connection = (
                        fairy._connection_record.get_connection()
                    )
                except BaseException as err:
                    with util.safe_reraise():
                        fairy._connection_record._checkin_failed(
                            err,
                            _fairy_was_created=True,
                        )

                        # prevent _ConnectionFairy from being carried
                        # in the stack trace.  Do this after the
                        # connection record has been checked in, so that
                        # if the del triggers a finalize fairy, it won't
                        # try to checkin a second time.
                        del fairy

                    # never called, this is for code linters
                    raise

                attempts -= 1
            except BaseException as be_outer:
>               with util.safe_reraise():
                     ^^^^^^^^^^^^^^^^^^^

.venv/lib/python3.13/site-packages/sqlalchemy/pool/base.py:1371:
_ _ _ _ _ _ _ _ _ _ _ _ _ _ _ _ _ _ _ _ _ _ _ _ _ _ _ _ _ _ _ _ _ _ _ _ _ _ _ _

self = <sqlalchemy.util.langhelpers.safe_reraise object at 0x764db4cbfe80>
type_ = None, value = None, traceback = None

    def __exit__(
        self,
        type_: Optional[Type[BaseException]],
        value: Optional[BaseException],
        traceback: Optional[types.TracebackType],
    ) -> NoReturn:
        assert self._exc_info is not None
        # see #2703 for notes
        if type_ is None:
            exc_type, exc_value, exc_tb = self._exc_info
            assert exc_value is not None
            self._exc_info = None  # remove potential circular references
>           raise exc_value.with_traceback(exc_tb)

.venv/lib/python3.13/site-packages/sqlalchemy/util/langhelpers.py:122:
_ _ _ _ _ _ _ _ _ _ _ _ _ _ _ _ _ _ _ _ _ _ _ _ _ _ _ _ _ _ _ _ _ _ _ _ _ _ _ _

cls = <class 'sqlalchemy.pool.base._ConnectionFairy'>
pool = <sqlalchemy.pool.impl.AsyncAdaptedQueuePool object at 0x764db6214050>
threadconns = None

    @classmethod
    def _checkout(
        cls,
        pool: Pool,
        threadconns: Optional[threading.local] = None,
        fairy: Optional[_ConnectionFairy] = None,
    ) -> _ConnectionFairy:
        if not fairy:
            fairy = _ConnectionRecord.checkout(pool)

            if threadconns is not None:
                threadconns.current = weakref.ref(fairy)

        assert (
            fairy._connection_record is not None
        ), "can't 'checkout' a detached connection fairy"
        assert (
            fairy.dbapi_connection is not None
        ), "can't 'checkout' an invalidated connection fairy"

        fairy._counter += 1
        if (
            not pool.dispatch.checkout and not pool._pre_ping
        ) or fairy._counter != 1:
            return fairy

        # Pool listeners can trigger a reconnection on checkout, as well
        # as the pre-pinger.
        # there are three attempts made here, but note that if the database
        # is not accessible from a connection standpoint, those won't proceed
        # here.

        attempts = 2

        while attempts > 0:
            connection_is_fresh = fairy._connection_record.fresh
            fairy._connection_record.fresh = False
            try:
                if pool._pre_ping:
                    if not connection_is_fresh:
                        if fairy._echo:
                            pool.logger.debug(
                                "Pool pre-ping on connection %s",
                                fairy.dbapi_connection,
                            )
>                       result = pool._dialect._do_ping_w_event(
                            fairy.dbapi_connection
                        )

.venv/lib/python3.13/site-packages/sqlalchemy/pool/base.py:1309:
_ _ _ _ _ _ _ _ _ _ _ _ _ _ _ _ _ _ _ _ _ _ _ _ _ _ _ _ _ _ _ _ _ _ _ _ _ _ _ _

self = <sqlalchemy.dialects.postgresql.asyncpg.PGDialect_asyncpg object at 0x764db6253b60>
dbapi_connection = <AdaptedConnection <asyncpg.connection.Connection object at 0x764db4cb27b0>>

    def _do_ping_w_event(self, dbapi_connection: DBAPIConnection) -> bool:
        try:
>           return self.do_ping(dbapi_connection)
                   ^^^^^^^^^^^^^^^^^^^^^^^^^^^^^^

.venv/lib/python3.13/site-packages/sqlalchemy/engine/default.py:729:
_ _ _ _ _ _ _ _ _ _ _ _ _ _ _ _ _ _ _ _ _ _ _ _ _ _ _ _ _ _ _ _ _ _ _ _ _ _ _ _

self = <sqlalchemy.dialects.postgresql.asyncpg.PGDialect_asyncpg object at 0x764db6253b60>
dbapi_connection = <AdaptedConnection <asyncpg.connection.Connection object at 0x764db4cb27b0>>

    def do_ping(self, dbapi_connection):
>       dbapi_connection.ping()

.venv/lib/python3.13/site-packages/sqlalchemy/dialects/postgresql/asyncpg.py:1164:
_ _ _ _ _ _ _ _ _ _ _ _ _ _ _ _ _ _ _ _ _ _ _ _ _ _ _ _ _ _ _ _ _ _ _ _ _ _ _ _

self = <AdaptedConnection <asyncpg.connection.Connection object at 0x764db4cb27b0>>

    def ping(self):
        try:
            _ = self.await_(self._async_ping())
        except Exception as error:
>           self._handle_exception(error)

.venv/lib/python3.13/site-packages/sqlalchemy/dialects/postgresql/asyncpg.py:818:
_ _ _ _ _ _ _ _ _ _ _ _ _ _ _ _ _ _ _ _ _ _ _ _ _ _ _ _ _ _ _ _ _ _ _ _ _ _ _ _

self = <AdaptedConnection <asyncpg.connection.Connection object at 0x764db4cb27b0>>
error = RuntimeError("Task <Task pending name='Task-36' coro=<TestCrossTenantIsolation.test_unbound_session_sees_all_rows() ru...ase_events.py:181]> got Future <Future pending cb=[BaseProtocol._on_waiter_completed()]> attached to a different loop")

    def _handle_exception(self, error):
        if self._connection.is_closed():
            self._transaction = None
            self._started = False

        if not isinstance(error, AsyncAdapt_asyncpg_dbapi.Error):
            exception_mapping = self.dbapi._asyncpg_error_translate

            for super_ in type(error).__mro__:
                if super_ in exception_mapping:
                    translated_error = exception_mapping[super_](
                        "%s: %s" % (type(error), error)
                    )
                    translated_error.pgcode = translated_error.sqlstate = (
                        getattr(error, "sqlstate", None)
                    )
                    raise translated_error from error
            else:
>               raise error

.venv/lib/python3.13/site-packages/sqlalchemy/dialects/postgresql/asyncpg.py:799:
_ _ _ _ _ _ _ _ _ _ _ _ _ _ _ _ _ _ _ _ _ _ _ _ _ _ _ _ _ _ _ _ _ _ _ _ _ _ _ _

self = <AdaptedConnection <asyncpg.connection.Connection object at 0x764db4cb27b0>>

    def ping(self):
        try:
>           _ = self.await_(self._async_ping())
                ^^^^^^^^^^^^^^^^^^^^^^^^^^^^^^^

.venv/lib/python3.13/site-packages/sqlalchemy/dialects/postgresql/asyncpg.py:816:
_ _ _ _ _ _ _ _ _ _ _ _ _ _ _ _ _ _ _ _ _ _ _ _ _ _ _ _ _ _ _ _ _ _ _ _ _ _ _ _

awaitable = <coroutine object AsyncAdapt_asyncpg_connection._async_ping at 0x764db4c960a0>

    def await_only(awaitable: Awaitable[_T]) -> _T:
        """Awaits an async function in a sync method.

        The sync method must be inside a :func:`greenlet_spawn` context.
        :func:`await_only` calls cannot be nested.

        :param awaitable: The coroutine to call.

        """
        # this is called in the context greenlet while running fn
        current = getcurrent()
        if not getattr(current, "__sqlalchemy_greenlet_provider__", False):
            _safe_cancel_awaitable(awaitable)

            raise exc.MissingGreenlet(
                "greenlet_spawn has not been called; can't call await_only() "
                "here. Was IO attempted in an unexpected place?"
            )

        # returns the control to the driver greenlet passing it
        # a coroutine to run. Once the awaitable is done, the driver greenlet
        # switches back to this greenlet with the result of awaitable that is
        # then returned to the caller (or raised as error)
>       return current.parent.switch(awaitable)  # type: ignore[no-any-return,attr-defined] # noqa: E501
               ^^^^^^^^^^^^^^^^^^^^^^^^^^^^^^^^

.venv/lib/python3.13/site-packages/sqlalchemy/util/_concurrency_py3k.py:132:
_ _ _ _ _ _ _ _ _ _ _ _ _ _ _ _ _ _ _ _ _ _ _ _ _ _ _ _ _ _ _ _ _ _ _ _ _ _ _ _

fn = <bound method Session.execute of <sqlalchemy.orm.session.Session object at 0x764db4ca5650>>
_require_await = False
args = (<sqlalchemy.sql.elements.TextClause object at 0x764db4cb0b90>,)
kwargs = {'params': {'a': 'dc6cd82b-cb52-418e-83e8-441483ad335f', 'b': 'dbae0583-2904-4a29-a2fb-22813fcf1972'}, 'execution_options': immutabledict({'prebuffer_rows': True}), 'bind_arguments': None}

    async def greenlet_spawn(
        fn: Callable[..., _T],
        *args: Any,
        _require_await: bool = False,
        **kwargs: Any,
    ) -> _T:
        """Runs a sync function ``fn`` in a new greenlet.

        The sync function can then use :func:`await_only` to wait for async
        functions.

        :param fn: The sync callable to call.
        :param \\*args: Positional arguments to pass to the ``fn`` callable.
        :param \\*\\*kwargs: Keyword arguments to pass to the ``fn`` callable.
        """

        result: Any
        context = _AsyncIoGreenlet(fn, getcurrent())
        # runs the function synchronously in gl greenlet. If the execution
        # is interrupted by await_only, context is not dead and result is a
        # coroutine to wait. If the context is dead the function has
        # returned, and its result can be returned.
        switch_occurred = False
        result = context.switch(*args, **kwargs)
        while not context.dead:
            switch_occurred = True
            try:
                # wait for a coroutine from await_only and then return its
                # result back to it.
>               value = await result
                        ^^^^^^^^^^^^

.venv/lib/python3.13/site-packages/sqlalchemy/util/_concurrency_py3k.py:196:
_ _ _ _ _ _ _ _ _ _ _ _ _ _ _ _ _ _ _ _ _ _ _ _ _ _ _ _ _ _ _ _ _ _ _ _ _ _ _ _

self = <AdaptedConnection <asyncpg.connection.Connection object at 0x764db4cb27b0>>

    async def _async_ping(self):
        if self._transaction is None and self.isolation_level != "autocommit":
            # create a transaction explicitly to support pgbouncer
            # transaction mode.   See #10226
            tr = self._connection.transaction()
>           await tr.start()

.venv/lib/python3.13/site-packages/sqlalchemy/dialects/postgresql/asyncpg.py:825:
_ _ _ _ _ _ _ _ _ _ _ _ _ _ _ _ _ _ _ _ _ _ _ _ _ _ _ _ _ _ _ _ _ _ _ _ _ _ _ _

self = <asyncpg.Transaction state:failed 0x764db4e973e0>

    @connresource.guarded
    async def start(self):
        """Enter the transaction or savepoint block."""
        self.__check_state_base('start')
        if self._state is TransactionState.STARTED:
            raise apg_errors.InterfaceError(
                'cannot start; the transaction is already started')

        con = self._connection

        if con._top_xact is None:
            if con._protocol.is_in_transaction():
                raise apg_errors.InterfaceError(
                    'cannot use Connection.transaction() in '
                    'a manually started transaction')
            con._top_xact = self
        else:
            # Nested transaction block
            if self._isolation:
                top_xact_isolation = con._top_xact._isolation
                if top_xact_isolation is None:
                    top_xact_isolation = ISOLATION_LEVELS_BY_VALUE[
                        await self._connection.fetchval(
                            'SHOW transaction_isolation;')]
                if self._isolation != top_xact_isolation:
                    raise apg_errors.InterfaceError(
                        'nested transaction has a different isolation level: '
                        'current {!r} != outer {!r}'.format(
                            self._isolation, top_xact_isolation))
            self._nested = True

        if self._nested:
            self._id = con._get_unique_id('savepoint')
            query = 'SAVEPOINT {};'.format(self._id)
        else:
            query = 'BEGIN'
            if self._isolation == 'read_committed':
                query += ' ISOLATION LEVEL READ COMMITTED'
            elif self._isolation == 'read_uncommitted':
                query += ' ISOLATION LEVEL READ UNCOMMITTED'
            elif self._isolation == 'repeatable_read':
                query += ' ISOLATION LEVEL REPEATABLE READ'
            elif self._isolation == 'serializable':
                query += ' ISOLATION LEVEL SERIALIZABLE'
            if self._readonly:
                query += ' READ ONLY'
            if self._deferrable:
                query += ' DEFERRABLE'
            query += ';'

        try:
>           await self._connection.execute(query)

.venv/lib/python3.13/site-packages/asyncpg/transaction.py:146:
_ _ _ _ _ _ _ _ _ _ _ _ _ _ _ _ _ _ _ _ _ _ _ _ _ _ _ _ _ _ _ _ _ _ _ _ _ _ _ _

self = <asyncpg.connection.Connection object at 0x764db4cb27b0>
query = 'BEGIN;', timeout = None, args = ()

    async def execute(
        self,
        query: str,
        *args,
        timeout: typing.Optional[float]=None,
    ) -> str:
        """Execute an SQL command (or commands).

        This method can execute many SQL commands at once, when no arguments
        are provided.

        Example:

        .. code-block:: pycon

            >>> await con.execute('''
            ...     CREATE TABLE mytab (a int);
            ...     INSERT INTO mytab (a) VALUES (100), (200), (300);
            ... ''')
            INSERT 0 3

            >>> await con.execute('''
            ...     INSERT INTO mytab (a) VALUES ($1), ($2)
            ... ''', 10, 20)
            INSERT 0 2

        :param args: Query arguments.
        :param float timeout: Optional timeout value in seconds.
        :return str: Status of the last SQL command.

        .. versionchanged:: 0.5.4
           Made it possible to pass query arguments.
        """
        self._check_open()

        if not args:
            if self._query_loggers:
                with self._time_and_log(query, args, timeout):
                    result = await self._protocol.query(query, timeout)
            else:
>               result = await self._protocol.query(query, timeout)
                         ^^^^^^^^^^^^^^^^^^^^^^^^^^^^^^^^^^^^^^^^^^

.venv/lib/python3.13/site-packages/asyncpg/connection.py:354:
_ _ _ _ _ _ _ _ _ _ _ _ _ _ _ _ _ _ _ _ _ _ _ _ _ _ _ _ _ _ _ _ _ _ _ _ _ _ _ _

>   return await waiter
E   RuntimeError: Task <Task pending name='Task-36' coro=<TestCrossTenantIsolation.test_unbound_session_sees_all_rows() running at /home/elsharkawy/Desktop/AginticCustomerSupport/tests/test_rls_integration.py:170> cb=[_run_until_complete_cb() at /home/elsharkawy/miniconda3/lib/python3.13/asyncio/base_events.py:181]> got Future <Future pending cb=[BaseProtocol._on_waiter_completed()]> attached to a different loop

asyncpg/protocol/protocol.pyx:369: RuntimeError
------------------------------ Captured log call -------------------------------
ERROR    sqlalchemy.pool.impl.AsyncAdaptedQueuePool:base.py:377 Exception terminating connection <AdaptedConnection <asyncpg.connection.Connection object at 0x764db4cb27b0>>
Traceback (most recent call last):
  File "/home/elsharkawy/Desktop/AginticCustomerSupport/.venv/lib/python3.13/site-packages/sqlalchemy/pool/base.py", line 373, in _close_connection
    self._dialect.do_terminate(connection)
    ~~~~~~~~~~~~~~~~~~~~~~~~~~^^^^^^^^^^^^
  File "/home/elsharkawy/Desktop/AginticCustomerSupport/.venv/lib/python3.13/site-packages/sqlalchemy/dialects/postgresql/asyncpg.py", line 1131, in do_terminate
    dbapi_connection.terminate()
    ~~~~~~~~~~~~~~~~~~~~~~~~~~^^
  File "/home/elsharkawy/Desktop/AginticCustomerSupport/.venv/lib/python3.13/site-packages/sqlalchemy/connectors/asyncio.py", line 402, in terminate
    self.await_(asyncio.shield(self._terminate_graceful_close()))  # type: ignore[attr-defined] # noqa: E501
    ~~~~~~~~~~~^^^^^^^^^^^^^^^^^^^^^^^^^^^^^^^^^^^^^^^^^^^^^^^^^^
  File "/home/elsharkawy/Desktop/AginticCustomerSupport/.venv/lib/python3.13/site-packages/sqlalchemy/util/_concurrency_py3k.py", line 132, in await_only
    return current.parent.switch(awaitable)  # type: ignore[no-any-return,attr-defined] # noqa: E501
           ~~~~~~~~~~~~~~~~~~~~~^^^^^^^^^^^
  File "/home/elsharkawy/Desktop/AginticCustomerSupport/.venv/lib/python3.13/site-packages/sqlalchemy/util/_concurrency_py3k.py", line 196, in greenlet_spawn
    value = await result
            ^^^^^^^^^^^^
  File "/home/elsharkawy/Desktop/AginticCustomerSupport/.venv/lib/python3.13/site-packages/sqlalchemy/dialects/postgresql/asyncpg.py", line 912, in _terminate_graceful_close
    await self._connection.close(timeout=2)
  File "/home/elsharkawy/Desktop/AginticCustomerSupport/.venv/lib/python3.13/site-packages/asyncpg/connection.py", line 1513, in close
    await self._protocol.close(timeout)
  File "asyncpg/protocol/protocol.pyx", line 618, in close
    await self.cancel_sent_waiter
RuntimeError: Task <Task pending name='Task-37' coro=<AsyncAdapt_asyncpg_connection._terminate_graceful_close() running at /home/elsharkawy/Desktop/AginticCustomerSupport/.venv/lib/python3.13/site-packages/sqlalchemy/dialects/postgresql/asyncpg.py:912> cb=[shield.<locals>._inner_done_callback() at /home/elsharkawy/miniconda3/lib/python3.13/asyncio/tasks.py:958]> got Future <Future pending> attached to a different loop
---------------------------- Captured log teardown -----------------------------
ERROR    asyncio:base_events.py:1879 Future exception was never retrieved
future: <Future finished exception=InternalClientError('got result for unknown protocol state 3')>
Traceback (most recent call last):
  File "asyncpg/protocol/protocol.pyx", line 892, in asyncpg.protocol.protocol.BaseProtocol._dispatch_result
    raise apg_exc.InternalClientError(
asyncpg.exceptions._base.InternalClientError: got result for unknown protocol state 3
__ TestTransactionLifecycle.test_tenant_binding_survives_commit_and_rollback ___

self = <tests.test_rls_integration.TestTransactionLifecycle object at 0x764db62056d0>

    async def test_tenant_binding_survives_commit_and_rollback(self):
        """
        Proves app.tenant_id is reapplied on every new transaction:
          BEGIN → verify → COMMIT → BEGIN → verify → ROLLBACK → BEGIN → verify

        NOTE: Nested transactions (SAVEPOINT) are explicitly out of scope.
        set_config(..., true) is transaction-local, not savepoint-local.
        Rolling back to a savepoint does NOT revert set_config.
        app.tenant_id remains set throughout all savepoints within a transaction.
        This is correct by construction and does not require explicit testing.
        """
        async with async_session_factory() as session:
            bind_session_to_tenant(session, TENANT_A)

            # Phase 1: implicit BEGIN on first execute
>           val1 = (await session.execute(
                text("SELECT current_setting('app.tenant_id', TRUE)")
            )).scalar_one()

tests/test_rls_integration.py:213:
_ _ _ _ _ _ _ _ _ _ _ _ _ _ _ _ _ _ _ _ _ _ _ _ _ _ _ _ _ _ _ _ _ _ _ _ _ _ _ _

self = <sqlalchemy.ext.asyncio.session.AsyncSession object at 0x764db4c96270>
statement = <sqlalchemy.sql.elements.TextClause object at 0x764db4650fc0>
params = None, execution_options = immutabledict({'prebuffer_rows': True})
bind_arguments = None, kw = {}

    async def execute(
        self,
        statement: Executable,
        params: Optional[_CoreAnyExecuteParams] = None,
        *,
        execution_options: OrmExecuteOptionsParameter = util.EMPTY_DICT,
        bind_arguments: Optional[_BindArguments] = None,
        **kw: Any,
    ) -> Result[Any]:
        """Execute a statement and return a buffered
        :class:`_engine.Result` object.

        .. seealso::

            :meth:`_orm.Session.execute` - main documentation for execute

        """

        if execution_options:
            execution_options = util.immutabledict(execution_options).union(
                _EXECUTE_OPTIONS
            )
        else:
            execution_options = _EXECUTE_OPTIONS

>       result = await greenlet_spawn(
            self.sync_session.execute,
            statement,
            params=params,
            execution_options=execution_options,
            bind_arguments=bind_arguments,
            **kw,
        )

.venv/lib/python3.13/site-packages/sqlalchemy/ext/asyncio/session.py:448:
_ _ _ _ _ _ _ _ _ _ _ _ _ _ _ _ _ _ _ _ _ _ _ _ _ _ _ _ _ _ _ _ _ _ _ _ _ _ _ _

fn = <bound method Session.execute of <sqlalchemy.orm.session.Session object at 0x764db4703150>>
_require_await = False
args = (<sqlalchemy.sql.elements.TextClause object at 0x764db4650fc0>,)
kwargs = {'params': None, 'execution_options': immutabledict({'prebuffer_rows': True}), 'bind_arguments': None}

    async def greenlet_spawn(
        fn: Callable[..., _T],
        *args: Any,
        _require_await: bool = False,
        **kwargs: Any,
    ) -> _T:
        """Runs a sync function ``fn`` in a new greenlet.

        The sync function can then use :func:`await_only` to wait for async
        functions.

        :param fn: The sync callable to call.
        :param \\*args: Positional arguments to pass to the ``fn`` callable.
        :param \\*\\*kwargs: Keyword arguments to pass to the ``fn`` callable.
        """

        result: Any
        context = _AsyncIoGreenlet(fn, getcurrent())
        # runs the function synchronously in gl greenlet. If the execution
        # is interrupted by await_only, context is not dead and result is a
        # coroutine to wait. If the context is dead the function has
        # returned, and its result can be returned.
        switch_occurred = False
        result = context.switch(*args, **kwargs)
        while not context.dead:
            switch_occurred = True
            try:
                # wait for a coroutine from await_only and then return its
                # result back to it.
                value = await result
            except BaseException:
                # this allows an exception to be raised within
                # the moderated greenlet so that it can continue
                # its expected flow.
>               result = context.throw(*sys.exc_info())
                         ^^^^^^^^^^^^^^^^^^^^^^^^^^^^^^

.venv/lib/python3.13/site-packages/sqlalchemy/util/_concurrency_py3k.py:201:
_ _ _ _ _ _ _ _ _ _ _ _ _ _ _ _ _ _ _ _ _ _ _ _ _ _ _ _ _ _ _ _ _ _ _ _ _ _ _ _

self = <sqlalchemy.orm.session.Session object at 0x764db4703150>
statement = <sqlalchemy.sql.elements.TextClause object at 0x764db4650fc0>
params = None, execution_options = immutabledict({'prebuffer_rows': True})
bind_arguments = None, _parent_execute_state = None, _add_event = None

    def execute(
        self,
        statement: Executable,
        params: Optional[_CoreAnyExecuteParams] = None,
        *,
        execution_options: OrmExecuteOptionsParameter = util.EMPTY_DICT,
        bind_arguments: Optional[_BindArguments] = None,
        _parent_execute_state: Optional[Any] = None,
        _add_event: Optional[Any] = None,
    ) -> Result[Any]:
        r"""Execute a SQL expression construct.

        Returns a :class:`_engine.Result` object representing
        results of the statement execution.

        E.g.::

            from sqlalchemy import select

            result = session.execute(select(User).where(User.id == 5))

        The API contract of :meth:`_orm.Session.execute` is similar to that
        of :meth:`_engine.Connection.execute`, the :term:`2.0 style` version
        of :class:`_engine.Connection`.

        .. versionchanged:: 1.4 the :meth:`_orm.Session.execute` method is
           now the primary point of ORM statement execution when using
           :term:`2.0 style` ORM usage.

        :param statement:
            An executable statement (i.e. an :class:`.Executable` expression
            such as :func:`_expression.select`).

        :param params:
            Optional dictionary, or list of dictionaries, containing
            bound parameter values.   If a single dictionary, single-row
            execution occurs; if a list of dictionaries, an
            "executemany" will be invoked.  The keys in each dictionary
            must correspond to parameter names present in the statement.

        :param execution_options: optional dictionary of execution options,
         which will be associated with the statement execution.  This
         dictionary can provide a subset of the options that are accepted
         by :meth:`_engine.Connection.execution_options`, and may also
         provide additional options understood only in an ORM context.

         .. seealso::

            :ref:`orm_queryguide_execution_options` - ORM-specific execution
            options

        :param bind_arguments: dictionary of additional arguments to determine
         the bind.  May include "mapper", "bind", or other custom arguments.
         Contents of this dictionary are passed to the
         :meth:`.Session.get_bind` method.

        :return: a :class:`_engine.Result` object.


        """
>       return self._execute_internal(
            statement,
            params,
            execution_options=execution_options,
            bind_arguments=bind_arguments,
            _parent_execute_state=_parent_execute_state,
            _add_event=_add_event,
        )

.venv/lib/python3.13/site-packages/sqlalchemy/orm/session.py:2373:
_ _ _ _ _ _ _ _ _ _ _ _ _ _ _ _ _ _ _ _ _ _ _ _ _ _ _ _ _ _ _ _ _ _ _ _ _ _ _ _

self = <sqlalchemy.orm.session.Session object at 0x764db4703150>
statement = <sqlalchemy.sql.elements.TextClause object at 0x764db4650fc0>
params = None, execution_options = immutabledict({'prebuffer_rows': True})
bind_arguments = {'clause': <sqlalchemy.sql.elements.TextClause object at 0x764db4650fc0>}
_parent_execute_state = None, _add_event = None, _scalar_result = False

    def _execute_internal(
        self,
        statement: Executable,
        params: Optional[_CoreAnyExecuteParams] = None,
        *,
        execution_options: OrmExecuteOptionsParameter = util.EMPTY_DICT,
        bind_arguments: Optional[_BindArguments] = None,
        _parent_execute_state: Optional[Any] = None,
        _add_event: Optional[Any] = None,
        _scalar_result: bool = False,
    ) -> Any:
        statement = coercions.expect(roles.StatementRole, statement)

        if not bind_arguments:
            bind_arguments = {}
        else:
            bind_arguments = dict(bind_arguments)

        if (
            statement._propagate_attrs.get("compile_state_plugin", None)
            == "orm"
        ):
            compile_state_cls = CompileState._get_plugin_class_for_plugin(
                statement, "orm"
            )
            if TYPE_CHECKING:
                assert isinstance(
                    compile_state_cls, context.AbstractORMCompileState
                )
        else:
            compile_state_cls = None
            bind_arguments.setdefault("clause", statement)

        execution_options = util.coerce_to_immutabledict(execution_options)

        if _parent_execute_state:
            events_todo = _parent_execute_state._remaining_events()
        else:
            events_todo = self.dispatch.do_orm_execute
            if _add_event:
                events_todo = list(events_todo) + [_add_event]

        if events_todo:
            # save the original execution options before
            # orm_pre_session_exec processes them, so that we can pass
            # the unprocessed options (plus any explicit updates from event
            # hooks) to the second orm_pre_session_exec call.  This
            # prevents internal state like _sa_orm_load_options and
            # yield_per from the first call leaking into the second call,
            # which would otherwise cause issues like yield_per incorrectly
            # propagating into post-load (selectinload etc.) queries.
            # part of #13301.
            original_execution_options = execution_options

            if compile_state_cls is not None:
                # for event handlers, do the orm_pre_session_exec
                # pass ahead of the event handlers, so that things like
                # .load_options, .update_delete_options etc. are populated.
                # is_pre_event=True allows the hook to hold off on things
                # it doesn't want to do twice, including autoflush as well
                # as "pre fetch" for DML, etc.
                (
                    statement,
                    execution_options,
                ) = compile_state_cls.orm_pre_session_exec(
                    self,
                    statement,
                    params,
                    execution_options,
                    bind_arguments,
                    True,
                )

            orm_exec_state = ORMExecuteState(
                self,
                statement,
                params,
                execution_options,
                bind_arguments,
                compile_state_cls,
                events_todo,
            )
            for idx, fn in enumerate(events_todo):
                orm_exec_state._starting_event_idx = idx
                fn_result: Optional[Result[Any]] = fn(orm_exec_state)
                if fn_result:
                    if _scalar_result:
                        return fn_result.scalar()
                    else:
                        return fn_result

            statement = orm_exec_state.statement

            # use the original execution options plus only the explicit
            # updates from event hooks, not the processed options from
            # the first orm_pre_session_exec call
            execution_options = original_execution_options.union(
                orm_exec_state._update_execution_options
            )

        if compile_state_cls is not None:
            # now run orm_pre_session_exec() "for real".   if there were
            # event hooks, this will re-run the steps that interpret
            # new execution_options into load_options / update_delete_options,
            # which we assume the event hook might have updated.
            # autoflush will also be invoked in this step if enabled.
            (
                statement,
                execution_options,
            ) = compile_state_cls.orm_pre_session_exec(
                self,
                statement,
                params,
                execution_options,
                bind_arguments,
                False,
            )

        bind = self.get_bind(**bind_arguments)

>       conn = self._connection_for_bind(bind)
               ^^^^^^^^^^^^^^^^^^^^^^^^^^^^^^^

.venv/lib/python3.13/site-packages/sqlalchemy/orm/session.py:2261:
_ _ _ _ _ _ _ _ _ _ _ _ _ _ _ _ _ _ _ _ _ _ _ _ _ _ _ _ _ _ _ _ _ _ _ _ _ _ _ _

self = <sqlalchemy.orm.session.Session object at 0x764db4703150>
engine = Engine(postgresql+asyncpg://neondb_owner:***@ep-autumn-tree-athm4sjs-pooler.c-9.us-east-1.aws.neon.tech/neondb?ssl=require)
execution_options = None, kw = {}

    def _connection_for_bind(
        self,
        engine: _SessionBind,
        execution_options: Optional[CoreExecuteOptionsParameter] = None,
        **kw: Any,
    ) -> Connection:
        TransactionalContext._trans_ctx_check(self)

        trans = self._transaction
        if trans is None:
            trans = self._autobegin_t()
>       return trans._connection_for_bind(engine, execution_options)
               ^^^^^^^^^^^^^^^^^^^^^^^^^^^^^^^^^^^^^^^^^^^^^^^^^^^^^

.venv/lib/python3.13/site-packages/sqlalchemy/orm/session.py:2113:
_ _ _ _ _ _ _ _ _ _ _ _ _ _ _ _ _ _ _ _ _ _ _ _ _ _ _ _ _ _ _ _ _ _ _ _ _ _ _ _

self = <sqlalchemy.orm.session.SessionTransaction object at 0x764db4635090>
bind = Engine(postgresql+asyncpg://neondb_owner:***@ep-autumn-tree-athm4sjs-pooler.c-9.us-east-1.aws.neon.tech/neondb?ssl=require)
execution_options = None

>   ???

<string>:2:
_ _ _ _ _ _ _ _ _ _ _ _ _ _ _ _ _ _ _ _ _ _ _ _ _ _ _ _ _ _ _ _ _ _ _ _ _ _ _ _

fn = <function SessionTransaction._connection_for_bind at 0x764db66ca660>
self = <sqlalchemy.orm.session.SessionTransaction object at 0x764db4635090>
arg = (Engine(postgresql+asyncpg://neondb_owner:***@ep-autumn-tree-athm4sjs-pooler.c-9.us-east-1.aws.neon.tech/neondb?ssl=require), None)
kw = {}

    @util.decorator
    def _go(fn: _F, self: Any, *arg: Any, **kw: Any) -> Any:
        current_state = self._state

        if (
            has_prerequisite_states
            and current_state not in prerequisite_state_collection
        ):
            self._raise_for_prerequisite_state(fn.__name__, current_state)

        next_state = self._next_state
        existing_fn = self._current_fn
        expect_state = moves_to if expect_state_change else current_state

        if (
            # destination states are restricted
            next_state is not _StateChangeStates.ANY
            # method seeks to change state
            and expect_state_change
            # destination state incorrect
            and next_state is not expect_state
        ):
            if existing_fn and next_state in (
                _StateChangeStates.NO_CHANGE,
                _StateChangeStates.CHANGE_IN_PROGRESS,
            ):
                raise sa_exc.IllegalStateChangeError(
                    f"Method '{fn.__name__}()' can't be called here; "
                    f"method '{existing_fn.__name__}()' is already "
                    f"in progress and this would cause an unexpected "
                    f"state change to {moves_to!r}",
                    code="isce",
                )
            else:
                raise sa_exc.IllegalStateChangeError(
                    f"Can't run operation '{fn.__name__}()' here; "
                    f"will move to state {moves_to!r} where we are "
                    f"expecting {next_state!r}",
                    code="isce",
                )

        self._current_fn = fn
        self._next_state = _StateChangeStates.CHANGE_IN_PROGRESS
        try:
>           ret_value = fn(self, *arg, **kw)
                        ^^^^^^^^^^^^^^^^^^^^

.venv/lib/python3.13/site-packages/sqlalchemy/orm/state_changes.py:137:
_ _ _ _ _ _ _ _ _ _ _ _ _ _ _ _ _ _ _ _ _ _ _ _ _ _ _ _ _ _ _ _ _ _ _ _ _ _ _ _

self = <sqlalchemy.orm.session.SessionTransaction object at 0x764db4635090>
bind = Engine(postgresql+asyncpg://neondb_owner:***@ep-autumn-tree-athm4sjs-pooler.c-9.us-east-1.aws.neon.tech/neondb?ssl=require)
execution_options = None

    @_StateChange.declare_states(
        (SessionTransactionState.ACTIVE,), _StateChangeStates.NO_CHANGE
    )
    def _connection_for_bind(
        self,
        bind: _SessionBind,
        execution_options: Optional[CoreExecuteOptionsParameter],
    ) -> Connection:
        if bind in self._connections:
            if execution_options:
                util.warn(
                    "Connection is already established for the "
                    "given bind; execution_options ignored"
                )
            return self._connections[bind][0]

        self._state = SessionTransactionState.PROVISIONING_CONNECTION

        local_connect = False
        should_commit = True

        try:
            if self._parent:
                conn = self._parent._connection_for_bind(
                    bind, execution_options
                )
                if not self.nested:
                    return conn
            else:
                if isinstance(bind, engine.Connection):
                    conn = bind
                    if conn.engine in self._connections:
                        raise sa_exc.InvalidRequestError(
                            "Session already has a Connection associated "
                            "for the given Connection's Engine"
                        )
                else:
>                   conn = bind.connect()
                           ^^^^^^^^^^^^^^

.venv/lib/python3.13/site-packages/sqlalchemy/orm/session.py:1191:
_ _ _ _ _ _ _ _ _ _ _ _ _ _ _ _ _ _ _ _ _ _ _ _ _ _ _ _ _ _ _ _ _ _ _ _ _ _ _ _

self = Engine(postgresql+asyncpg://neondb_owner:***@ep-autumn-tree-athm4sjs-pooler.c-9.us-east-1.aws.neon.tech/neondb?ssl=require)

    def connect(self) -> Connection:
        """Return a new :class:`_engine.Connection` object.

        The :class:`_engine.Connection` acts as a Python context manager, so
        the typical use of this method looks like::

            with engine.connect() as connection:
                connection.execute(text("insert into table values ('foo')"))
                connection.commit()

        Where above, after the block is completed, the connection is "closed"
        and its underlying DBAPI resources are returned to the connection pool.
        This also has the effect of rolling back any transaction that
        was explicitly begun or was begun via autobegin, and will
        emit the :meth:`_events.ConnectionEvents.rollback` event if one was
        started and is still in progress.

        .. seealso::

            :meth:`_engine.Engine.begin`

        """

>       return self._connection_cls(self)
               ^^^^^^^^^^^^^^^^^^^^^^^^^^

.venv/lib/python3.13/site-packages/sqlalchemy/engine/base.py:3295:
_ _ _ _ _ _ _ _ _ _ _ _ _ _ _ _ _ _ _ _ _ _ _ _ _ _ _ _ _ _ _ _ _ _ _ _ _ _ _ _

self = <sqlalchemy.engine.base.Connection object at 0x764db61d3350>
engine = Engine(postgresql+asyncpg://neondb_owner:***@ep-autumn-tree-athm4sjs-pooler.c-9.us-east-1.aws.neon.tech/neondb?ssl=require)
connection = None, _has_events = None, _allow_revalidate = True
_allow_autobegin = True

    def __init__(
        self,
        engine: Engine,
        connection: Optional[PoolProxiedConnection] = None,
        _has_events: Optional[bool] = None,
        _allow_revalidate: bool = True,
        _allow_autobegin: bool = True,
    ):
        """Construct a new Connection."""
        self.engine = engine
        self.dialect = dialect = engine.dialect

        if connection is None:
            try:
>               self._dbapi_connection = engine.raw_connection()
                                         ^^^^^^^^^^^^^^^^^^^^^^^

.venv/lib/python3.13/site-packages/sqlalchemy/engine/base.py:144:
_ _ _ _ _ _ _ _ _ _ _ _ _ _ _ _ _ _ _ _ _ _ _ _ _ _ _ _ _ _ _ _ _ _ _ _ _ _ _ _

self = Engine(postgresql+asyncpg://neondb_owner:***@ep-autumn-tree-athm4sjs-pooler.c-9.us-east-1.aws.neon.tech/neondb?ssl=require)

    def raw_connection(self) -> PoolProxiedConnection:
        """Return a "raw" DBAPI connection from the connection pool.

        The returned object is a proxied version of the DBAPI
        connection object used by the underlying driver in use.
        The object will have all the same behavior as the real DBAPI
        connection, except that its ``close()`` method will result in the
        connection being returned to the pool, rather than being closed
        for real.

        This method provides direct DBAPI connection access for
        special situations when the API provided by
        :class:`_engine.Connection`
        is not needed.   When a :class:`_engine.Connection` object is already
        present, the DBAPI connection is available using
        the :attr:`_engine.Connection.connection` accessor.

        .. seealso::

            :ref:`dbapi_connections`

        """
>       return self.pool.connect()
               ^^^^^^^^^^^^^^^^^^^

.venv/lib/python3.13/site-packages/sqlalchemy/engine/base.py:3319:
_ _ _ _ _ _ _ _ _ _ _ _ _ _ _ _ _ _ _ _ _ _ _ _ _ _ _ _ _ _ _ _ _ _ _ _ _ _ _ _

self = <sqlalchemy.pool.impl.AsyncAdaptedQueuePool object at 0x764db6214050>

    def connect(self) -> PoolProxiedConnection:
        """Return a DBAPI connection from the pool.

        The connection is instrumented such that when its
        ``close()`` method is called, the connection will be returned to
        the pool.

        """
>       return _ConnectionFairy._checkout(self)
               ^^^^^^^^^^^^^^^^^^^^^^^^^^^^^^^^

.venv/lib/python3.13/site-packages/sqlalchemy/pool/base.py:448:
_ _ _ _ _ _ _ _ _ _ _ _ _ _ _ _ _ _ _ _ _ _ _ _ _ _ _ _ _ _ _ _ _ _ _ _ _ _ _ _

cls = <class 'sqlalchemy.pool.base._ConnectionFairy'>
pool = <sqlalchemy.pool.impl.AsyncAdaptedQueuePool object at 0x764db6214050>
threadconns = None

    @classmethod
    def _checkout(
        cls,
        pool: Pool,
        threadconns: Optional[threading.local] = None,
        fairy: Optional[_ConnectionFairy] = None,
    ) -> _ConnectionFairy:
        if not fairy:
            fairy = _ConnectionRecord.checkout(pool)

            if threadconns is not None:
                threadconns.current = weakref.ref(fairy)

        assert (
            fairy._connection_record is not None
        ), "can't 'checkout' a detached connection fairy"
        assert (
            fairy.dbapi_connection is not None
        ), "can't 'checkout' an invalidated connection fairy"

        fairy._counter += 1
        if (
            not pool.dispatch.checkout and not pool._pre_ping
        ) or fairy._counter != 1:
            return fairy

        # Pool listeners can trigger a reconnection on checkout, as well
        # as the pre-pinger.
        # there are three attempts made here, but note that if the database
        # is not accessible from a connection standpoint, those won't proceed
        # here.

        attempts = 2

        while attempts > 0:
            connection_is_fresh = fairy._connection_record.fresh
            fairy._connection_record.fresh = False
            try:
                if pool._pre_ping:
                    if not connection_is_fresh:
                        if fairy._echo:
                            pool.logger.debug(
                                "Pool pre-ping on connection %s",
                                fairy.dbapi_connection,
                            )
                        result = pool._dialect._do_ping_w_event(
                            fairy.dbapi_connection
                        )
                        if not result:
                            if fairy._echo:
                                pool.logger.debug(
                                    "Pool pre-ping on connection %s failed, "
                                    "will invalidate pool",
                                    fairy.dbapi_connection,
                                )
                            raise exc.InvalidatePoolError()
                    elif fairy._echo:
                        pool.logger.debug(
                            "Connection %s is fresh, skipping pre-ping",
                            fairy.dbapi_connection,
                        )

                pool.dispatch.checkout(
                    fairy.dbapi_connection, fairy._connection_record, fairy
                )
                return fairy
            except exc.DisconnectionError as e:
                if e.invalidate_pool:
                    pool.logger.info(
                        "Disconnection detected on checkout, "
                        "invalidating all pooled connections prior to "
                        "current timestamp (reason: %r)",
                        e,
                    )
                    fairy._connection_record.invalidate(e)
                    pool._invalidate(fairy, e, _checkin=False)
                else:
                    pool.logger.info(
                        "Disconnection detected on checkout, "
                        "invalidating individual connection %s (reason: %r)",
                        fairy.dbapi_connection,
                        e,
                    )
                    fairy._connection_record.invalidate(e)
                try:
                    fairy.dbapi_connection = (
                        fairy._connection_record.get_connection()
                    )
                except BaseException as err:
                    with util.safe_reraise():
                        fairy._connection_record._checkin_failed(
                            err,
                            _fairy_was_created=True,
                        )

                        # prevent _ConnectionFairy from being carried
                        # in the stack trace.  Do this after the
                        # connection record has been checked in, so that
                        # if the del triggers a finalize fairy, it won't
                        # try to checkin a second time.
                        del fairy

                    # never called, this is for code linters
                    raise

                attempts -= 1
            except BaseException as be_outer:
>               with util.safe_reraise():
                     ^^^^^^^^^^^^^^^^^^^

.venv/lib/python3.13/site-packages/sqlalchemy/pool/base.py:1371:
_ _ _ _ _ _ _ _ _ _ _ _ _ _ _ _ _ _ _ _ _ _ _ _ _ _ _ _ _ _ _ _ _ _ _ _ _ _ _ _

self = <sqlalchemy.util.langhelpers.safe_reraise object at 0x764db4cbc4c0>
type_ = None, value = None, traceback = None

    def __exit__(
        self,
        type_: Optional[Type[BaseException]],
        value: Optional[BaseException],
        traceback: Optional[types.TracebackType],
    ) -> NoReturn:
        assert self._exc_info is not None
        # see #2703 for notes
        if type_ is None:
            exc_type, exc_value, exc_tb = self._exc_info
            assert exc_value is not None
            self._exc_info = None  # remove potential circular references
>           raise exc_value.with_traceback(exc_tb)

.venv/lib/python3.13/site-packages/sqlalchemy/util/langhelpers.py:122:
_ _ _ _ _ _ _ _ _ _ _ _ _ _ _ _ _ _ _ _ _ _ _ _ _ _ _ _ _ _ _ _ _ _ _ _ _ _ _ _

cls = <class 'sqlalchemy.pool.base._ConnectionFairy'>
pool = <sqlalchemy.pool.impl.AsyncAdaptedQueuePool object at 0x764db6214050>
threadconns = None

    @classmethod
    def _checkout(
        cls,
        pool: Pool,
        threadconns: Optional[threading.local] = None,
        fairy: Optional[_ConnectionFairy] = None,
    ) -> _ConnectionFairy:
        if not fairy:
            fairy = _ConnectionRecord.checkout(pool)

            if threadconns is not None:
                threadconns.current = weakref.ref(fairy)

        assert (
            fairy._connection_record is not None
        ), "can't 'checkout' a detached connection fairy"
        assert (
            fairy.dbapi_connection is not None
        ), "can't 'checkout' an invalidated connection fairy"

        fairy._counter += 1
        if (
            not pool.dispatch.checkout and not pool._pre_ping
        ) or fairy._counter != 1:
            return fairy

        # Pool listeners can trigger a reconnection on checkout, as well
        # as the pre-pinger.
        # there are three attempts made here, but note that if the database
        # is not accessible from a connection standpoint, those won't proceed
        # here.

        attempts = 2

        while attempts > 0:
            connection_is_fresh = fairy._connection_record.fresh
            fairy._connection_record.fresh = False
            try:
                if pool._pre_ping:
                    if not connection_is_fresh:
                        if fairy._echo:
                            pool.logger.debug(
                                "Pool pre-ping on connection %s",
                                fairy.dbapi_connection,
                            )
>                       result = pool._dialect._do_ping_w_event(
                            fairy.dbapi_connection
                        )

.venv/lib/python3.13/site-packages/sqlalchemy/pool/base.py:1309:
_ _ _ _ _ _ _ _ _ _ _ _ _ _ _ _ _ _ _ _ _ _ _ _ _ _ _ _ _ _ _ _ _ _ _ _ _ _ _ _

self = <sqlalchemy.dialects.postgresql.asyncpg.PGDialect_asyncpg object at 0x764db6253b60>
dbapi_connection = <AdaptedConnection <asyncpg.connection.Connection object at 0x764db5f20410>>

    def _do_ping_w_event(self, dbapi_connection: DBAPIConnection) -> bool:
        try:
>           return self.do_ping(dbapi_connection)
                   ^^^^^^^^^^^^^^^^^^^^^^^^^^^^^^

.venv/lib/python3.13/site-packages/sqlalchemy/engine/default.py:729:
_ _ _ _ _ _ _ _ _ _ _ _ _ _ _ _ _ _ _ _ _ _ _ _ _ _ _ _ _ _ _ _ _ _ _ _ _ _ _ _

self = <sqlalchemy.dialects.postgresql.asyncpg.PGDialect_asyncpg object at 0x764db6253b60>
dbapi_connection = <AdaptedConnection <asyncpg.connection.Connection object at 0x764db5f20410>>

    def do_ping(self, dbapi_connection):
>       dbapi_connection.ping()

.venv/lib/python3.13/site-packages/sqlalchemy/dialects/postgresql/asyncpg.py:1164:
_ _ _ _ _ _ _ _ _ _ _ _ _ _ _ _ _ _ _ _ _ _ _ _ _ _ _ _ _ _ _ _ _ _ _ _ _ _ _ _

self = <AdaptedConnection <asyncpg.connection.Connection object at 0x764db5f20410>>

    def ping(self):
        try:
            _ = self.await_(self._async_ping())
        except Exception as error:
>           self._handle_exception(error)

.venv/lib/python3.13/site-packages/sqlalchemy/dialects/postgresql/asyncpg.py:818:
_ _ _ _ _ _ _ _ _ _ _ _ _ _ _ _ _ _ _ _ _ _ _ _ _ _ _ _ _ _ _ _ _ _ _ _ _ _ _ _

self = <AdaptedConnection <asyncpg.connection.Connection object at 0x764db5f20410>>
error = RuntimeError("Task <Task pending name='Task-49' coro=<TestTransactionLifecycle.test_tenant_binding_survives_commit_and...ase_events.py:181]> got Future <Future pending cb=[BaseProtocol._on_waiter_completed()]> attached to a different loop")

    def _handle_exception(self, error):
        if self._connection.is_closed():
            self._transaction = None
            self._started = False

        if not isinstance(error, AsyncAdapt_asyncpg_dbapi.Error):
            exception_mapping = self.dbapi._asyncpg_error_translate

            for super_ in type(error).__mro__:
                if super_ in exception_mapping:
                    translated_error = exception_mapping[super_](
                        "%s: %s" % (type(error), error)
                    )
                    translated_error.pgcode = translated_error.sqlstate = (
                        getattr(error, "sqlstate", None)
                    )
                    raise translated_error from error
            else:
>               raise error

.venv/lib/python3.13/site-packages/sqlalchemy/dialects/postgresql/asyncpg.py:799:
_ _ _ _ _ _ _ _ _ _ _ _ _ _ _ _ _ _ _ _ _ _ _ _ _ _ _ _ _ _ _ _ _ _ _ _ _ _ _ _

self = <AdaptedConnection <asyncpg.connection.Connection object at 0x764db5f20410>>

    def ping(self):
        try:
>           _ = self.await_(self._async_ping())
                ^^^^^^^^^^^^^^^^^^^^^^^^^^^^^^^

.venv/lib/python3.13/site-packages/sqlalchemy/dialects/postgresql/asyncpg.py:816:
_ _ _ _ _ _ _ _ _ _ _ _ _ _ _ _ _ _ _ _ _ _ _ _ _ _ _ _ _ _ _ _ _ _ _ _ _ _ _ _

awaitable = <coroutine object AsyncAdapt_asyncpg_connection._async_ping at 0x764db4c96340>

    def await_only(awaitable: Awaitable[_T]) -> _T:
        """Awaits an async function in a sync method.

        The sync method must be inside a :func:`greenlet_spawn` context.
        :func:`await_only` calls cannot be nested.

        :param awaitable: The coroutine to call.

        """
        # this is called in the context greenlet while running fn
        current = getcurrent()
        if not getattr(current, "__sqlalchemy_greenlet_provider__", False):
            _safe_cancel_awaitable(awaitable)

            raise exc.MissingGreenlet(
                "greenlet_spawn has not been called; can't call await_only() "
                "here. Was IO attempted in an unexpected place?"
            )

        # returns the control to the driver greenlet passing it
        # a coroutine to run. Once the awaitable is done, the driver greenlet
        # switches back to this greenlet with the result of awaitable that is
        # then returned to the caller (or raised as error)
>       return current.parent.switch(awaitable)  # type: ignore[no-any-return,attr-defined] # noqa: E501
               ^^^^^^^^^^^^^^^^^^^^^^^^^^^^^^^^

.venv/lib/python3.13/site-packages/sqlalchemy/util/_concurrency_py3k.py:132:
_ _ _ _ _ _ _ _ _ _ _ _ _ _ _ _ _ _ _ _ _ _ _ _ _ _ _ _ _ _ _ _ _ _ _ _ _ _ _ _

fn = <bound method Session.execute of <sqlalchemy.orm.session.Session object at 0x764db4703150>>
_require_await = False
args = (<sqlalchemy.sql.elements.TextClause object at 0x764db4650fc0>,)
kwargs = {'params': None, 'execution_options': immutabledict({'prebuffer_rows': True}), 'bind_arguments': None}

    async def greenlet_spawn(
        fn: Callable[..., _T],
        *args: Any,
        _require_await: bool = False,
        **kwargs: Any,
    ) -> _T:
        """Runs a sync function ``fn`` in a new greenlet.

        The sync function can then use :func:`await_only` to wait for async
        functions.

        :param fn: The sync callable to call.
        :param \\*args: Positional arguments to pass to the ``fn`` callable.
        :param \\*\\*kwargs: Keyword arguments to pass to the ``fn`` callable.
        """

        result: Any
        context = _AsyncIoGreenlet(fn, getcurrent())
        # runs the function synchronously in gl greenlet. If the execution
        # is interrupted by await_only, context is not dead and result is a
        # coroutine to wait. If the context is dead the function has
        # returned, and its result can be returned.
        switch_occurred = False
        result = context.switch(*args, **kwargs)
        while not context.dead:
            switch_occurred = True
            try:
                # wait for a coroutine from await_only and then return its
                # result back to it.
>               value = await result
                        ^^^^^^^^^^^^

.venv/lib/python3.13/site-packages/sqlalchemy/util/_concurrency_py3k.py:196:
_ _ _ _ _ _ _ _ _ _ _ _ _ _ _ _ _ _ _ _ _ _ _ _ _ _ _ _ _ _ _ _ _ _ _ _ _ _ _ _

self = <AdaptedConnection <asyncpg.connection.Connection object at 0x764db5f20410>>

    async def _async_ping(self):
        if self._transaction is None and self.isolation_level != "autocommit":
            # create a transaction explicitly to support pgbouncer
            # transaction mode.   See #10226
            tr = self._connection.transaction()
>           await tr.start()

.venv/lib/python3.13/site-packages/sqlalchemy/dialects/postgresql/asyncpg.py:825:
_ _ _ _ _ _ _ _ _ _ _ _ _ _ _ _ _ _ _ _ _ _ _ _ _ _ _ _ _ _ _ _ _ _ _ _ _ _ _ _

self = <asyncpg.Transaction state:failed 0x764db4d56dc0>

    @connresource.guarded
    async def start(self):
        """Enter the transaction or savepoint block."""
        self.__check_state_base('start')
        if self._state is TransactionState.STARTED:
            raise apg_errors.InterfaceError(
                'cannot start; the transaction is already started')

        con = self._connection

        if con._top_xact is None:
            if con._protocol.is_in_transaction():
                raise apg_errors.InterfaceError(
                    'cannot use Connection.transaction() in '
                    'a manually started transaction')
            con._top_xact = self
        else:
            # Nested transaction block
            if self._isolation:
                top_xact_isolation = con._top_xact._isolation
                if top_xact_isolation is None:
                    top_xact_isolation = ISOLATION_LEVELS_BY_VALUE[
                        await self._connection.fetchval(
                            'SHOW transaction_isolation;')]
                if self._isolation != top_xact_isolation:
                    raise apg_errors.InterfaceError(
                        'nested transaction has a different isolation level: '
                        'current {!r} != outer {!r}'.format(
                            self._isolation, top_xact_isolation))
            self._nested = True

        if self._nested:
            self._id = con._get_unique_id('savepoint')
            query = 'SAVEPOINT {};'.format(self._id)
        else:
            query = 'BEGIN'
            if self._isolation == 'read_committed':
                query += ' ISOLATION LEVEL READ COMMITTED'
            elif self._isolation == 'read_uncommitted':
                query += ' ISOLATION LEVEL READ UNCOMMITTED'
            elif self._isolation == 'repeatable_read':
                query += ' ISOLATION LEVEL REPEATABLE READ'
            elif self._isolation == 'serializable':
                query += ' ISOLATION LEVEL SERIALIZABLE'
            if self._readonly:
                query += ' READ ONLY'
            if self._deferrable:
                query += ' DEFERRABLE'
            query += ';'

        try:
>           await self._connection.execute(query)

.venv/lib/python3.13/site-packages/asyncpg/transaction.py:146:
_ _ _ _ _ _ _ _ _ _ _ _ _ _ _ _ _ _ _ _ _ _ _ _ _ _ _ _ _ _ _ _ _ _ _ _ _ _ _ _

self = <asyncpg.connection.Connection object at 0x764db5f20410>
query = 'BEGIN;', timeout = None, args = ()

    async def execute(
        self,
        query: str,
        *args,
        timeout: typing.Optional[float]=None,
    ) -> str:
        """Execute an SQL command (or commands).

        This method can execute many SQL commands at once, when no arguments
        are provided.

        Example:

        .. code-block:: pycon

            >>> await con.execute('''
            ...     CREATE TABLE mytab (a int);
            ...     INSERT INTO mytab (a) VALUES (100), (200), (300);
            ... ''')
            INSERT 0 3

            >>> await con.execute('''
            ...     INSERT INTO mytab (a) VALUES ($1), ($2)
            ... ''', 10, 20)
            INSERT 0 2

        :param args: Query arguments.
        :param float timeout: Optional timeout value in seconds.
        :return str: Status of the last SQL command.

        .. versionchanged:: 0.5.4
           Made it possible to pass query arguments.
        """
        self._check_open()

        if not args:
            if self._query_loggers:
                with self._time_and_log(query, args, timeout):
                    result = await self._protocol.query(query, timeout)
            else:
>               result = await self._protocol.query(query, timeout)
                         ^^^^^^^^^^^^^^^^^^^^^^^^^^^^^^^^^^^^^^^^^^

.venv/lib/python3.13/site-packages/asyncpg/connection.py:354:
_ _ _ _ _ _ _ _ _ _ _ _ _ _ _ _ _ _ _ _ _ _ _ _ _ _ _ _ _ _ _ _ _ _ _ _ _ _ _ _

>   return await waiter
E   RuntimeError: Task <Task pending name='Task-49' coro=<TestTransactionLifecycle.test_tenant_binding_survives_commit_and_rollback() running at /home/elsharkawy/Desktop/AginticCustomerSupport/tests/test_rls_integration.py:213> cb=[_run_until_complete_cb() at /home/elsharkawy/miniconda3/lib/python3.13/asyncio/base_events.py:181]> got Future <Future pending cb=[BaseProtocol._on_waiter_completed()]> attached to a different loop

asyncpg/protocol/protocol.pyx:369: RuntimeError
------------------------------ Captured log call -------------------------------
ERROR    sqlalchemy.pool.impl.AsyncAdaptedQueuePool:base.py:377 Exception terminating connection <AdaptedConnection <asyncpg.connection.Connection object at 0x764db5f20410>>
Traceback (most recent call last):
  File "/home/elsharkawy/Desktop/AginticCustomerSupport/.venv/lib/python3.13/site-packages/sqlalchemy/pool/base.py", line 373, in _close_connection
    self._dialect.do_terminate(connection)
    ~~~~~~~~~~~~~~~~~~~~~~~~~~^^^^^^^^^^^^
  File "/home/elsharkawy/Desktop/AginticCustomerSupport/.venv/lib/python3.13/site-packages/sqlalchemy/dialects/postgresql/asyncpg.py", line 1131, in do_terminate
    dbapi_connection.terminate()
    ~~~~~~~~~~~~~~~~~~~~~~~~~~^^
  File "/home/elsharkawy/Desktop/AginticCustomerSupport/.venv/lib/python3.13/site-packages/sqlalchemy/connectors/asyncio.py", line 402, in terminate
    self.await_(asyncio.shield(self._terminate_graceful_close()))  # type: ignore[attr-defined] # noqa: E501
    ~~~~~~~~~~~^^^^^^^^^^^^^^^^^^^^^^^^^^^^^^^^^^^^^^^^^^^^^^^^^^
  File "/home/elsharkawy/Desktop/AginticCustomerSupport/.venv/lib/python3.13/site-packages/sqlalchemy/util/_concurrency_py3k.py", line 132, in await_only
    return current.parent.switch(awaitable)  # type: ignore[no-any-return,attr-defined] # noqa: E501
           ~~~~~~~~~~~~~~~~~~~~~^^^^^^^^^^^
  File "/home/elsharkawy/Desktop/AginticCustomerSupport/.venv/lib/python3.13/site-packages/sqlalchemy/util/_concurrency_py3k.py", line 196, in greenlet_spawn
    value = await result
            ^^^^^^^^^^^^
  File "/home/elsharkawy/Desktop/AginticCustomerSupport/.venv/lib/python3.13/site-packages/sqlalchemy/dialects/postgresql/asyncpg.py", line 912, in _terminate_graceful_close
    await self._connection.close(timeout=2)
  File "/home/elsharkawy/Desktop/AginticCustomerSupport/.venv/lib/python3.13/site-packages/asyncpg/connection.py", line 1513, in close
    await self._protocol.close(timeout)
  File "asyncpg/protocol/protocol.pyx", line 618, in close
    await self.cancel_sent_waiter
RuntimeError: Task <Task pending name='Task-50' coro=<AsyncAdapt_asyncpg_connection._terminate_graceful_close() running at /home/elsharkawy/Desktop/AginticCustomerSupport/.venv/lib/python3.13/site-packages/sqlalchemy/dialects/postgresql/asyncpg.py:912> cb=[shield.<locals>._inner_done_callback() at /home/elsharkawy/miniconda3/lib/python3.13/asyncio/tasks.py:958]> got Future <Future pending> attached to a different loop
---------------------------- Captured log teardown -----------------------------
ERROR    asyncio:base_events.py:1879 Future exception was never retrieved
future: <Future finished exception=InternalClientError('got result for unknown protocol state 3')>
Traceback (most recent call last):
  File "asyncpg/protocol/protocol.pyx", line 892, in asyncpg.protocol.protocol.BaseProtocol._dispatch_result
    raise apg_exc.InternalClientError(
asyncpg.exceptions._base.InternalClientError: got result for unknown protocol state 3
=========================== short test summary info ============================
FAILED tests/test_rls_integration.py::TestRLSSchema::test_phase1_policies_exist_with_correct_using_clause
FAILED tests/test_rls_integration.py::TestCrossTenantIsolation::test_tenant_a_cannot_read_tenant_b_conversations
FAILED tests/test_rls_integration.py::TestCrossTenantIsolation::test_tenant_a_cannot_read_tenant_b_messages
FAILED tests/test_rls_integration.py::TestCrossTenantIsolation::test_unbound_session_sees_all_rows
FAILED tests/test_rls_integration.py::TestTransactionLifecycle::test_tenant_binding_survives_commit_and_rollback
========================= 5 failed, 2 passed in 20.20s =========================
